Loaded 10201 truck distance entries from /Users/huetran/Tu_paper_HueRepo/instance_hanoi/datasets/hanoi_traffic/Hanoi_9_2026/weekday_13segments/set_03/hanoi_10x10_100_set_03_weekday.truck_distance_m.txt
Loaded 10201 drone distance entries from /Users/huetran/Tu_paper_HueRepo/instance_hanoi/datasets/hanoi_traffic/Hanoi_9_2026/weekday_13segments/set_03/hanoi_10x10_100_set_03_weekday.drone_distance_m.txt
Loaded 13 traffic segments from 6h to 18h
Traffic start hour: 12h
Search config: total_iters=9000 (segments=90, segment_iters=100, no_improve=400, time_limit_sec=1800)
=== Starting Unified Tabu Search (Minimizing Active Penalized Score) ===
Initial active score: 15489.3, max_iters=9000, segment_length=100, segments=90
Iter 0 New Best Feasible Makespan: 15179.5
Iter 1 New Best Feasible Makespan: 15043.3
Iter 2 New Best Feasible Makespan: 14993.4
Iter 3 New Best Feasible Makespan: 14848.6
=== End of Segment 1 ===
Best Penalized Fallback Score: 15489.3 with makespan 15489.3
Current Solution Score: 12238.7 with makespan 11614.7
Current mode: Makespan
Average normalized violations: cap=0.0260939, energy=0, deadline=0.00231272
Current Weights, Rewards and Count of neighborhoods: N0: w=1, R=4.8, U=10 | N1: w=1, R=9.3, U=21 | N2: w=1, R=4.4, U=10 | N3: w=1, R=4.2, U=10 | N4: w=1, R=1.7, U=7 | N5: w=1, R=2.6, U=12 | N6: w=1, R=4.4, U=16 | N7: w=1, R=0.4, U=4 | N8: w=1, R=1, U=10 | 
Penalty lambdas: cap=1.01622, energy=0.99005, deadline=0.992342
=== End of Segment 2 ===
Best Penalized Fallback Score: 12147.9 with makespan 11835.2
Current Solution Score: 11665.2 with makespan 11248.5
Current mode: Makespan
Average normalized violations: cap=0.0408813, energy=0, deadline=0.004135
Current Weights, Rewards and Count of neighborhoods: N0: w=0.844, R=3, U=8 | N1: w=0.832857, R=5.9, U=17 | N2: w=0.832, R=5.6, U=18 | N3: w=0.826, R=3.3, U=11 | N4: w=0.772857, R=1.5, U=9 | N5: w=0.765, R=2.8, U=12 | N6: w=0.7825, R=2.6, U=12 | N7: w=0.73, R=0.6, U=6 | N8: w=0.73, R=0.7, U=7 | 
Penalty lambdas: cap=1.0481, energy=0.980199, deadline=0.986539
=== End of Segment 3 ===
Best Penalized Fallback Score: 11639.5 with makespan 11326.7
Current Solution Score: 12812.2 with makespan 10943.7
Current mode: Makespan
Average normalized violations: cap=0.0943972, energy=0, deadline=0.0254333
Current Weights, Rewards and Count of neighborhoods: N0: w=0.7033, R=2.4, U=8 | N1: w=0.687118, R=5.5, U=17 | N2: w=0.675733, R=2.3, U=9 | N3: w=0.6682, R=2.5, U=9 | N4: w=0.591, R=1.3, U=9 | N5: w=0.6055, R=3, U=16 | N6: w=0.61275, R=3.5, U=13 | N7: w=0.541, R=0.7, U=7 | N8: w=0.541, R=1.2, U=12 | 
Switching scoring mode to Workload for the next segment.
Penalty lambdas: cap=1.14039, energy=0.970446, deadline=1.00188
=== End of Segment 4 ===
Best Penalized Fallback Score: 16300.2 with makespan 10581.9
Current Solution Score: 14975.8 with makespan 10973.1
Current mode: Workload
Average normalized violations: cap=0.0448801, energy=0, deadline=0.0172568
Current Weights, Rewards and Count of neighborhoods: N0: w=0.58231, R=7.2, U=16 | N1: w=0.578041, R=2, U=6 | N2: w=0.54968, R=5, U=14 | N3: w=0.551073, R=3.4, U=10 | N4: w=0.457033, R=2.1, U=11 | N5: w=0.4801, R=2.1, U=11 | N6: w=0.509694, R=4.4, U=14 | N7: w=0.4087, R=0.8, U=8 | N8: w=0.4087, R=1, U=10 | 
Switching scoring mode to Makespan for the next segment.
Penalty lambdas: cap=1.18087, energy=0.960789, deadline=1.00918
=== End of Segment 5 ===
Best Penalized Fallback Score: 11368.9 with makespan 11020.8
Current Solution Score: 11367.6 with makespan 10481.8
Current mode: Makespan
Average normalized violations: cap=0.0584546, energy=0, deadline=0.0174492
Current Weights, Rewards and Count of neighborhoods: N0: w=0.542617, R=3.9, U=11 | N1: w=0.504629, R=5.5, U=17 | N2: w=0.491919, R=2.4, U=8 | N3: w=0.487751, R=2.5, U=13 | N4: w=0.377196, R=2.4, U=12 | N5: w=0.393343, R=1.9, U=11 | N6: w=0.451072, R=1.8, U=8 | N7: w=0.31609, R=0.9, U=9 | N8: w=0.31609, R=1.1, U=11 | 
No improvement in feasible makespan for 4 segments, applying perturbation. New makespan: 10085.8
Penalty lambdas: cap=1.2395, energy=0.951229, deadline=1.01673
=== End of Segment 6 ===
Best Penalized Fallback Score: 10686 with makespan 10356.4
Current Solution Score: 11094.5 with makespan 10540.5
Current mode: Makespan
Average normalized violations: cap=0.0993909, energy=0, deadline=0.0165796
Current Weights, Rewards and Count of neighborhoods: N0: w=0.486196, R=8.2, U=22 | N1: w=0.450299, R=5.6, U=16 | N2: w=0.434343, R=2.4, U=8 | N3: w=0.399118, R=3.4, U=14 | N4: w=0.324037, R=1.5, U=9 | N5: w=0.327158, R=2.4, U=12 | N6: w=0.38325, R=2.4, U=8 | N7: w=0.251263, R=0.6, U=6 | N8: w=0.251263, R=0.5, U=5 | 
Penalty lambdas: cap=1.3554, energy=0.941765, deadline=1.02344
=== End of Segment 7 ===
Best Penalized Fallback Score: 10703.1 with makespan 10356.4
Current Solution Score: 11517.5 with makespan 10528.3
Current mode: Makespan
Average normalized violations: cap=0.0452842, energy=0, deadline=0.0206473
Current Weights, Rewards and Count of neighborhoods: N0: w=0.452155, R=4.6, U=14 | N1: w=0.420209, R=4.6, U=16 | N2: w=0.39404, R=2, U=8 | N3: w=0.35224, R=2.8, U=12 | N4: w=0.276826, R=1.8, U=12 | N5: w=0.289011, R=2.3, U=13 | N6: w=0.358275, R=2.4, U=12 | N7: w=0.205884, R=0.8, U=8 | N8: w=0.205884, R=0.5, U=5 | 
Switching scoring mode to Workload for the next segment.
Penalty lambdas: cap=1.40408, energy=0.932394, deadline=1.03439
=== End of Segment 8 ===
Best Penalized Fallback Score: 15133 with makespan 10356.4
Current Solution Score: 14803 with makespan 11021.4
Current mode: Workload
Average normalized violations: cap=0.0175459, energy=0, deadline=0.0128091
Current Weights, Rewards and Count of neighborhoods: N0: w=0.41508, R=8.5, U=21 | N1: w=0.380397, R=5.9, U=15 | N2: w=0.350828, R=4.2, U=14 | N3: w=0.316568, R=1.4, U=8 | N4: w=0.238778, R=1, U=10 | N5: w=0.255384, R=3.5, U=17 | N6: w=0.310793, R=2.1, U=9 | N7: w=0.174119, R=0.2, U=2 | N8: w=0.174119, R=0.4, U=4 | 
Switching scoring mode to Makespan for the next segment.
Penalty lambdas: cap=1.41472, energy=0.923116, deadline=1.0373
=== End of Segment 9 ===
Best Penalized Fallback Score: 11013.2 with makespan 10809.7
Current Solution Score: 10853.7 with makespan 10541.6
Current mode: Makespan
Average normalized violations: cap=0.0161432, energy=0, deadline=0.0161247
Current Weights, Rewards and Count of neighborhoods: N0: w=0.411985, R=6.2, U=20 | N1: w=0.384278, R=5.1, U=15 | N2: w=0.33558, R=1.2, U=4 | N3: w=0.274098, R=4, U=16 | N4: w=0.197145, R=2.5, U=15 | N5: w=0.240534, R=0.8, U=6 | N6: w=0.287555, R=1.6, U=10 | N7: w=0.151883, R=0.9, U=9 | N8: w=0.151883, R=0.5, U=5 | 
No improvement in feasible makespan for 4 segments, applying perturbation. New makespan: 9674.91
Penalty lambdas: cap=1.42343, energy=0.913931, deadline=1.04367
=== End of Segment 10 ===
Best Penalized Fallback Score: 10806.6 with makespan 10526.5
Current Solution Score: 10592.4 with makespan 9864.08
Current mode: Makespan
Average normalized violations: cap=0.0830104, energy=0, deadline=0.0172342
Current Weights, Rewards and Count of neighborhoods: N0: w=0.381389, R=7.6, U=20 | N1: w=0.370994, R=5.4, U=16 | N2: w=0.324906, R=3.8, U=12 | N3: w=0.266868, R=3.5, U=13 | N4: w=0.188001, R=1.7, U=11 | N5: w=0.208374, R=0.9, U=5 | N6: w=0.249288, R=2.9, U=11 | N7: w=0.136318, R=0.6, U=6 | N8: w=0.136318, R=0.6, U=6 | 
Penalty lambdas: cap=1.53125, energy=0.904837, deadline=1.05125
=== End of Segment 11 ===
Best Penalized Fallback Score: 10630.9 with makespan 9864.08
Current Solution Score: 10825.6 with makespan 9937.04
Current mode: Makespan
Average normalized violations: cap=0.0402661, energy=0, deadline=0.015994
Current Weights, Rewards and Count of neighborhoods: N0: w=0.380972, R=4.9, U=15 | N1: w=0.360946, R=6.7, U=21 | N2: w=0.322434, R=3.2, U=10 | N3: w=0.267577, R=1.4, U=8 | N4: w=0.177965, R=1.4, U=10 | N5: w=0.199862, R=2.1, U=11 | N6: w=0.253593, R=2.3, U=13 | N7: w=0.125423, R=0.6, U=6 | N8: w=0.125423, R=0.6, U=6 | 
Switching scoring mode to Workload for the next segment.
Penalty lambdas: cap=1.5783, energy=0.895834, deadline=1.05757
=== End of Segment 12 ===
Best Penalized Fallback Score: 14655 with makespan 9771.57
Current Solution Score: 14683.4 with makespan 10208.7
Current mode: Workload
Average normalized violations: cap=0.023676, energy=0, deadline=0.008415
Current Weights, Rewards and Count of neighborhoods: N0: w=0.364681, R=7.6, U=22 | N1: w=0.348376, R=8.1, U=21 | N2: w=0.321704, R=2.9, U=11 | N3: w=0.239804, R=2.6, U=12 | N4: w=0.166575, R=1.1, U=5 | N5: w=0.197176, R=1.1, U=9 | N6: w=0.230592, R=1.4, U=6 | N7: w=0.117796, R=0.8, U=8 | N8: w=0.117796, R=0.6, U=6 | 
Switching scoring mode to Makespan for the next segment.
Penalty lambdas: cap=1.60003, energy=0.88692, deadline=1.0559
=== End of Segment 13 ===
Best Penalized Fallback Score: 10546 with makespan 10279.6
Current Solution Score: 10760.6 with makespan 10277.4
Current mode: Makespan
Average normalized violations: cap=0.0262977, energy=0, deadline=0.0151403
Current Weights, Rewards and Count of neighborhoods: N0: w=0.358913, R=6, U=18 | N1: w=0.359578, R=5.3, U=17 | N2: w=0.304284, R=3.6, U=14 | N3: w=0.232863, R=1.4, U=6 | N4: w=0.182603, R=1.7, U=11 | N5: w=0.17469, R=2, U=16 | N6: w=0.231414, R=2.1, U=9 | N7: w=0.112457, R=0.4, U=4 | N8: w=0.112457, R=0.5, U=5 | 
No improvement in feasible makespan for 4 segments, applying perturbation. New makespan: 10308.8
Penalty lambdas: cap=1.62632, energy=0.878095, deadline=1.06134
=== End of Segment 14 ===
Best Penalized Fallback Score: 10191.7 with makespan 9829.94
Current Solution Score: 10586.9 with makespan 10140.5
Current mode: Makespan
Average normalized violations: cap=0.0463139, energy=0, deadline=0.0193508
Current Weights, Rewards and Count of neighborhoods: N0: w=0.351239, R=5.5, U=13 | N1: w=0.345234, R=7.4, U=18 | N2: w=0.290141, R=2.1, U=9 | N3: w=0.233004, R=2.8, U=14 | N4: w=0.174185, R=1.6, U=10 | N5: w=0.159783, R=1.1, U=5 | N6: w=0.23199, R=3.8, U=16 | N7: w=0.10872, R=0.8, U=8 | N8: w=0.10872, R=0.9, U=7 | 
Penalty lambdas: cap=1.68647, energy=0.869358, deadline=1.07131
=== End of Segment 15 ===
Best Penalized Fallback Score: 10201.3 with makespan 9829.94
Current Solution Score: 10465.4 with makespan 10136.6
Current mode: Makespan
Average normalized violations: cap=0.0179854, energy=0, deadline=0.0155985
Current Weights, Rewards and Count of neighborhoods: N0: w=0.37279, R=5, U=14 | N1: w=0.364997, R=6.6, U=22 | N2: w=0.273099, R=3.7, U=15 | N3: w=0.223103, R=2.3, U=9 | N4: w=0.16993, R=1.2, U=10 | N5: w=0.177848, R=1.6, U=10 | N6: w=0.233643, R=2.4, U=10 | N7: w=0.106104, R=0.4, U=4 | N8: w=0.114675, R=0.8, U=6 | 
Switching scoring mode to Workload for the next segment.
Penalty lambdas: cap=1.69999, energy=0.860708, deadline=1.07732
=== End of Segment 16 ===
Best Penalized Fallback Score: 14421.4 with makespan 9829.94
Current Solution Score: 14240.3 with makespan 10684.7
Current mode: Workload
Average normalized violations: cap=0.00522615, energy=0, deadline=0.00840702
Current Weights, Rewards and Count of neighborhoods: N0: w=0.368096, R=7.1, U=19 | N1: w=0.345498, R=7.6, U=20 | N2: w=0.265169, R=3.1, U=11 | N3: w=0.232839, R=2.3, U=9 | N4: w=0.154951, R=1.1, U=9 | N5: w=0.172494, R=1.4, U=8 | N6: w=0.23555, R=1.6, U=14 | N7: w=0.104273, R=0.7, U=7 | N8: w=0.120273, R=0.3, U=3 | 
Switching scoring mode to Makespan for the next segment.
Penalty lambdas: cap=1.69189, energy=0.852144, deadline=1.07561
=== End of Segment 17 ===
Best Penalized Fallback Score: 10416.5 with makespan 10301.4
Current Solution Score: 10547.5 with makespan 10249
Current mode: Makespan
Average normalized violations: cap=0.0198991, energy=0, deadline=0.0172171
Current Weights, Rewards and Count of neighborhoods: N0: w=0.369773, R=4.2, U=14 | N1: w=0.355849, R=5.6, U=16 | N2: w=0.270164, R=3.4, U=14 | N3: w=0.239654, R=2.1, U=11 | N4: w=0.145132, R=1.7, U=11 | N5: w=0.173246, R=2, U=10 | N6: w=0.199171, R=2.7, U=13 | N7: w=0.102991, R=0.4, U=4 | N8: w=0.114191, R=0.7, U=7 | 
No improvement in feasible makespan for 4 segments, applying perturbation. New makespan: 9991.59
Penalty lambdas: cap=1.70872, energy=0.843665, deadline=1.0834
=== End of Segment 18 ===
Best Penalized Fallback Score: 10309.9 with makespan 10110.7
Current Solution Score: 11922.6 with makespan 10016.6
Current mode: Makespan
Average normalized violations: cap=0.0716227, energy=0, deadline=0.0161688
Current Weights, Rewards and Count of neighborhoods: N0: w=0.348841, R=3.8, U=10 | N1: w=0.354094, R=8, U=20 | N2: w=0.261972, R=7.5, U=25 | N3: w=0.22503, R=3.1, U=11 | N4: w=0.147956, R=0.1, U=1 | N5: w=0.181272, R=1.8, U=10 | N6: w=0.201727, R=2.6, U=10 | N7: w=0.102094, R=0.6, U=6 | N8: w=0.109934, R=0.7, U=7 | 
Penalty lambdas: cap=1.81733, energy=0.83527, deadline=1.0901
=== End of Segment 19 ===
Best Penalized Fallback Score: 10314.3 with makespan 10110.7
Current Solution Score: 10536.8 with makespan 10097.4
Current mode: Makespan
Average normalized violations: cap=0.0482004, energy=0, deadline=0.0140161
Current Weights, Rewards and Count of neighborhoods: N0: w=0.358189, R=7.5, U=21 | N1: w=0.367866, R=7.9, U=23 | N2: w=0.27338, R=2.8, U=12 | N3: w=0.242067, R=4.1, U=13 | N4: w=0.133569, R=0.3, U=3 | N5: w=0.18089, R=1.5, U=9 | N6: w=0.219209, R=1.3, U=7 | N7: w=0.101466, R=0.6, U=6 | N8: w=0.106954, R=0.8, U=6 | 
Switching scoring mode to Workload for the next segment.
Penalty lambdas: cap=1.8881, energy=0.826959, deadline=1.09449
=== End of Segment 20 ===
Best Penalized Fallback Score: 14571.6 with makespan 10110.7
Current Solution Score: 14581.3 with makespan 10224.2
Current mode: Workload
Average normalized violations: cap=0.00814745, energy=0, deadline=0.00984371
Current Weights, Rewards and Count of neighborhoods: N0: w=0.357875, R=7.3, U=19 | N1: w=0.36055, R=7, U=18 | N2: w=0.261366, R=3.2, U=14 | N3: w=0.264062, R=3, U=16 | N4: w=0.123499, R=0.8, U=6 | N5: w=0.176623, R=1.4, U=8 | N6: w=0.209161, R=0.5, U=5 | N7: w=0.101026, R=0.4, U=4 | N8: w=0.114868, R=1, U=10 | 
Switching scoring mode to Makespan for the next segment.
Penalty lambdas: cap=1.8846, energy=0.818731, deadline=1.09432
=== End of Segment 21 ===
Best Penalized Fallback Score: 10812.7 with makespan 10702.6
Current Solution Score: 10793.1 with makespan 9925.83
Current mode: Makespan
Average normalized violations: cap=0.0238284, energy=0, deadline=0.0134631
Current Weights, Rewards and Count of neighborhoods: N0: w=0.365776, R=5.6, U=20 | N1: w=0.369051, R=5.4, U=22 | N2: w=0.251528, R=1.5, U=9 | N3: w=0.241093, R=2.5, U=15 | N4: w=0.126449, R=1.1, U=7 | N5: w=0.176136, R=1.7, U=7 | N6: w=0.176412, R=0.9, U=5 | N7: w=0.100718, R=0.9, U=9 | N8: w=0.110407, R=0.6, U=6 | 
No improvement in feasible makespan for 4 segments, applying perturbation. New makespan: 10272
Penalty lambdas: cap=1.91084, energy=0.810584, deadline=1.09812
=== End of Segment 22 ===
Best Penalized Fallback Score: 10216.5 with makespan 9992.56
Current Solution Score: 10252.9 with makespan 9927.38
Current mode: Makespan
Average normalized violations: cap=0.04974, energy=0, deadline=0.0178902
Current Weights, Rewards and Count of neighborhoods: N0: w=0.340043, R=7.2, U=18 | N1: w=0.331972, R=8.2, U=22 | N2: w=0.226069, R=4.6, U=14 | N3: w=0.218765, R=1.3, U=7 | N4: w=0.135657, R=1.5, U=11 | N5: w=0.196153, R=1.6, U=10 | N6: w=0.177489, R=1.9, U=7 | N7: w=0.100503, R=0.6, U=6 | N8: w=0.107285, R=0.5, U=5 | 
Penalty lambdas: cap=1.98831, energy=0.802519, deadline=1.10682
=== End of Segment 23 ===
Best Penalized Fallback Score: 10192 with makespan 9973.72
Current Solution Score: 10339.4 with makespan 10125.5
Current mode: Makespan
Average normalized violations: cap=0.0137769, energy=0, deadline=0.0179802
Current Weights, Rewards and Count of neighborhoods: N0: w=0.35803, R=6.2, U=22 | N1: w=0.344199, R=4.8, U=18 | N2: w=0.25682, R=2.1, U=13 | N3: w=0.20885, R=2.3, U=13 | N4: w=0.135869, R=1.2, U=8 | N5: w=0.185307, R=0.7, U=5 | N6: w=0.205671, R=1.6, U=10 | N7: w=0.100352, R=0.5, U=5 | N8: w=0.1051, R=0.6, U=6 | 
Switching scoring mode to Workload for the next segment.
Penalty lambdas: cap=1.99583, energy=0.794534, deadline=1.11568
=== End of Segment 24 ===
Best Penalized Fallback Score: 14407.9 with makespan 9926.89
Current Solution Score: 14306.1 with makespan 10602.6
Current mode: Workload
Average normalized violations: cap=0.00268077, energy=0, deadline=0.00663793
Current Weights, Rewards and Count of neighborhoods: N0: w=0.335166, R=5.6, U=16 | N1: w=0.320939, R=6.6, U=18 | N2: w=0.228236, R=2.9, U=13 | N3: w=0.199272, R=1.8, U=12 | N4: w=0.140108, R=1.6, U=10 | N5: w=0.171715, R=2, U=12 | N6: w=0.191969, R=1.2, U=8 | N7: w=0.100246, R=0.4, U=4 | N8: w=0.10357, R=0.7, U=7 | 
Switching scoring mode to Makespan for the next segment.
Penalty lambdas: cap=1.98128, energy=0.786628, deadline=1.11194
=== End of Segment 25 ===
Best Penalized Fallback Score: 10991.1 with makespan 10953.6
Current Solution Score: 10239 with makespan 10053.2
Current mode: Makespan
Average normalized violations: cap=0.00542958, energy=0, deadline=0.0155864
Current Weights, Rewards and Count of neighborhoods: N0: w=0.339617, R=6.3, U=19 | N1: w=0.334657, R=6.1, U=15 | N2: w=0.226688, R=4.6, U=18 | N3: w=0.18449, R=1.8, U=12 | N4: w=0.146076, R=0.8, U=6 | N5: w=0.1702, R=1.1, U=9 | N6: w=0.179379, R=2.3, U=11 | N7: w=0.100172, R=0.4, U=4 | N8: w=0.102499, R=0.6, U=6 | 
No improvement in feasible makespan for 4 segments, applying perturbation. New makespan: 10031.5
Penalty lambdas: cap=1.97224, energy=0.778801, deadline=1.11817
=== End of Segment 26 ===
Best Penalized Fallback Score: 10091.5 with makespan 9924.03
Current Solution Score: 10361 with makespan 9866.27
Current mode: Makespan
Average normalized violations: cap=0.0352497, energy=0, deadline=0.0163329
Current Weights, Rewards and Count of neighborhoods: N0: w=0.337205, R=10.8, U=28 | N1: w=0.35626, R=7.6, U=20 | N2: w=0.235348, R=2.2, U=10 | N3: w=0.174143, R=2.1, U=11 | N4: w=0.142253, R=0.4, U=2 | N5: w=0.155807, R=0.6, U=6 | N6: w=0.188292, R=2, U=8 | N7: w=0.100121, R=1, U=10 | N8: w=0.101749, R=0.5, U=5 | 
Penalty lambdas: cap=2.02268, energy=0.771052, deadline=1.12527
=== End of Segment 27 ===
Best Penalized Fallback Score: 10092.9 with makespan 9924.03
Current Solution Score: 11249.3 with makespan 10154
Current mode: Makespan
Average normalized violations: cap=0.0342715, energy=0, deadline=0.0150858
Current Weights, Rewards and Count of neighborhoods: N0: w=0.351758, R=5, U=18 | N1: w=0.363382, R=4.6, U=16 | N2: w=0.230744, R=2.1, U=13 | N3: w=0.179173, R=1.3, U=9 | N4: w=0.159577, R=1.9, U=13 | N5: w=0.139065, R=1.6, U=12 | N6: w=0.206805, R=1.7, U=9 | N7: w=0.100084, R=0.2, U=2 | N8: w=0.101224, R=0.8, U=8 | 
Switching scoring mode to Workload for the next segment.
Penalty lambdas: cap=2.07237, energy=0.763379, deadline=1.13101
=== End of Segment 28 ===
Best Penalized Fallback Score: 14270.4 with makespan 9924.03
Current Solution Score: 14770 with makespan 10515.2
Current mode: Workload
Average normalized violations: cap=0.011688, energy=0, deadline=0.00942008
Current Weights, Rewards and Count of neighborhoods: N0: w=0.329564, R=11, U=28 | N1: w=0.340617, R=5.6, U=22 | N2: w=0.209982, R=3.3, U=11 | N3: w=0.168754, R=1.3, U=9 | N4: w=0.15555, R=1, U=6 | N5: w=0.137345, R=0.7, U=5 | N6: w=0.20143, R=3.3, U=15 | N7: w=0.100059, R=0.1, U=1 | N8: w=0.100857, R=0.7, U=3 | 
Switching scoring mode to Makespan for the next segment.
Penalty lambdas: cap=2.07587, energy=0.755784, deadline=1.13035
=== End of Segment 29 ===
Best Penalized Fallback Score: 10797.5 with makespan 10597.9
Current Solution Score: 11309.2 with makespan 10235.1
Current mode: Makespan
Average normalized violations: cap=0.0285951, energy=0, deadline=0.0145237
Current Weights, Rewards and Count of neighborhoods: N0: w=0.348552, R=6.2, U=20 | N1: w=0.314796, R=5.7, U=19 | N2: w=0.236988, R=2.8, U=10 | N3: w=0.161461, R=1.6, U=8 | N4: w=0.158885, R=1.9, U=13 | N5: w=0.138142, R=1.6, U=8 | N6: w=0.207001, R=1.3, U=7 | N7: w=0.100041, R=0.6, U=6 | N8: w=0.1406, R=0.9, U=9 | 
No improvement in feasible makespan for 4 segments, applying perturbation. New makespan: 11093.6
Penalty lambdas: cap=2.11483, energy=0.748264, deadline=1.13548
=== End of Segment 30 ===
Best Penalized Fallback Score: 10344.4 with makespan 9929.26
Current Solution Score: 10943.8 with makespan 10554.5
Current mode: Makespan
Average normalized violations: cap=0.0255522, energy=0, deadline=0.016882
Current Weights, Rewards and Count of neighborhoods: N0: w=0.336986, R=7.3, U=21 | N1: w=0.310357, R=6.7, U=17 | N2: w=0.249891, R=3.4, U=10 | N3: w=0.173023, R=2.5, U=11 | N4: w=0.155066, R=1.4, U=8 | N5: w=0.156699, R=1.4, U=8 | N6: w=0.200615, R=1.9, U=13 | N7: w=0.100029, R=0.9, U=9 | N8: w=0.12842, R=0.3, U=3 | 
Penalty lambdas: cap=2.14798, energy=0.740818, deadline=1.14332
=== End of Segment 31 ===
Best Penalized Fallback Score: 10349.6 with makespan 9929.26
Current Solution Score: 12503.6 with makespan 10843.5
Current mode: Makespan
Average normalized violations: cap=0.0619804, energy=0, deadline=0.0157041
Current Weights, Rewards and Count of neighborhoods: N0: w=0.340176, R=5.6, U=16 | N1: w=0.335485, R=4.8, U=14 | N2: w=0.276924, R=2.4, U=10 | N3: w=0.189298, R=3.3, U=13 | N4: w=0.161046, R=1.7, U=9 | N5: w=0.162189, R=1.3, U=7 | N6: w=0.184277, R=2, U=10 | N7: w=0.10002, R=0.8, U=8 | N8: w=0.119894, R=1.3, U=13 | 
Switching scoring mode to Workload for the next segment.
Penalty lambdas: cap=2.26259, energy=0.733447, deadline=1.14986
=== End of Segment 32 ===
Best Penalized Fallback Score: 14606.4 with makespan 9929.26
Current Solution Score: 14489.9 with makespan 11077.4
Current mode: Workload
Average normalized violations: cap=0.0134952, energy=0, deadline=0.0101342
Current Weights, Rewards and Count of neighborhoods: N0: w=0.343123, R=5.6, U=14 | N1: w=0.337697, R=10.1, U=23 | N2: w=0.265847, R=2.2, U=10 | N3: w=0.208662, R=3.1, U=11 | N4: w=0.169399, R=1.2, U=8 | N5: w=0.169247, R=2.5, U=13 | N6: w=0.188994, R=2.5, U=15 | N7: w=0.100014, R=0.3, U=3 | N8: w=0.113926, R=0.3, U=3 | 
Switching scoring mode to Makespan for the next segment.
Penalty lambdas: cap=2.27051, energy=0.726149, deadline=1.15001
=== End of Segment 33 ===
Best Penalized Fallback Score: 11289 with makespan 11077.4
Current Solution Score: 10620.3 with makespan 10312.7
Current mode: Makespan
Average normalized violations: cap=0.0113634, energy=0, deadline=0.0198948
Current Weights, Rewards and Count of neighborhoods: N0: w=0.360186, R=5.9, U=19 | N1: w=0.368127, R=7.4, U=20 | N2: w=0.252093, R=2.5, U=13 | N3: w=0.230609, R=2.4, U=14 | N4: w=0.163579, R=0.6, U=6 | N5: w=0.176165, R=1.4, U=6 | N6: w=0.182296, R=1.1, U=7 | N7: w=0.10001, R=0.6, U=6 | N8: w=0.109748, R=1.3, U=9 | 
No improvement in feasible makespan for 4 segments, applying perturbation. New makespan: 10071.1
Penalty lambdas: cap=2.27361, energy=0.718924, deadline=1.16145
=== End of Segment 34 ===
Best Penalized Fallback Score: 10392.7 with makespan 10131.8
Current Solution Score: 11072.3 with makespan 10196.5
Current mode: Makespan
Average normalized violations: cap=0.0653998, energy=0, deadline=0.0140388
Current Weights, Rewards and Count of neighborhoods: N0: w=0.345288, R=8.3, U=23 | N1: w=0.368689, R=4, U=12 | N2: w=0.234157, R=3.1, U=13 | N3: w=0.212855, R=3.3, U=13 | N4: w=0.144505, R=1, U=6 | N5: w=0.193316, R=2.5, U=13 | N6: w=0.17475, R=2.1, U=5 | N7: w=0.100007, R=0.8, U=8 | N8: w=0.120157, R=1.1, U=7 | 
Penalty lambdas: cap=2.40312, energy=0.71177, deadline=1.16615
=== End of Segment 35 ===
Best Penalized Fallback Score: 10349.1 with makespan 10009.3
Current Solution Score: 10486.4 with makespan 10217.2
Current mode: Makespan
Average normalized violations: cap=0.0212744, energy=0, deadline=0.0176638
Current Weights, Rewards and Count of neighborhoods: N0: w=0.349963, R=6.7, U=19 | N1: w=0.358082, R=4.9, U=17 | N2: w=0.235449, R=2.4, U=10 | N3: w=0.225152, R=4.7, U=15 | N4: w=0.151154, R=1.5, U=11 | N5: w=0.193013, R=2.5, U=11 | N6: w=0.248325, R=1.8, U=10 | N7: w=0.100005, R=0.4, U=4 | N8: w=0.131253, R=0.3, U=3 | 
Switching scoring mode to Workload for the next segment.
Penalty lambdas: cap=2.43037, energy=0.704688, deadline=1.17512
=== End of Segment 36 ===
Best Penalized Fallback Score: 14635 with makespan 10039.3
Current Solution Score: 14326.1 with makespan 10701.7
Current mode: Workload
Average normalized violations: cap=0.00453193, energy=0, deadline=0.00663266
Current Weights, Rewards and Count of neighborhoods: N0: w=0.350763, R=5.5, U=15 | N1: w=0.337128, R=6.8, U=18 | N2: w=0.236814, R=2.5, U=9 | N3: w=0.251607, R=4.5, U=21 | N4: w=0.146717, R=0.6, U=4 | N5: w=0.203291, R=2.1, U=11 | N6: w=0.227827, R=1.5, U=7 | N7: w=0.100003, R=0.9, U=9 | N8: w=0.121877, R=0.6, U=6 | 
Switching scoring mode to Makespan for the next segment.
Penalty lambdas: cap=2.41711, energy=0.697676, deadline=1.17117
=== End of Segment 37 ===
Best Penalized Fallback Score: 10907.3 with makespan 10825.1
Current Solution Score: 10776.4 with makespan 10423
Current mode: Makespan
Average normalized violations: cap=0.0161431, energy=0, deadline=0.0144224
Current Weights, Rewards and Count of neighborhoods: N0: w=0.355534, R=4, U=12 | N1: w=0.349323, R=6.3, U=21 | N2: w=0.249103, R=3.3, U=13 | N3: w=0.24041, R=3.1, U=15 | N4: w=0.147702, R=1.4, U=8 | N5: w=0.199576, R=1.8, U=8 | N6: w=0.223765, R=1.8, U=10 | N7: w=0.100002, R=0.5, U=5 | N8: w=0.115314, R=0.8, U=8 | 
No improvement in feasible makespan for 4 segments, applying perturbation. New makespan: 10440.8
Penalty lambdas: cap=2.43201, energy=0.690734, deadline=1.17636
=== End of Segment 38 ===
Best Penalized Fallback Score: 10343 with makespan 10156.7
Current Solution Score: 11147.8 with makespan 10555.4
Current mode: Makespan
Average normalized violations: cap=0.0404177, energy=0, deadline=0.0195454
Current Weights, Rewards and Count of neighborhoods: N0: w=0.348874, R=5.4, U=16 | N1: w=0.334526, R=4.9, U=15 | N2: w=0.250526, R=3.5, U=11 | N3: w=0.230287, R=2.3, U=11 | N4: w=0.155891, R=2.8, U=12 | N5: w=0.207204, R=1.2, U=8 | N6: w=0.210635, R=2.2, U=12 | N7: w=0.100002, R=0.7, U=7 | N8: w=0.11072, R=0.8, U=8 | 
Penalty lambdas: cap=2.50712, energy=0.683861, deadline=1.18764
=== End of Segment 39 ===
Best Penalized Fallback Score: 10345 with makespan 10156.7
Current Solution Score: 10592.7 with makespan 10360.4
Current mode: Makespan
Average normalized violations: cap=0.00904524, energy=0, deadline=0.0191248
Current Weights, Rewards and Count of neighborhoods: N0: w=0.345462, R=7.7, U=23 | N1: w=0.332168, R=4.9, U=15 | N2: w=0.270823, R=2.4, U=12 | N3: w=0.223928, R=3.3, U=13 | N4: w=0.179124, R=1.7, U=11 | N5: w=0.190042, R=1.6, U=8 | N6: w=0.202445, R=2.7, U=11 | N7: w=0.100001, R=0.4, U=4 | N8: w=0.107504, R=0.3, U=3 | 
Switching scoring mode to Workload for the next segment.
Penalty lambdas: cap=2.50473, energy=0.677057, deadline=1.19853
=== End of Segment 40 ===
Best Penalized Fallback Score: 14628.4 with makespan 10156.7
Current Solution Score: 14610.7 with makespan 10860.2
Current mode: Workload
Average normalized violations: cap=0.000859159, energy=0, deadline=0.00809197
Current Weights, Rewards and Count of neighborhoods: N0: w=0.342258, R=9, U=24 | N1: w=0.330518, R=5.8, U=14 | N2: w=0.249576, R=2.5, U=9 | N3: w=0.232904, R=3.3, U=13 | N4: w=0.17175, R=1.3, U=9 | N5: w=0.19303, R=2.4, U=12 | N6: w=0.215348, R=2.2, U=14 | N7: w=0.100001, R=0.3, U=3 | N8: w=0.105253, R=0.2, U=2 | 
Switching scoring mode to Makespan for the next segment.
Penalty lambdas: cap=2.48194, energy=0.67032, deadline=1.19625
=== End of Segment 41 ===
Best Penalized Fallback Score: 10995.4 with makespan 10898.7
Current Solution Score: 10693.1 with makespan 10315.3
Current mode: Makespan
Average normalized violations: cap=0.0121176, energy=0, deadline=0.0186684
Current Weights, Rewards and Count of neighborhoods: N0: w=0.352081, R=4.8, U=14 | N1: w=0.355648, R=5.6, U=16 | N2: w=0.258036, R=2.8, U=10 | N3: w=0.239186, R=2.2, U=10 | N4: w=0.163559, R=0.9, U=7 | N5: w=0.195121, R=2.8, U=12 | N6: w=0.197886, R=1.8, U=12 | N7: w=0.100001, R=1, U=10 | N8: w=0.103677, R=1.1, U=9 | 
No improvement in feasible makespan for 4 segments, applying perturbation. New makespan: 10493
Penalty lambdas: cap=2.4872, energy=0.66365, deadline=1.20666
=== End of Segment 42 ===
Best Penalized Fallback Score: 10439.4 with makespan 10110.2
Current Solution Score: 10625.1 with makespan 10031.3
Current mode: Makespan
Average normalized violations: cap=0.029913, energy=0, deadline=0.0209979
Current Weights, Rewards and Count of neighborhoods: N0: w=0.349314, R=6.8, U=18 | N1: w=0.353954, R=4.6, U=14 | N2: w=0.264626, R=2.6, U=10 | N3: w=0.23343, R=2.3, U=11 | N4: w=0.153062, R=2.6, U=12 | N5: w=0.206585, R=2.6, U=12 | N6: w=0.18352, R=1.8, U=8 | N7: w=0.1, R=0.7, U=7 | N8: w=0.10924, R=0.8, U=8 | 
Penalty lambdas: cap=2.53722, energy=0.657047, deadline=1.22
=== End of Segment 43 ===
Best Penalized Fallback Score: 10442.6 with makespan 9996.14
Current Solution Score: 10852.5 with makespan 10386.2
Current mode: Makespan
Average normalized violations: cap=0.0373151, energy=0, deadline=0.0153506
Current Weights, Rewards and Count of neighborhoods: N0: w=0.357853, R=4.8, U=14 | N1: w=0.346339, R=4.1, U=13 | N2: w=0.263238, R=3.7, U=17 | N3: w=0.226129, R=2.9, U=15 | N4: w=0.172144, R=1.9, U=11 | N5: w=0.209609, R=1.8, U=10 | N6: w=0.195964, R=1.9, U=11 | N7: w=0.1, R=0.2, U=2 | N8: w=0.106468, R=0.7, U=7 | 
Switching scoring mode to Workload for the next segment.
Penalty lambdas: cap=2.60748, energy=0.650509, deadline=1.22655
=== End of Segment 44 ===
Best Penalized Fallback Score: 14557.8 with makespan 10023.9
Current Solution Score: 14660.3 with makespan 10424.5
Current mode: Workload
Average normalized violations: cap=0.00494282, energy=0, deadline=0.0108498
Current Weights, Rewards and Count of neighborhoods: N0: w=0.353354, R=7.2, U=22 | N1: w=0.337053, R=4.8, U=14 | N2: w=0.249561, R=3.7, U=13 | N3: w=0.21629, R=2, U=12 | N4: w=0.172319, R=0.5, U=5 | N5: w=0.200726, R=1.2, U=10 | N6: w=0.188993, R=2.1, U=13 | N7: w=0.1, R=0.6, U=6 | N8: w=0.104528, R=0.5, U=5 | 
Switching scoring mode to Makespan for the next segment.
Penalty lambdas: cap=2.59433, energy=0.644036, deadline=1.22759
=== End of Segment 45 ===
Best Penalized Fallback Score: 10614.8 with makespan 10477.3
Current Solution Score: 10838.2 with makespan 10449.7
Current mode: Makespan
Average normalized violations: cap=0.0219536, energy=0, deadline=0.0134742
Current Weights, Rewards and Count of neighborhoods: N0: w=0.34553, R=5, U=16 | N1: w=0.338794, R=3.4, U=18 | N2: w=0.260077, R=3.6, U=18 | N3: w=0.201403, R=2.5, U=19 | N4: w=0.150623, R=0.2, U=2 | N5: w=0.176509, R=0.7, U=7 | N6: w=0.180757, R=1.8, U=10 | N7: w=0.1, R=0.1, U=1 | N8: w=0.103169, R=0.9, U=9 | 
No improvement in feasible makespan for 4 segments, applying perturbation. New makespan: 10494.9
Penalty lambdas: cap=2.62553, energy=0.637628, deadline=1.23187
=== End of Segment 46 ===
Best Penalized Fallback Score: 10306.2 with makespan 9941.4
Current Solution Score: 12639.9 with makespan 10065.9
Current mode: Makespan
Average normalized violations: cap=0.0297284, energy=0, deadline=0.0197956
Current Weights, Rewards and Count of neighborhoods: N0: w=0.335621, R=6, U=16 | N1: w=0.293822, R=5.8, U=20 | N2: w=0.242054, R=4.1, U=15 | N3: w=0.180456, R=2.8, U=14 | N4: w=0.135436, R=1.3, U=9 | N5: w=0.153556, R=0.1, U=1 | N6: w=0.18053, R=2, U=12 | N7: w=0.1, R=0.9, U=9 | N8: w=0.102219, R=0.4, U=4 | 
Penalty lambdas: cap=2.67784, energy=0.631284, deadline=1.24399
=== End of Segment 47 ===
Best Penalized Fallback Score: 10311.5 with makespan 9941.4
Current Solution Score: 14849.9 with makespan 10364.6
Current mode: Makespan
Average normalized violations: cap=0.0332932, energy=0, deadline=0.0160686
Current Weights, Rewards and Count of neighborhoods: N0: w=0.347435, R=6.8, U=16 | N1: w=0.292676, R=5.7, U=15 | N2: w=0.251438, R=3.2, U=14 | N3: w=0.186319, R=3.8, U=16 | N4: w=0.138139, R=1.5, U=11 | N5: w=0.137489, R=2.1, U=9 | N6: w=0.176371, R=1, U=10 | N7: w=0.1, R=0.2, U=2 | N8: w=0.101553, R=0.7, U=7 | 
Switching scoring mode to Workload for the next segment.
Penalty lambdas: cap=2.74095, energy=0.625002, deadline=1.25156
=== End of Segment 48 ===
Best Penalized Fallback Score: 14359.9 with makespan 9975.34
Current Solution Score: 14670.2 with makespan 10890.6
Current mode: Workload
Average normalized violations: cap=0.0131835, energy=0, deadline=0.0112816
Current Weights, Rewards and Count of neighborhoods: N0: w=0.370704, R=10, U=24 | N1: w=0.318873, R=4.5, U=11 | N2: w=0.244578, R=4.8, U=14 | N3: w=0.201673, R=2.6, U=14 | N4: w=0.137606, R=2.1, U=11 | N5: w=0.166242, R=1.2, U=8 | N6: w=0.15346, R=1.2, U=6 | N7: w=0.1, R=0.5, U=5 | N8: w=0.101087, R=0.9, U=7 | 
Switching scoring mode to Makespan for the next segment.
Penalty lambdas: cap=2.74969, energy=0.618783, deadline=1.25317
=== End of Segment 49 ===
Best Penalized Fallback Score: 10936.4 with makespan 10776.2
Current Solution Score: 10842.3 with makespan 10545.8
Current mode: Makespan
Average normalized violations: cap=0.0110196, energy=0, deadline=0.0195922
Current Weights, Rewards and Count of neighborhoods: N0: w=0.384493, R=9.7, U=29 | N1: w=0.345938, R=4.6, U=16 | N2: w=0.274062, R=4.1, U=25 | N3: w=0.196886, R=1.2, U=8 | N4: w=0.153597, R=0.4, U=4 | N5: w=0.16137, R=0.3, U=3 | N6: w=0.167422, R=0.8, U=6 | N7: w=0.1, R=0.4, U=4 | N8: w=0.109332, R=0.5, U=5 | 
No improvement in feasible makespan for 4 segments, applying perturbation. New makespan: 11684.8
Penalty lambdas: cap=2.75249, energy=0.612626, deadline=1.26525
=== End of Segment 50 ===
Best Penalized Fallback Score: 10384.3 with makespan 10133.4
Current Solution Score: 11821.7 with makespan 10759.4
Current mode: Makespan
Average normalized violations: cap=0.00959236, energy=0, deadline=0.0255179
Current Weights, Rewards and Count of neighborhoods: N0: w=0.36949, R=8.7, U=25 | N1: w=0.328407, R=5.3, U=15 | N2: w=0.241043, R=4.6, U=22 | N3: w=0.18282, R=3, U=10 | N4: w=0.137518, R=1.1, U=7 | N5: w=0.142959, R=2.2, U=8 | N6: w=0.157195, R=1, U=4 | N7: w=0.1, R=0.3, U=3 | N8: w=0.106533, R=0.6, U=6 | 
Penalty lambdas: cap=2.75137, energy=0.606531, deadline=1.28503
=== End of Segment 51 ===
Best Penalized Fallback Score: 10387.7 with makespan 10133.4
Current Solution Score: 11567.6 with makespan 11011.6
Current mode: Makespan
Average normalized violations: cap=0.018913, energy=0, deadline=0.0217859
Current Weights, Rewards and Count of neighborhoods: N0: w=0.363043, R=5, U=16 | N1: w=0.335885, R=5, U=14 | N2: w=0.231457, R=3.1, U=13 | N3: w=0.217974, R=4.9, U=17 | N4: w=0.143405, R=0.7, U=5 | N5: w=0.182571, R=2.6, U=12 | N6: w=0.185037, R=2.1, U=13 | N7: w=0.1, R=0.6, U=6 | N8: w=0.104573, R=0.4, U=4 | 
Switching scoring mode to Workload for the next segment.
Penalty lambdas: cap=2.776, energy=0.600496, deadline=1.30027
=== End of Segment 52 ===
Best Penalized Fallback Score: 14694.3 with makespan 10133.4
Current Solution Score: 14704.8 with makespan 10910
Current mode: Workload
Average normalized violations: cap=0.00647878, energy=0, deadline=0.0166532
Current Weights, Rewards and Count of neighborhoods: N0: w=0.34788, R=8.1, U=19 | N1: w=0.342262, R=6.2, U=18 | N2: w=0.233559, R=3, U=8 | N3: w=0.239052, R=4.8, U=18 | N4: w=0.142384, R=1.1, U=7 | N5: w=0.1928, R=2.7, U=13 | N6: w=0.177987, R=1.8, U=6 | N7: w=0.1, R=0.5, U=5 | N8: w=0.103201, R=0.6, U=6 | 
Switching scoring mode to Makespan for the next segment.
Penalty lambdas: cap=2.76624, energy=0.594521, deadline=1.30895
=== End of Segment 53 ===
Best Penalized Fallback Score: 10392 with makespan 10133.4
Current Solution Score: 11204.9 with makespan 10347.9
Current mode: Makespan
Average normalized violations: cap=0.00968719, energy=0, deadline=0.0181308
Current Weights, Rewards and Count of neighborhoods: N0: w=0.371411, R=7.1, U=23 | N1: w=0.342917, R=5.1, U=15 | N2: w=0.275991, R=3.3, U=15 | N3: w=0.247337, R=3.6, U=18 | N4: w=0.146812, R=0.7, U=7 | N5: w=0.197268, R=1.1, U=7 | N6: w=0.214591, R=0.7, U=5 | N7: w=0.1, R=0.4, U=4 | N8: w=0.102241, R=0.6, U=6 | 
No improvement in feasible makespan for 4 segments, applying perturbation. New makespan: 11186.1
Penalty lambdas: cap=2.76538, energy=0.588605, deadline=1.31964
=== End of Segment 54 ===
Best Penalized Fallback Score: 10393.9 with makespan 10133.4
Current Solution Score: 12418.2 with makespan 11076.7
Current mode: Makespan
Average normalized violations: cap=0.0152459, energy=0, deadline=0.0199444
Current Weights, Rewards and Count of neighborhoods: N0: w=0.352596, R=5.8, U=18 | N1: w=0.342042, R=6.9, U=23 | N2: w=0.259194, R=4.4, U=16 | N3: w=0.233136, R=2.9, U=13 | N4: w=0.132768, R=0.2, U=2 | N5: w=0.18523, R=0.8, U=6 | N6: w=0.192214, R=1.5, U=11 | N7: w=0.1, R=0.5, U=5 | N8: w=0.101568, R=0.6, U=6 | 
Penalty lambdas: cap=2.77992, energy=0.582748, deadline=1.33282
=== End of Segment 55 ===
Best Penalized Fallback Score: 10396.3 with makespan 10133.4
Current Solution Score: 10935.3 with makespan 10600.9
Current mode: Makespan
Average normalized violations: cap=0.0207567, energy=0, deadline=0.0199481
Current Weights, Rewards and Count of neighborhoods: N0: w=0.343484, R=6.8, U=18 | N1: w=0.329429, R=6.9, U=19 | N2: w=0.263936, R=4.2, U=16 | N3: w=0.230118, R=2.5, U=13 | N4: w=0.122938, R=0.9, U=7 | N5: w=0.169661, R=1.4, U=8 | N6: w=0.175459, R=1.9, U=11 | N7: w=0.1, R=0.2, U=2 | N8: w=0.101098, R=0.6, U=6 | 
Switching scoring mode to Workload for the next segment.
Penalty lambdas: cap=2.80999, energy=0.57695, deadline=1.34615
=== End of Segment 56 ===
Best Penalized Fallback Score: 14706.1 with makespan 10133.4
Current Solution Score: 14924 with makespan 10792.1
Current mode: Workload
Average normalized violations: cap=0.00139462, energy=0, deadline=0.00853803
Current Weights, Rewards and Count of neighborhoods: N0: w=0.353772, R=7.9, U=21 | N1: w=0.339548, R=4.5, U=19 | N2: w=0.263505, R=5.2, U=18 | N3: w=0.218775, R=1.5, U=11 | N4: w=0.124628, R=1, U=8 | N5: w=0.171263, R=0.4, U=4 | N6: w=0.174639, R=1.5, U=9 | N7: w=0.1, R=0.7, U=7 | N8: w=0.100769, R=0.3, U=3 | 
Switching scoring mode to Makespan for the next segment.
Penalty lambdas: cap=2.78591, energy=0.571209, deadline=1.34418
=== End of Segment 57 ===
Best Penalized Fallback Score: 11214.8 with makespan 11136.2
Current Solution Score: 10952.7 with makespan 10572.4
Current mode: Makespan
Average normalized violations: cap=0.0146987, energy=0, deadline=0.015423
Current Weights, Rewards and Count of neighborhoods: N0: w=0.360498, R=7.6, U=20 | N1: w=0.308736, R=4.3, U=13 | N2: w=0.27112, R=3.7, U=13 | N3: w=0.194052, R=3.1, U=19 | N4: w=0.124739, R=0.2, U=2 | N5: w=0.149884, R=1.7, U=11 | N6: w=0.172247, R=1.9, U=9 | N7: w=0.1, R=0.4, U=4 | N8: w=0.100538, R=0.9, U=9 | 
No improvement in feasible makespan for 4 segments, applying perturbation. New makespan: 11751.2
Penalty lambdas: cap=2.79903, energy=0.565525, deadline=1.35149
=== End of Segment 58 ===
Best Penalized Fallback Score: 10467.8 with makespan 10271.5
Current Solution Score: 11304.3 with makespan 10706.5
Current mode: Makespan
Average normalized violations: cap=0.0125898, energy=0, deadline=0.0233942
Current Weights, Rewards and Count of neighborhoods: N0: w=0.366348, R=6.6, U=20 | N1: w=0.315346, R=5.7, U=15 | N2: w=0.275169, R=3.9, U=13 | N3: w=0.184783, R=2, U=8 | N4: w=0.117318, R=1.1, U=9 | N5: w=0.151282, R=1.1, U=5 | N6: w=0.183907, R=4.5, U=19 | N7: w=0.1, R=0.6, U=6 | N8: w=0.100377, R=0.5, U=5 | 
Penalty lambdas: cap=2.80629, energy=0.559898, deadline=1.36972
=== End of Segment 59 ===
Best Penalized Fallback Score: 10470.5 with makespan 10271.5
Current Solution Score: 11088.1 with makespan 10347.4
Current mode: Makespan
Average normalized violations: cap=0.00758789, energy=0, deadline=0.02671
Current Weights, Rewards and Count of neighborhoods: N0: w=0.355444, R=8.2, U=22 | N1: w=0.334742, R=6.7, U=17 | N2: w=0.282618, R=5.2, U=22 | N3: w=0.204348, R=2.7, U=15 | N4: w=0.118789, R=0.3, U=3 | N5: w=0.171898, R=1.2, U=8 | N6: w=0.199787, R=1, U=4 | N7: w=0.1, R=0.4, U=4 | N8: w=0.100264, R=0.5, U=5 | 
Switching scoring mode to Workload for the next segment.
Penalty lambdas: cap=2.79953, energy=0.554327, deadline=1.3928
=== End of Segment 60 ===
Best Penalized Fallback Score: 14798.2 with makespan 10271.5
Current Solution Score: 14714.7 with makespan 11013.8
Current mode: Workload
Average normalized violations: cap=0.00530078, energy=0, deadline=0.0113307
Current Weights, Rewards and Count of neighborhoods: N0: w=0.360629, R=9.7, U=25 | N1: w=0.352555, R=3.9, U=11 | N2: w=0.268742, R=3.9, U=15 | N3: w=0.197044, R=3.6, U=14 | N4: w=0.113152, R=0.7, U=5 | N5: w=0.165328, R=1.4, U=8 | N6: w=0.214851, R=3.4, U=12 | N7: w=0.1, R=0.3, U=3 | N8: w=0.100185, R=0.7, U=7 | 
Switching scoring mode to Makespan for the next segment.
Penalty lambdas: cap=2.7864, energy=0.548812, deadline=1.39465
=== End of Segment 61 ===
Best Penalized Fallback Score: 10888.8 with makespan 10772.3
Current Solution Score: 10489.8 with makespan 10185.2
Current mode: Makespan
Average normalized violations: cap=0.00112323, energy=0, deadline=0.0162889
Current Weights, Rewards and Count of neighborhoods: N0: w=0.36884, R=7.3, U=21 | N1: w=0.353152, R=4.6, U=16 | N2: w=0.266119, R=3.1, U=19 | N3: w=0.215074, R=1.8, U=10 | N4: w=0.121207, R=1, U=8 | N5: w=0.16823, R=0.9, U=5 | N6: w=0.235396, R=2.2, U=14 | N7: w=0.1, R=0.5, U=5 | N8: w=0.100129, R=0.2, U=2 | 
No improvement in feasible makespan for 4 segments, applying perturbation. New makespan: 10729.2
Penalty lambdas: cap=2.76178, energy=0.543351, deadline=1.40345
=== End of Segment 62 ===
Best Penalized Fallback Score: 10488.2 with makespan 10185.2
Current Solution Score: 11480.3 with makespan 10700.9
Current mode: Makespan
Average normalized violations: cap=0.0238576, energy=0, deadline=0.0170248
Current Weights, Rewards and Count of neighborhoods: N0: w=0.362474, R=7.6, U=18 | N1: w=0.333456, R=5, U=12 | N2: w=0.235231, R=5.5, U=19 | N3: w=0.204552, R=3.1, U=11 | N4: w=0.122345, R=1.1, U=7 | N5: w=0.171761, R=1.5, U=7 | N6: w=0.21192, R=3.1, U=13 | N7: w=0.1, R=0.7, U=7 | N8: w=0.10009, R=0.6, U=6 | 
Penalty lambdas: cap=2.80032, energy=0.537944, deadline=1.41334
=== End of Segment 63 ===
Best Penalized Fallback Score: 10490.5 with makespan 10185.2
Current Solution Score: 11157.6 with makespan 10489.8
Current mode: Makespan
Average normalized violations: cap=0.0212413, energy=0, deadline=0.0179646
Current Weights, Rewards and Count of neighborhoods: N0: w=0.380398, R=4.8, U=16 | N1: w=0.35842, R=4.9, U=15 | N2: w=0.251504, R=3.3, U=13 | N3: w=0.227732, R=3.8, U=14 | N4: w=0.132784, R=0.9, U=5 | N5: w=0.184518, R=1.4, U=12 | N6: w=0.219882, R=2.7, U=13 | N7: w=0.1, R=0.6, U=6 | N8: w=0.100063, R=0.6, U=6 | 
Switching scoring mode to Workload for the next segment.
Penalty lambdas: cap=2.83197, energy=0.532592, deadline=1.42464
=== End of Segment 64 ===
Best Penalized Fallback Score: 14810.3 with makespan 10185.2
Current Solution Score: 15063.6 with makespan 11272.1
Current mode: Workload
Average normalized violations: cap=0.00719562, energy=0, deadline=0.0146517
Current Weights, Rewards and Count of neighborhoods: N0: w=0.356279, R=6.6, U=18 | N1: w=0.348894, R=3.7, U=11 | N2: w=0.252206, R=5.5, U=17 | N3: w=0.240841, R=2.8, U=12 | N4: w=0.146949, R=0.9, U=9 | N5: w=0.164163, R=2.1, U=11 | N6: w=0.216225, R=2.5, U=11 | N7: w=0.1, R=0.7, U=7 | N8: w=0.100044, R=0.4, U=4 | 
Switching scoring mode to Makespan for the next segment.
Penalty lambdas: cap=2.82404, energy=0.527292, deadline=1.43129
=== End of Segment 65 ===
Best Penalized Fallback Score: 10990.9 with makespan 10775.3
Current Solution Score: 11605.4 with makespan 10575.1
Current mode: Makespan
Average normalized violations: cap=0.00868925, energy=0, deadline=0.0194824
Current Weights, Rewards and Count of neighborhoods: N0: w=0.359395, R=5, U=16 | N1: w=0.345135, R=6.7, U=19 | N2: w=0.273603, R=2.2, U=8 | N3: w=0.238588, R=4.2, U=20 | N4: w=0.132864, R=1, U=6 | N5: w=0.172187, R=1.8, U=8 | N6: w=0.21954, R=2.6, U=12 | N7: w=0.1, R=0.6, U=6 | N8: w=0.100031, R=0.5, U=5 | 
No improvement in feasible makespan for 4 segments, applying perturbation. New makespan: 11905.9
Penalty lambdas: cap=2.82034, energy=0.522046, deadline=1.44492
=== End of Segment 66 ===
Best Penalized Fallback Score: 10532.7 with makespan 10273.8
Current Solution Score: 11316.2 with makespan 10781
Current mode: Makespan
Average normalized violations: cap=0.0190254, energy=0, deadline=0.0249877
Current Weights, Rewards and Count of neighborhoods: N0: w=0.345327, R=7.5, U=21 | N1: w=0.347384, R=7.6, U=18 | N2: w=0.274022, R=4.7, U=15 | N3: w=0.230012, R=3.1, U=7 | N4: w=0.143005, R=1, U=8 | N5: w=0.188031, R=2.4, U=10 | N6: w=0.218678, R=3.3, U=9 | N7: w=0.1, R=0.7, U=7 | N8: w=0.100022, R=0.5, U=5 | 
Penalty lambdas: cap=2.84591, energy=0.516851, deadline=1.46674
=== End of Segment 67 ===
Best Penalized Fallback Score: 10536.4 with makespan 10273.8
Current Solution Score: 10974 with makespan 10649.3
Current mode: Makespan
Average normalized violations: cap=0.00631919, energy=0, deadline=0.0263354
Current Weights, Rewards and Count of neighborhoods: N0: w=0.348872, R=10.1, U=25 | N1: w=0.369835, R=3.9, U=13 | N2: w=0.285816, R=2.2, U=10 | N3: w=0.293865, R=2.7, U=9 | N4: w=0.137603, R=0.5, U=5 | N5: w=0.203621, R=2.2, U=14 | N6: w=0.263074, R=2.1, U=11 | N7: w=0.1, R=0.8, U=8 | N8: w=0.100015, R=0.5, U=5 | 
Switching scoring mode to Workload for the next segment.
Penalty lambdas: cap=2.83546, energy=0.511709, deadline=1.4909
=== End of Segment 68 ===
Best Penalized Fallback Score: 14856.1 with makespan 10273.8
Current Solution Score: 14377.5 with makespan 10875.3
Current mode: Workload
Average normalized violations: cap=0.00381702, energy=0, deadline=0.0100101
Current Weights, Rewards and Count of neighborhoods: N0: w=0.36541, R=7.8, U=20 | N1: w=0.348885, R=8.6, U=22 | N2: w=0.266071, R=2.4, U=8 | N3: w=0.295706, R=3.1, U=11 | N4: w=0.126322, R=0.6, U=4 | N5: w=0.189678, R=0.8, U=6 | N6: w=0.241425, R=1.9, U=13 | N7: w=0.1, R=0.9, U=9 | N8: w=0.100011, R=0.7, U=7 | 
Switching scoring mode to Makespan for the next segment.
Penalty lambdas: cap=2.81798, energy=0.506617, deadline=1.49091
=== End of Segment 69 ===
Best Penalized Fallback Score: 10987.9 with makespan 10875.3
Current Solution Score: 10988.1 with makespan 10351.8
Current mode: Makespan
Average normalized violations: cap=0.022517, energy=0, deadline=0.0155661
Current Weights, Rewards and Count of neighborhoods: N0: w=0.372787, R=4.2, U=12 | N1: w=0.361492, R=6.9, U=23 | N2: w=0.27625, R=2.7, U=11 | N3: w=0.29154, R=2.9, U=13 | N4: w=0.133426, R=0.5, U=3 | N5: w=0.172775, R=1.7, U=11 | N6: w=0.212844, R=2.9, U=15 | N7: w=0.1, R=0.3, U=3 | N8: w=0.100007, R=1.1, U=9 | 
No improvement in feasible makespan for 4 segments, applying perturbation. New makespan: 11249.4
Penalty lambdas: cap=2.85347, energy=0.501576, deadline=1.49924
=== End of Segment 70 ===
Best Penalized Fallback Score: 10459.3 with makespan 10258
Current Solution Score: 10967.8 with makespan 10367.9
Current mode: Makespan
Average normalized violations: cap=0.0703884, energy=0, deadline=0.0177468
Current Weights, Rewards and Count of neighborhoods: N0: w=0.365951, R=8.3, U=21 | N1: w=0.343044, R=5.9, U=17 | N2: w=0.267011, R=3.8, U=12 | N3: w=0.271001, R=3.6, U=12 | N4: w=0.143398, R=1.3, U=9 | N5: w=0.167306, R=2.8, U=10 | N6: w=0.20699, R=1.3, U=7 | N7: w=0.1, R=0.4, U=4 | N8: w=0.106672, R=0.8, U=8 | 
Penalty lambdas: cap=3.0311, energy=0.496585, deadline=1.51089
=== End of Segment 71 ===
Best Penalized Fallback Score: 10461.4 with makespan 10258
Current Solution Score: 11592.4 with makespan 10279.6
Current mode: Makespan
Average normalized violations: cap=0.0209326, energy=0, deadline=0.0163581
Current Weights, Rewards and Count of neighborhoods: N0: w=0.374737, R=6.1, U=19 | N1: w=0.344249, R=6.4, U=18 | N2: w=0.281908, R=1.9, U=9 | N3: w=0.279701, R=4, U=16 | N4: w=0.143712, R=1, U=8 | N5: w=0.201114, R=1.2, U=6 | N6: w=0.200608, R=1.6, U=12 | N7: w=0.1, R=0.5, U=5 | N8: w=0.10467, R=0.7, U=7 | 
Switching scoring mode to Workload for the next segment.
Penalty lambdas: cap=3.06442, energy=0.491644, deadline=1.52053
=== End of Segment 72 ===
Best Penalized Fallback Score: 14724.6 with makespan 10258
Current Solution Score: 14943.9 with makespan 10459.2
Current mode: Workload
Average normalized violations: cap=0.00358494, energy=0, deadline=0.0103806
Current Weights, Rewards and Count of neighborhoods: N0: w=0.358632, R=6.8, U=18 | N1: w=0.347641, R=5.8, U=16 | N2: w=0.260669, R=1.9, U=9 | N3: w=0.27079, R=3.5, U=19 | N4: w=0.138098, R=1, U=8 | N5: w=0.20078, R=1.5, U=9 | N6: w=0.180425, R=2.5, U=15 | N7: w=0.1, R=0, U=0 | N8: w=0.103269, R=0.6, U=6 | 
Switching scoring mode to Makespan for the next segment.
Penalty lambdas: cap=3.04483, energy=0.486752, deadline=1.52111
=== End of Segment 73 ===
Best Penalized Fallback Score: 10802.6 with makespan 10675.6
Current Solution Score: 10886.4 with makespan 10563.4
Current mode: Makespan
Average normalized violations: cap=0.010417, energy=0, deadline=0.0161419
Current Weights, Rewards and Count of neighborhoods: N0: w=0.364376, R=6.3, U=19 | N1: w=0.352099, R=4.6, U=14 | N2: w=0.245801, R=3.1, U=17 | N3: w=0.244816, R=1.4, U=10 | N4: w=0.134169, R=1.6, U=12 | N5: w=0.190546, R=0.5, U=3 | N6: w=0.176298, R=1.5, U=9 | N7: w=0.1, R=0.8, U=8 | N8: w=0.102288, R=0.8, U=8 | 
No improvement in feasible makespan for 4 segments, applying perturbation. New makespan: 10718.1
Penalty lambdas: cap=3.0461, energy=0.481909, deadline=1.53048
=== End of Segment 74 ===
Best Penalized Fallback Score: 10434.8 with makespan 10211.9
Current Solution Score: 10850.7 with makespan 10392.7
Current mode: Makespan
Average normalized violations: cap=0.014137, energy=0, deadline=0.0180366
Current Weights, Rewards and Count of neighborhoods: N0: w=0.354537, R=7.5, U=21 | N1: w=0.34504, R=8.5, U=23 | N2: w=0.226767, R=5.8, U=20 | N3: w=0.213371, R=2, U=10 | N4: w=0.133918, R=1.2, U=6 | N5: w=0.183382, R=2.6, U=10 | N6: w=0.173408, R=1.5, U=3 | N7: w=0.1, R=0.3, U=3 | N8: w=0.101602, R=0.4, U=4 | 
Penalty lambdas: cap=3.05872, energy=0.477114, deadline=1.54283
=== End of Segment 75 ===
Best Penalized Fallback Score: 10436.5 with makespan 10211.9
Current Solution Score: 11670.5 with makespan 10494.4
Current mode: Makespan
Average normalized violations: cap=0.00949362, energy=0, deadline=0.0176614
Current Weights, Rewards and Count of neighborhoods: N0: w=0.355318, R=4.5, U=13 | N1: w=0.352398, R=5, U=18 | N2: w=0.245737, R=2.3, U=11 | N3: w=0.20936, R=2.1, U=11 | N4: w=0.153743, R=1.5, U=11 | N5: w=0.206367, R=2.9, U=13 | N6: w=0.271386, R=1.3, U=11 | N7: w=0.1, R=0.6, U=6 | N8: w=0.101121, R=0.8, U=6 | 
Switching scoring mode to Workload for the next segment.
Penalty lambdas: cap=3.05717, energy=0.472367, deadline=1.5547
=== End of Segment 76 ===
Best Penalized Fallback Score: 14752.1 with makespan 10211.9
Current Solution Score: 15427.1 with makespan 10838.3
Current mode: Workload
Average normalized violations: cap=0.00740144, energy=0, deadline=0.0129044
Current Weights, Rewards and Count of neighborhoods: N0: w=0.352569, R=7.2, U=22 | N1: w=0.330012, R=7.2, U=20 | N2: w=0.234743, R=5.4, U=18 | N3: w=0.203825, R=1.2, U=4 | N4: w=0.148529, R=0.9, U=5 | N5: w=0.21138, R=1.9, U=9 | N6: w=0.225425, R=1.8, U=8 | N7: w=0.1, R=0.7, U=7 | N8: w=0.110785, R=0.7, U=7 | 
Switching scoring mode to Makespan for the next segment.
Penalty lambdas: cap=3.04924, energy=0.467666, deadline=1.55922
=== End of Segment 77 ===
Best Penalized Fallback Score: 10769.9 with makespan 10589.5
Current Solution Score: 10805.1 with makespan 10321.2
Current mode: Makespan
Average normalized violations: cap=0.00523354, energy=0, deadline=0.0230301
Current Weights, Rewards and Count of neighborhoods: N0: w=0.34498, R=7.8, U=22 | N1: w=0.339008, R=7, U=20 | N2: w=0.25432, R=1.7, U=11 | N3: w=0.232677, R=1.2, U=12 | N4: w=0.15797, R=1.2, U=8 | N5: w=0.2113, R=1.3, U=7 | N6: w=0.225297, R=2.1, U=11 | N7: w=0.1, R=0.6, U=6 | N8: w=0.107549, R=0.3, U=3 | 
No improvement in feasible makespan for 4 segments, applying perturbation. New makespan: 11129.5
Penalty lambdas: cap=3.03474, energy=0.463013, deadline=1.57967
=== End of Segment 78 ===
Best Penalized Fallback Score: 10641.3 with makespan 10197.9
Current Solution Score: 11215.6 with makespan 10690.9
Current mode: Makespan
Average normalized violations: cap=0.0195652, energy=0, deadline=0.0227154
Current Weights, Rewards and Count of neighborhoods: N0: w=0.34785, R=7.3, U=19 | N1: w=0.342306, R=6.4, U=16 | N2: w=0.224388, R=3.8, U=12 | N3: w=0.192874, R=1.7, U=13 | N4: w=0.155579, R=1.6, U=10 | N5: w=0.203624, R=1, U=6 | N6: w=0.214981, R=1.9, U=11 | N7: w=0.1, R=0.6, U=6 | N8: w=0.105285, R=0.7, U=7 | 
Penalty lambdas: cap=3.06391, energy=0.458406, deadline=1.59988
=== End of Segment 79 ===
Best Penalized Fallback Score: 10646.6 with makespan 10197.9
Current Solution Score: 11303.6 with makespan 10648.4
Current mode: Makespan
Average normalized violations: cap=0.00530873, energy=0, deadline=0.0246402
Current Weights, Rewards and Count of neighborhoods: N0: w=0.358758, R=3.9, U=11 | N1: w=0.359614, R=7.4, U=20 | N2: w=0.252071, R=2.8, U=16 | N3: w=0.174243, R=2, U=12 | N4: w=0.156905, R=1.1, U=11 | N5: w=0.192537, R=1.8, U=10 | N6: w=0.202305, R=1.2, U=8 | N7: w=0.1, R=1.1, U=11 | N8: w=0.103699, R=0.1, U=1 | 
Switching scoring mode to Workload for the next segment.
Penalty lambdas: cap=3.04957, energy=0.453845, deadline=1.62348
=== End of Segment 80 ===
Best Penalized Fallback Score: 15032.9 with makespan 10197.9
Current Solution Score: 14892.8 with makespan 10898.4
Current mode: Workload
Average normalized violations: cap=0.00216928, energy=0, deadline=0.00689326
Current Weights, Rewards and Count of neighborhoods: N0: w=0.357494, R=8, U=18 | N1: w=0.36273, R=7.6, U=18 | N2: w=0.22895, R=4.1, U=17 | N3: w=0.17197, R=2.3, U=7 | N4: w=0.139834, R=0.7, U=5 | N5: w=0.188776, R=1.5, U=7 | N6: w=0.186613, R=1.8, U=14 | N7: w=0.1, R=0.9, U=9 | N8: w=0.102589, R=0.5, U=5 | 
Switching scoring mode to Makespan for the next segment.
Penalty lambdas: cap=3.02578, energy=0.449329, deadline=1.61844
=== End of Segment 81 ===
Best Penalized Fallback Score: 11109.3 with makespan 11024.1
Current Solution Score: 11204 with makespan 10426.8
Current mode: Makespan
Average normalized violations: cap=0.0348378, energy=0, deadline=0.0152314
Current Weights, Rewards and Count of neighborhoods: N0: w=0.383579, R=4.7, U=15 | N1: w=0.380578, R=5.9, U=19 | N2: w=0.232618, R=1.7, U=9 | N3: w=0.21895, R=2.2, U=10 | N4: w=0.139884, R=0.9, U=7 | N5: w=0.196429, R=3.2, U=14 | N6: w=0.169201, R=1.3, U=7 | N7: w=0.1, R=0.9, U=9 | N8: w=0.101813, R=1, U=10 | 
No improvement in feasible makespan for 4 segments, applying perturbation. New makespan: 11604.3
Penalty lambdas: cap=3.10188, energy=0.444858, deadline=1.62693
=== End of Segment 82 ===
Best Penalized Fallback Score: 10719.8 with makespan 10529
Current Solution Score: 11396 with makespan 10730.5
Current mode: Makespan
Average normalized violations: cap=0.0227448, energy=0, deadline=0.0230098
Current Weights, Rewards and Count of neighborhoods: N0: w=0.362506, R=5, U=16 | N1: w=0.359562, R=6.8, U=20 | N2: w=0.219499, R=5.1, U=19 | N3: w=0.219265, R=1.3, U=5 | N4: w=0.13649, R=1.8, U=10 | N5: w=0.206072, R=2.2, U=8 | N6: w=0.174155, R=1.5, U=9 | N7: w=0.1, R=0.8, U=8 | N8: w=0.101269, R=0.5, U=5 | 
Penalty lambdas: cap=3.14166, energy=0.440432, deadline=1.64824
=== End of Segment 83 ===
Best Penalized Fallback Score: 10722.3 with makespan 10529
Current Solution Score: 11356.9 with makespan 10838.2
Current mode: Makespan
Average normalized violations: cap=0.0166796, energy=0, deadline=0.0239675
Current Weights, Rewards and Count of neighborhoods: N0: w=0.347504, R=4.4, U=14 | N1: w=0.353694, R=7.4, U=26 | N2: w=0.234176, R=2.9, U=13 | N3: w=0.231486, R=2.1, U=15 | N4: w=0.149543, R=2.2, U=14 | N5: w=0.22675, R=1.4, U=8 | N6: w=0.171908, R=1.1, U=5 | N7: w=0.1, R=0, U=0 | N8: w=0.100888, R=0.5, U=5 | 
Switching scoring mode to Workload for the next segment.
Penalty lambdas: cap=3.16272, energy=0.436049, deadline=1.67142
=== End of Segment 84 ===
Best Penalized Fallback Score: 15097.5 with makespan 10529
Current Solution Score: 14511.6 with makespan 11137.5
Current mode: Workload
Average normalized violations: cap=0.00140559, energy=0, deadline=0.00841621
Current Weights, Rewards and Count of neighborhoods: N0: w=0.337538, R=8, U=18 | N1: w=0.33297, R=8.5, U=23 | N2: w=0.230846, R=3.8, U=16 | N3: w=0.20404, R=2.8, U=8 | N4: w=0.151823, R=1.3, U=9 | N5: w=0.211225, R=1.3, U=7 | N6: w=0.186336, R=1.7, U=11 | N7: w=0.1, R=0.4, U=4 | N8: w=0.100622, R=0.4, U=4 | 
Switching scoring mode to Makespan for the next segment.
Penalty lambdas: cap=3.13565, energy=0.431711, deadline=1.66877
=== End of Segment 85 ===
Best Penalized Fallback Score: 11245.2 with makespan 11137.5
Current Solution Score: 11488.1 with makespan 10198.4
Current mode: Makespan
Average normalized violations: cap=0.00364651, energy=0, deadline=0.0144229
Current Weights, Rewards and Count of neighborhoods: N0: w=0.36961, R=5.9, U=21 | N1: w=0.343949, R=3.6, U=14 | N2: w=0.232842, R=2.2, U=10 | N3: w=0.247828, R=1.6, U=14 | N4: w=0.149609, R=2.2, U=14 | N5: w=0.203572, R=2.2, U=10 | N6: w=0.176799, R=2, U=10 | N7: w=0.1, R=0.4, U=4 | N8: w=0.100435, R=0.7, U=3 | 
No improvement in feasible makespan for 4 segments, applying perturbation. New makespan: 10708.8
Penalty lambdas: cap=3.11579, energy=0.427415, deadline=1.67617
=== End of Segment 86 ===
Best Penalized Fallback Score: 10425.9 with makespan 10175.8
Current Solution Score: 11574.8 with makespan 10687.9
Current mode: Makespan
Average normalized violations: cap=0.0760293, energy=0, deadline=0.0152382
Current Weights, Rewards and Count of neighborhoods: N0: w=0.343013, R=7.5, U=21 | N1: w=0.317907, R=6.2, U=18 | N2: w=0.22899, R=2, U=8 | N3: w=0.207765, R=1.9, U=7 | N4: w=0.151869, R=1.2, U=8 | N5: w=0.2085, R=2.6, U=12 | N6: w=0.183759, R=2.4, U=10 | N7: w=0.1, R=0.9, U=9 | N8: w=0.140305, R=0.7, U=7 | 
Penalty lambdas: cap=3.32847, energy=0.423162, deadline=1.68497
=== End of Segment 87 ===
Best Penalized Fallback Score: 10428.3 with makespan 10175.8
Current Solution Score: 10787.1 with makespan 10465.5
Current mode: Makespan
Average normalized violations: cap=0.00729915, energy=0, deadline=0.0181588
Current Weights, Rewards and Count of neighborhoods: N0: w=0.347252, R=7.9, U=23 | N1: w=0.325868, R=7.1, U=19 | N2: w=0.235293, R=2.3, U=9 | N3: w=0.226864, R=2.2, U=6 | N4: w=0.151309, R=0.9, U=7 | N5: w=0.21095, R=2, U=12 | N6: w=0.200631, R=2.8, U=12 | N7: w=0.1, R=0.7, U=7 | N8: w=0.128213, R=0.5, U=5 | 
Switching scoring mode to Workload for the next segment.
Penalty lambdas: cap=3.31949, energy=0.418952, deadline=1.69878
=== End of Segment 88 ===
Best Penalized Fallback Score: 14699.1 with makespan 10175.8
Current Solution Score: 15614 with makespan 10798.3
Current mode: Workload
Average normalized violations: cap=0.00271816, energy=0, deadline=0.00930578
Current Weights, Rewards and Count of neighborhoods: N0: w=0.34612, R=8.8, U=26 | N1: w=0.340213, R=6.3, U=19 | N2: w=0.241372, R=1, U=4 | N3: w=0.268805, R=2.2, U=12 | N4: w=0.144487, R=0.8, U=4 | N5: w=0.197665, R=2.4, U=14 | N6: w=0.210442, R=1.5, U=9 | N7: w=0.1, R=0.6, U=6 | N8: w=0.119749, R=1, U=6 | 
Switching scoring mode to Makespan for the next segment.
Penalty lambdas: cap=3.29541, energy=0.414783, deadline=1.6976
=== End of Segment 89 ===
Best Penalized Fallback Score: 10555 with makespan 10375.1
Current Solution Score: 10682 with makespan 10388.3
Current mode: Makespan
Average normalized violations: cap=0.00791099, energy=0, deadline=0.0153257
Current Weights, Rewards and Count of neighborhoods: N0: w=0.343822, R=6.7, U=19 | N1: w=0.337623, R=5.2, U=16 | N2: w=0.24396, R=2.3, U=9 | N3: w=0.243163, R=2, U=10 | N4: w=0.161141, R=2.6, U=18 | N5: w=0.189794, R=1.4, U=10 | N6: w=0.197309, R=1.7, U=9 | N7: w=0.1, R=0.5, U=5 | N8: w=0.133824, R=0.4, U=4 | 
No improvement in feasible makespan for 4 segments, applying perturbation. New makespan: 11745.7
Penalty lambdas: cap=3.28853, energy=0.410656, deadline=1.70666
=== End of Segment 90 ===
Best Penalized Fallback Score: 10521 with makespan 10286.3
Current Solution Score: 12272.4 with makespan 10288.2
Current mode: Makespan
Average normalized violations: cap=0.0125542, energy=0, deadline=0.018665
Current Weights, Rewards and Count of neighborhoods: N0: w=0.346465, R=8.3, U=23 | N1: w=0.333836, R=7.4, U=20 | N2: w=0.247439, R=2.7, U=13 | N3: w=0.230214, R=4.2, U=18 | N4: w=0.156132, R=1.7, U=9 | N5: w=0.174856, R=1.4, U=6 | N6: w=0.194783, R=0.8, U=4 | N7: w=0.1, R=0.2, U=2 | N8: w=0.123677, R=0.5, U=5 | 
Penalty lambdas: cap=3.29694, energy=0.40657, deadline=1.72152
Segments per mode: Makespan 68, Workload 22
Attempt 1 cost: 14848.617520
Truck Routes:
Truck 1: 0 7 17 59 89 29 96 5 62 44 25 80 32 90 99 0 76 52 39 93 78 86 36 91 67 0 27 65 98 85 40 77 33 95 0 70 55 79 8 15 69 0 |Truck Time: 14848.617520|14848.617520,0.000000,0.000000,0.000000
Drone Routes:
Drone 1: 0 11 4 20 82 61 0 13 41 75 0 54 19 23 10 0 47 42 46 58 38 31 9 0 22 48 43 74 0 88 63 0 14 100 71 35 16 0 84 94 0 64 6 21 0 18 34 0 73 0 30 51 60 0 2 26 0 37 92 0 28 50 0 45 0 1 81 0 72 0 12 0 57 0 56 0 87 0 53 0 66 97 0 49 0 24 0 68 0 83 0 3 0 |Drone Time: 14753.303691|14753.303691,0.000000,0.000000,0.000000
Total validation: Makespan=14848.617520, Deadline violation=0.000000, Energy violation=0.000000, Capacity violation=0.000000

=== Best Across Attempts (top 1/1) ===
Initial Solution Cost: 15489.284972
Improved Solution Cost: 14848.617520
Worst Solution Cost (top-1): 14848.617520
Mean Solution Cost (top-1): 14848.617520
Mean elapsed Time: 204.505960 seconds
Truck Routes:
Truck 1: 0 7 17 59 89 29 96 5 62 44 25 80 32 90 99 0 76 52 39 93 78 86 36 91 67 0 27 65 98 85 40 77 33 95 0 70 55 79 8 15 69 0 |Truck Time: 14848.617520|14848.617520,0.000000,0.000000,0.000000
Drone Routes:
Drone 1: 0 11 4 20 82 61 0 13 41 75 0 54 19 23 10 0 47 42 46 58 38 31 9 0 22 48 43 74 0 88 63 0 14 100 71 35 16 0 84 94 0 64 6 21 0 18 34 0 73 0 30 51 60 0 2 26 0 37 92 0 28 50 0 45 0 1 81 0 72 0 12 0 57 0 56 0 87 0 53 0 66 97 0 49 0 24 0 68 0 83 0 3 0 |Drone Time: 14753.303691|14753.303691,0.000000,0.000000,0.000000
Total validation: Makespan=14848.617520, Deadline violation=0.000000, Energy violation=0.000000, Capacity violation=0.000000
Final solution feasibility: FEASIBLE
Best solution written to output_solution_best.txt
Iteration data written to output_mode_0.txt
