Microsoft (R) C/C++ Optimizing Compiler Version 19.44.35217 for x64
Copyright (C) Microsoft Corporation.  All rights reserved.

