Search config: total_iters=5000 (segments=50, segment_iters=100, no_improve=1000, time_limit_sec=5)
=== Starting Unified Tabu Search (Minimizing Active Penalized Score) ===
Initial active score: 4248.73, max_iters=5000, segment_length=100, segments=50
Iter 0 New Best Feasible Makespan: 3771.89
Iter 1 New Best Feasible Makespan: 3681.77
Iter 2 New Best Feasible Makespan: 3676.33
Iter 3 New Best Feasible Makespan: 3671.95
=== End of Segment 1 ===
Best Penalized Fallback Score: 4248.73 with makespan 4248.73
Current Solution Score: 3137.79 with makespan 2837.17
Current mode: Makespan
Average normalized violations: cap=0.026937, energy=0, deadline=0.00425525
Current Weights, Rewards and Count of neighborhoods: N0: w=1, R=5.7, U=11 | N1: w=1, R=6.3, U=12 | N2: w=1, R=6.4, U=14 | N3: w=1, R=5.1, U=11 | N4: w=1, R=4.75, U=14 | N5: w=1, R=2.15, U=6 | N6: w=1, R=4.55, U=9 | N7: w=1, R=3.05, U=12 | N8: w=1, R=0.55, U=11 | 
Penalty lambdas: cap=1.01708, energy=0.99005, deadline=0.994272
Segments per mode: Makespan 1, Workload 0
Attempt 1 cost: 3671.948630
Truck Routes:
Truck 1: 0 85 67 68 27 94 84 82 100 51 62 24 0 50 97 23 0 |Truck Time: 3671.948630|3671.948630,0.000000,0.000000,0.000000
Truck 2: 0 17 43 87 30 31 61 0 36 57 45 0 |Truck Time: 3602.704917|3602.704917,0.000000,0.000000,0.000000
Truck 3: 0 53 75 98 15 18 72 59 7 29 0 40 4 70 14 0 |Truck Time: 3611.369479|3611.369479,0.000000,0.000000,0.000000
Truck 4: 0 86 11 73 48 32 47 22 88 77 96 55 1 0 37 0 |Truck Time: 3626.238435|3626.238435,0.000000,0.000000,0.000000
Drone Routes:
Drone 1: 0 2 74 91 54 39 66 13 46 49 0 3 12 80 0 79 0 |Drone Time: 3471.475492|3471.475492,0.000000,0.000000,0.000000
Drone 2: 0 8 83 99 38 92 34 78 0 64 81 0 90 76 0 |Drone Time: 3525.533662|3525.533662,0.000000,0.000000,0.000000
Drone 3: 0 52 71 6 33 26 42 28 0 5 58 35 63 0 69 21 56 0 |Drone Time: 3551.411960|3551.411960,0.000000,0.000000,0.000000
Drone 4: 0 65 25 60 93 9 19 89 16 0 44 41 20 0 95 10 0 |Drone Time: 3615.412093|3615.412093,0.000000,0.000000,0.000000
Total validation: Makespan=3671.948630, Deadline violation=0.000000, Energy violation=0.000000, Capacity violation=0.000000

=== Best Across Attempts (top 1/1) ===
Initial Solution Cost: 4248.729168
Improved Solution Cost: 3671.948630
Worst Solution Cost (top-1): 3671.948630
Mean Solution Cost (top-1): 3671.948630
Mean elapsed Time: 5.087810 seconds
Truck Routes:
Truck 1: 0 85 67 68 27 94 84 82 100 51 62 24 0 50 97 23 0 |Truck Time: 3671.948630|3671.948630,0.000000,0.000000,0.000000
Truck 2: 0 17 43 87 30 31 61 0 36 57 45 0 |Truck Time: 3602.704917|3602.704917,0.000000,0.000000,0.000000
Truck 3: 0 53 75 98 15 18 72 59 7 29 0 40 4 70 14 0 |Truck Time: 3611.369479|3611.369479,0.000000,0.000000,0.000000
Truck 4: 0 86 11 73 48 32 47 22 88 77 96 55 1 0 37 0 |Truck Time: 3626.238435|3626.238435,0.000000,0.000000,0.000000
Drone Routes:
Drone 1: 0 2 74 91 54 39 66 13 46 49 0 3 12 80 0 79 0 |Drone Time: 3471.475492|3471.475492,0.000000,0.000000,0.000000
Drone 2: 0 8 83 99 38 92 34 78 0 64 81 0 90 76 0 |Drone Time: 3525.533662|3525.533662,0.000000,0.000000,0.000000
Drone 3: 0 52 71 6 33 26 42 28 0 5 58 35 63 0 69 21 56 0 |Drone Time: 3551.411960|3551.411960,0.000000,0.000000,0.000000
Drone 4: 0 65 25 60 93 9 19 89 16 0 44 41 20 0 95 10 0 |Drone Time: 3615.412093|3615.412093,0.000000,0.000000,0.000000
Total validation: Makespan=3671.948630, Deadline violation=0.000000, Energy violation=0.000000, Capacity violation=0.000000
Final solution feasibility: FEASIBLE
Best solution written to output_solution_best.txt
Iteration data written to output_mode_0.txt
