Loaded 10201 truck distance entries from /Users/huetran/Tu_paper_HueRepo/instance_hanoi/datasets/hanoi_traffic/Hanoi_9_2026/weekday_13segments/set_03/hanoi_10x10_100_set_03_weekday.truck_distance_m.txt
Loaded 10201 drone distance entries from /Users/huetran/Tu_paper_HueRepo/instance_hanoi/datasets/hanoi_traffic/Hanoi_9_2026/weekday_13segments/set_03/hanoi_10x10_100_set_03_weekday.drone_distance_m.txt
Loaded 13 traffic segments from 6h to 18h
Traffic start hour: 8h
Search config: total_iters=9000 (segments=90, segment_iters=100, no_improve=400, time_limit_sec=1800)
=== Starting Unified Tabu Search (Minimizing Active Penalized Score) ===
Initial active score: 15894.2, max_iters=9000, segment_length=100, segments=90
Iter 0 New Best Feasible Makespan: 15374.4
=== End of Segment 1 ===
Best Penalized Fallback Score: 15894.2 with makespan 15894.2
Current Solution Score: 12593 with makespan 11939.8
Current mode: Makespan
Average normalized violations: cap=0.0433882, energy=0, deadline=0.0115196
Current Weights, Rewards and Count of neighborhoods: N0: w=1, R=4.5, U=11 | N1: w=1, R=6, U=14 | N2: w=1, R=6, U=16 | N3: w=1, R=2.7, U=7 | N4: w=1, R=3.3, U=15 | N5: w=1, R=2.4, U=8 | N6: w=1, R=4.8, U=12 | N7: w=1, R=0.5, U=5 | N8: w=1, R=1.6, U=12 | 
Penalty lambdas: cap=1.03395, energy=0.99005, deadline=1.00152
=== End of Segment 2 ===
Best Penalized Fallback Score: 12602 with makespan 11939.8
Current Solution Score: 12610.7 with makespan 11216.3
Current mode: Makespan
Average normalized violations: cap=0.0382928, energy=0, deadline=0.031088
Current Weights, Rewards and Count of neighborhoods: N0: w=0.822727, R=5.8, U=16 | N1: w=0.828571, R=4.6, U=12 | N2: w=0.8125, R=3.1, U=9 | N3: w=0.815714, R=2.9, U=13 | N4: w=0.766, R=1.6, U=12 | N5: w=0.79, R=2.9, U=13 | N6: w=0.82, R=1.9, U=9 | N7: w=0.73, R=1, U=10 | N8: w=0.74, R=0.8, U=6 | 
Penalty lambdas: cap=1.06362, energy=0.980199, deadline=1.02287
=== End of Segment 3 ===
Best Penalized Fallback Score: 11757.3 with makespan 10987.8
Current Solution Score: 12441.3 with makespan 10693.8
Current mode: Makespan
Average normalized violations: cap=0.0871299, energy=0, deadline=0.0238378
Current Weights, Rewards and Count of neighborhoods: N0: w=0.684659, R=5.2, U=16 | N1: w=0.695, R=4.5, U=15 | N2: w=0.672083, R=2.7, U=9 | N3: w=0.637923, R=3.9, U=11 | N4: w=0.5762, R=1.3, U=9 | N5: w=0.619923, R=2.2, U=10 | N6: w=0.637333, R=2, U=10 | N7: w=0.541, R=1, U=10 | N8: w=0.558, R=1, U=10 | 
Switching scoring mode to Workload for the next segment.
Penalty lambdas: cap=1.14891, energy=0.970446, deadline=1.03712
=== End of Segment 4 ===
Best Penalized Fallback Score: 16586.9 with makespan 10583.7
Current Solution Score: 16177.3 with makespan 11256.2
Current mode: Workload
Average normalized violations: cap=0.0636298, energy=0, deadline=0.0142694
Current Weights, Rewards and Count of neighborhoods: N0: w=0.576761, R=6, U=14 | N1: w=0.5765, R=4.1, U=11 | N2: w=0.560458, R=3.3, U=9 | N3: w=0.55291, R=4.7, U=21 | N4: w=0.446673, R=2.1, U=13 | N5: w=0.499946, R=1.7, U=9 | N6: w=0.506133, R=0.7, U=7 | N7: w=0.4087, R=0.4, U=4 | N8: w=0.4206, R=1.2, U=12 | 
Switching scoring mode to Makespan for the next segment.
Penalty lambdas: cap=1.2122, energy=0.960789, deadline=1.04156
=== End of Segment 5 ===
Best Penalized Fallback Score: 12328.8 with makespan 11579.1
Current Solution Score: 11929.8 with makespan 10972.7
Current mode: Makespan
Average normalized violations: cap=0.0531464, energy=0, deadline=0.0259891
Current Weights, Rewards and Count of neighborhoods: N0: w=0.532304, R=5, U=16 | N1: w=0.515368, R=4.1, U=13 | N2: w=0.502321, R=2.3, U=9 | N3: w=0.45418, R=2.5, U=11 | N4: w=0.361133, R=0.7, U=5 | N5: w=0.406629, R=1.4, U=8 | N6: w=0.384293, R=3, U=16 | N7: w=0.31609, R=1.2, U=12 | N8: w=0.32442, R=1, U=10 | 
No improvement in feasible makespan for 4 segments, applying perturbation. New makespan: 11153.4
Penalty lambdas: cap=1.26565, energy=0.951229, deadline=1.05834
=== End of Segment 6 ===
Best Penalized Fallback Score: 11532.8 with makespan 10897.4
Current Solution Score: 13417.7 with makespan 11012.1
Current mode: Makespan
Average normalized violations: cap=0.0756031, energy=0, deadline=0.027157
Current Weights, Rewards and Count of neighborhoods: N0: w=0.466363, R=4.8, U=18 | N1: w=0.455373, R=6, U=18 | N2: w=0.428291, R=1.8, U=10 | N3: w=0.386108, R=2.5, U=7 | N4: w=0.294793, R=1.9, U=13 | N5: w=0.33714, R=1.3, U=7 | N6: w=0.325255, R=2.3, U=9 | N7: w=0.251263, R=1.1, U=11 | N8: w=0.257094, R=0.9, U=7 | 
Penalty lambdas: cap=1.35147, energy=0.941765, deadline=1.07666
=== End of Segment 7 ===
Best Penalized Fallback Score: 11562.2 with makespan 10897.4
Current Solution Score: 12343.2 with makespan 10957.9
Current mode: Makespan
Average normalized violations: cap=0.0801793, energy=0, deadline=0.0218358
Current Weights, Rewards and Count of neighborhoods: N0: w=0.406454, R=5.3, U=15 | N1: w=0.418761, R=3.3, U=9 | N2: w=0.353804, R=3.9, U=15 | N3: w=0.377418, R=4.9, U=17 | N4: w=0.250201, R=1.2, U=6 | N5: w=0.291712, R=2.7, U=11 | N6: w=0.304345, R=3.4, U=14 | N7: w=0.205884, R=0.7, U=7 | N8: w=0.218537, R=0.6, U=6 | 
Switching scoring mode to Workload for the next segment.
Penalty lambdas: cap=1.44972, energy=0.932394, deadline=1.08948
=== End of Segment 8 ===
Best Penalized Fallback Score: 16331.4 with makespan 10897.4
Current Solution Score: 16656.7 with makespan 11382
Current mode: Workload
Average normalized violations: cap=0.0311146, energy=0, deadline=0.0127741
Current Weights, Rewards and Count of neighborhoods: N0: w=0.390518, R=6.4, U=16 | N1: w=0.403133, R=9, U=22 | N2: w=0.325663, R=4.3, U=15 | N3: w=0.350663, R=1.8, U=8 | N4: w=0.235141, R=1.6, U=10 | N5: w=0.277835, R=1.8, U=8 | N6: w=0.285899, R=0.8, U=6 | N7: w=0.174119, R=0.9, U=9 | N8: w=0.182976, R=0.8, U=6 | 
Switching scoring mode to Makespan for the next segment.
Penalty lambdas: cap=1.48065, energy=0.923116, deadline=1.0925
=== End of Segment 9 ===
Best Penalized Fallback Score: 11905.8 with makespan 11454.4
Current Solution Score: 11958.2 with makespan 11131
Current mode: Makespan
Average normalized violations: cap=0.0351002, energy=0, deadline=0.0223848
Current Weights, Rewards and Count of neighborhoods: N0: w=0.393363, R=5, U=14 | N1: w=0.40492, R=5.3, U=15 | N2: w=0.313964, R=1.4, U=6 | N3: w=0.312964, R=2.1, U=9 | N4: w=0.212599, R=2.3, U=15 | N5: w=0.261985, R=2.5, U=13 | N6: w=0.240129, R=3, U=14 | N7: w=0.151883, R=1.1, U=11 | N8: w=0.168083, R=0.3, U=3 | 
No improvement in feasible makespan for 4 segments, applying perturbation. New makespan: 10656.5
Penalty lambdas: cap=1.51829, energy=0.913931, deadline=1.10612
=== End of Segment 10 ===
Best Penalized Fallback Score: 11416.2 with makespan 10826.1
Current Solution Score: 11625.9 with makespan 10757
Current mode: Makespan
Average normalized violations: cap=0.0626846, energy=0, deadline=0.030978
Current Weights, Rewards and Count of neighborhoods: N0: w=0.382497, R=8.5, U=21 | N1: w=0.389444, R=8, U=20 | N2: w=0.289775, R=3.2, U=10 | N3: w=0.289075, R=2.8, U=8 | N4: w=0.194819, R=2.1, U=11 | N5: w=0.241082, R=2.3, U=11 | N6: w=0.232376, R=1.7, U=9 | N7: w=0.136318, R=0.5, U=5 | N8: w=0.147658, R=0.9, U=5 | 
Penalty lambdas: cap=1.60042, energy=0.904837, deadline=1.12957
=== End of Segment 11 ===
Best Penalized Fallback Score: 11401.8 with makespan 10634.2
Current Solution Score: 11500 with makespan 10699.3
Current mode: Makespan
Average normalized violations: cap=0.0264605, energy=0, deadline=0.0244693
Current Weights, Rewards and Count of neighborhoods: N0: w=0.389176, R=6.5, U=19 | N1: w=0.392611, R=6.3, U=17 | N2: w=0.298842, R=2.1, U=11 | N3: w=0.307353, R=2, U=8 | N4: w=0.193646, R=2, U=12 | N5: w=0.231484, R=1.5, U=7 | N6: w=0.21933, R=2.2, U=12 | N7: w=0.125423, R=0.6, U=6 | N8: w=0.157361, R=0.8, U=8 | 
Switching scoring mode to Workload for the next segment.
Penalty lambdas: cap=1.62699, energy=0.895834, deadline=1.14603
=== End of Segment 12 ===
Best Penalized Fallback Score: 16135.6 with makespan 10634.2
Current Solution Score: 15713.2 with makespan 11731.9
Current mode: Workload
Average normalized violations: cap=0.0111889, energy=0, deadline=0.0108273
Current Weights, Rewards and Count of neighborhoods: N0: w=0.375055, R=4.9, U=13 | N1: w=0.386004, R=7.3, U=17 | N2: w=0.266462, R=3.9, U=13 | N3: w=0.290147, R=3.8, U=16 | N4: w=0.185552, R=1.6, U=14 | N5: w=0.226325, R=0.7, U=5 | N6: w=0.208531, R=1.7, U=7 | N7: w=0.117796, R=1, U=10 | N8: w=0.140153, R=1.3, U=5 | 
Switching scoring mode to Makespan for the next segment.
Penalty lambdas: cap=1.62892, energy=0.88692, deadline=1.14698
=== End of Segment 13 ===
Best Penalized Fallback Score: 11834.5 with makespan 11700.5
Current Solution Score: 11204.1 with makespan 10878.5
Current mode: Makespan
Average normalized violations: cap=0.00421471, energy=0, deadline=0.0162158
Current Weights, Rewards and Count of neighborhoods: N0: w=0.375615, R=9.9, U=25 | N1: w=0.399026, R=5.4, U=16 | N2: w=0.276524, R=1.3, U=9 | N3: w=0.274353, R=2.1, U=13 | N4: w=0.164172, R=1, U=6 | N5: w=0.200427, R=0.5, U=5 | N6: w=0.218829, R=2.3, U=13 | N7: w=0.112457, R=0.8, U=8 | N8: w=0.176107, R=0.5, U=5 | 
No improvement in feasible makespan for 4 segments, applying perturbation. New makespan: 10599.6
Penalty lambdas: cap=1.61953, energy=0.878095, deadline=1.15413
=== End of Segment 14 ===
Best Penalized Fallback Score: 11206 with makespan 10878.5
Current Solution Score: 12063.3 with makespan 10396.9
Current mode: Makespan
Average normalized violations: cap=0.0452272, energy=0, deadline=0.0221568
Current Weights, Rewards and Count of neighborhoods: N0: w=0.381731, R=4.8, U=16 | N1: w=0.380568, R=5.4, U=18 | N2: w=0.2369, R=2.6, U=10 | N3: w=0.240508, R=3.1, U=13 | N4: w=0.164921, R=1.6, U=10 | N5: w=0.170299, R=2.3, U=11 | N6: w=0.206257, R=2.8, U=14 | N7: w=0.10872, R=0.1, U=1 | N8: w=0.153275, R=0.7, U=7 | 
Penalty lambdas: cap=1.67759, energy=0.869358, deadline=1.16825
=== End of Segment 15 ===
Best Penalized Fallback Score: 11210.3 with makespan 10878.5
Current Solution Score: 11481.7 with makespan 10425.4
Current mode: Makespan
Average normalized violations: cap=0.0434721, energy=0, deadline=0.0258081
Current Weights, Rewards and Count of neighborhoods: N0: w=0.357212, R=6.1, U=19 | N1: w=0.356398, R=6.4, U=22 | N2: w=0.24383, R=3.2, U=16 | N3: w=0.239894, R=2.7, U=13 | N4: w=0.163444, R=0.7, U=5 | N5: w=0.181937, R=1.2, U=6 | N6: w=0.20438, R=2, U=12 | N7: w=0.106104, R=0.2, U=2 | N8: w=0.137292, R=0.5, U=5 | 
Switching scoring mode to Workload for the next segment.
Penalty lambdas: cap=1.7347, energy=0.860708, deadline=1.18686
=== End of Segment 16 ===
Best Penalized Fallback Score: 15850.2 with makespan 10878.5
Current Solution Score: 15525.7 with makespan 11390
Current mode: Workload
Average normalized violations: cap=0.0171609, energy=0, deadline=0.020745
Current Weights, Rewards and Count of neighborhoods: N0: w=0.346364, R=8.1, U=21 | N1: w=0.336751, R=5.1, U=15 | N2: w=0.230681, R=4.1, U=15 | N3: w=0.230234, R=2.2, U=10 | N4: w=0.156411, R=1, U=6 | N5: w=0.187356, R=2, U=16 | N6: w=0.193066, R=1.1, U=5 | N7: w=0.104273, R=0.2, U=2 | N8: w=0.126105, R=1.2, U=10 | 
Switching scoring mode to Makespan for the next segment.
Penalty lambdas: cap=1.74716, energy=0.852144, deadline=1.19968
=== End of Segment 17 ===
Best Penalized Fallback Score: 11804.4 with makespan 11430.5
Current Solution Score: 11257.3 with makespan 10858.9
Current mode: Makespan
Average normalized violations: cap=0.0104274, energy=0, deadline=0.0269948
Current Weights, Rewards and Count of neighborhoods: N0: w=0.358169, R=4.7, U=17 | N1: w=0.337726, R=5.5, U=15 | N2: w=0.243477, R=2.7, U=15 | N3: w=0.227164, R=2.5, U=15 | N4: w=0.159488, R=0.8, U=6 | N5: w=0.168649, R=2, U=10 | N6: w=0.201146, R=3.3, U=15 | N7: w=0.102991, R=0.2, U=2 | N8: w=0.124273, R=0.9, U=5 | 
No improvement in feasible makespan for 4 segments, applying perturbation. New makespan: 11216.7
Penalty lambdas: cap=1.74791, energy=0.843665, deadline=1.22024
=== End of Segment 18 ===
Best Penalized Fallback Score: 11222 with makespan 10749.5
Current Solution Score: 11639.9 with makespan 10958.9
Current mode: Makespan
Average normalized violations: cap=0.0356962, energy=0, deadline=0.0272569
Current Weights, Rewards and Count of neighborhoods: N0: w=0.333659, R=7.5, U=21 | N1: w=0.346408, R=6.4, U=18 | N2: w=0.224434, R=2.8, U=12 | N3: w=0.209015, R=2.7, U=13 | N4: w=0.151641, R=1.7, U=11 | N5: w=0.178054, R=1.2, U=6 | N6: w=0.206802, R=1.8, U=8 | N7: w=0.102094, R=0.5, U=5 | N8: w=0.140991, R=0.6, U=6 | 
Penalty lambdas: cap=1.79341, energy=0.83527, deadline=1.24148
=== End of Segment 19 ===
Best Penalized Fallback Score: 11231.3 with makespan 10749.5
Current Solution Score: 11270.5 with makespan 10748.2
Current mode: Makespan
Average normalized violations: cap=0.0414598, energy=0, deadline=0.0212013
Current Weights, Rewards and Count of neighborhoods: N0: w=0.340704, R=6.6, U=20 | N1: w=0.349152, R=6.1, U=17 | N2: w=0.227104, R=2.1, U=9 | N3: w=0.208618, R=2.4, U=12 | N4: w=0.152513, R=0.8, U=6 | N5: w=0.184638, R=1.8, U=10 | N6: w=0.212262, R=1.3, U=9 | N7: w=0.101466, R=0.5, U=5 | N8: w=0.128694, R=1.2, U=12 | 
Switching scoring mode to Workload for the next segment.
Penalty lambdas: cap=1.85072, energy=0.826959, deadline=1.25547
=== End of Segment 20 ===
Best Penalized Fallback Score: 15799.9 with makespan 10624.2
Current Solution Score: 15810 with makespan 11566.7
Current mode: Workload
Average normalized violations: cap=0.00721903, energy=0, deadline=0.0146227
Current Weights, Rewards and Count of neighborhoods: N0: w=0.337493, R=6.7, U=17 | N1: w=0.352054, R=5.4, U=16 | N2: w=0.228972, R=2.9, U=15 | N3: w=0.206033, R=2.7, U=17 | N4: w=0.146759, R=0.5, U=5 | N5: w=0.183247, R=1.5, U=11 | N6: w=0.191916, R=1, U=10 | N7: w=0.101026, R=0.7, U=7 | N8: w=0.120086, R=0.2, U=2 | 
Switching scoring mode to Makespan for the next segment.
Penalty lambdas: cap=1.84558, energy=0.818731, deadline=1.26129
=== End of Segment 21 ===
Best Penalized Fallback Score: 11821.7 with makespan 11508.7
Current Solution Score: 11337.9 with makespan 10877.4
Current mode: Makespan
Average normalized violations: cap=0.00577034, energy=0, deadline=0.028027
Current Weights, Rewards and Count of neighborhoods: N0: w=0.35448, R=5.6, U=18 | N1: w=0.347688, R=8.2, U=22 | N2: w=0.218281, R=3.2, U=16 | N3: w=0.19187, R=2.5, U=9 | N4: w=0.132731, R=1, U=6 | N5: w=0.169182, R=2, U=12 | N6: w=0.164342, R=1.6, U=6 | N7: w=0.100718, R=0.6, U=6 | N8: w=0.11406, R=0.7, U=5 | 
No improvement in feasible makespan for 4 segments, applying perturbation. New makespan: 10534.8
Penalty lambdas: cap=1.83779, energy=0.810584, deadline=1.28423
=== End of Segment 22 ===
Best Penalized Fallback Score: 11089.3 with makespan 10681.7
Current Solution Score: 11721.2 with makespan 10932.6
Current mode: Makespan
Average normalized violations: cap=0.0384578, energy=0, deadline=0.0233844
Current Weights, Rewards and Count of neighborhoods: N0: w=0.34147, R=7.7, U=21 | N1: w=0.355199, R=6.7, U=21 | N2: w=0.212797, R=1.9, U=7 | N3: w=0.217642, R=2.9, U=11 | N4: w=0.142912, R=2.1, U=11 | N5: w=0.168427, R=1, U=8 | N6: w=0.195039, R=3.1, U=13 | N7: w=0.100503, R=0.3, U=3 | N8: w=0.121842, R=0.5, U=5 | 
Penalty lambdas: cap=1.89084, energy=0.802519, deadline=1.30153
=== End of Segment 23 ===
Best Penalized Fallback Score: 11095.3 with makespan 10681.7
Current Solution Score: 11238.5 with makespan 10702.4
Current mode: Makespan
Average normalized violations: cap=0.0255081, energy=0, deadline=0.0239298
Current Weights, Rewards and Count of neighborhoods: N0: w=0.349029, R=8.8, U=28 | N1: w=0.344354, R=6.6, U=20 | N2: w=0.230386, R=1.4, U=8 | N3: w=0.23144, R=1.7, U=9 | N4: w=0.157311, R=0.7, U=7 | N5: w=0.155399, R=1.1, U=7 | N6: w=0.208066, R=2.4, U=14 | N7: w=0.100352, R=0.2, U=2 | N8: w=0.115289, R=0.5, U=5 | 
Switching scoring mode to Workload for the next segment.
Penalty lambdas: cap=1.9204, energy=0.794534, deadline=1.31979
=== End of Segment 24 ===
Best Penalized Fallback Score: 15683.6 with makespan 10681.7
Current Solution Score: 16693.7 with makespan 12190.5
Current mode: Workload
Average normalized violations: cap=0.0102147, energy=0, deadline=0.0156659
Current Weights, Rewards and Count of neighborhoods: N0: w=0.338606, R=7, U=18 | N1: w=0.340048, R=5.5, U=15 | N2: w=0.21377, R=3.3, U=15 | N3: w=0.218675, R=3.3, U=17 | N4: w=0.140118, R=2, U=12 | N5: w=0.155922, R=0.4, U=4 | N6: w=0.197075, R=1.1, U=7 | N7: w=0.100246, R=0.3, U=3 | N8: w=0.110703, R=0.9, U=9 | 
Switching scoring mode to Makespan for the next segment.
Penalty lambdas: cap=1.92081, energy=0.786628, deadline=1.32729
=== End of Segment 25 ===
Best Penalized Fallback Score: 12038.9 with makespan 11747
Current Solution Score: 11922.5 with makespan 11172.8
Current mode: Makespan
Average normalized violations: cap=0.0384884, energy=0, deadline=0.023283
Current Weights, Rewards and Count of neighborhoods: N0: w=0.353691, R=6.7, U=19 | N1: w=0.348033, R=5.5, U=17 | N2: w=0.215639, R=1.2, U=4 | N3: w=0.211308, R=2.3, U=11 | N4: w=0.148082, R=1.5, U=9 | N5: w=0.139146, R=2.5, U=13 | N6: w=0.185095, R=3.4, U=10 | N7: w=0.100172, R=0.7, U=7 | N8: w=0.107492, R=1, U=10 | 
No improvement in feasible makespan for 4 segments, applying perturbation. New makespan: 11106.3
Penalty lambdas: cap=1.97632, energy=0.778801, deadline=1.34504
=== End of Segment 26 ===
Best Penalized Fallback Score: 11624.3 with makespan 11027.7
Current Solution Score: 11451.4 with makespan 10966.4
Current mode: Makespan
Average normalized violations: cap=0.0429263, energy=0, deadline=0.0212016
Current Weights, Rewards and Count of neighborhoods: N0: w=0.353373, R=8.1, U=21 | N1: w=0.340682, R=7.3, U=17 | N2: w=0.240947, R=3.1, U=11 | N3: w=0.210643, R=2.5, U=9 | N4: w=0.153658, R=1, U=8 | N5: w=0.155094, R=2.2, U=12 | N6: w=0.231567, R=3.5, U=13 | N7: w=0.100121, R=0.3, U=3 | N8: w=0.105244, R=0.6, U=6 | 
Penalty lambdas: cap=2.04247, energy=0.771052, deadline=1.36019
=== End of Segment 27 ===
Best Penalized Fallback Score: 11452.1 with makespan 10962
Current Solution Score: 12164 with makespan 10888.2
Current mode: Makespan
Average normalized violations: cap=0.0139035, energy=0, deadline=0.020815
Current Weights, Rewards and Count of neighborhoods: N0: w=0.363075, R=5.4, U=16 | N1: w=0.367301, R=6.3, U=21 | N2: w=0.253209, R=3.6, U=14 | N3: w=0.230783, R=3.3, U=13 | N4: w=0.14506, R=0.4, U=4 | N5: w=0.163566, R=0.9, U=7 | N6: w=0.242866, R=3, U=18 | N7: w=0.100084, R=0.3, U=3 | N8: w=0.103671, R=0.4, U=4 | 
Switching scoring mode to Workload for the next segment.
Penalty lambdas: cap=2.05046, energy=0.763379, deadline=1.37498
=== End of Segment 28 ===
Best Penalized Fallback Score: 15970.6 with makespan 10885.9
Current Solution Score: 15489.2 with makespan 12144.4
Current mode: Workload
Average normalized violations: cap=0.00503415, energy=0, deadline=0.0100248
Current Weights, Rewards and Count of neighborhoods: N0: w=0.355403, R=5.9, U=15 | N1: w=0.347111, R=8.8, U=22 | N2: w=0.254389, R=3.6, U=16 | N3: w=0.237702, R=3.5, U=17 | N4: w=0.131542, R=1.4, U=8 | N5: w=0.153068, R=1.6, U=8 | N6: w=0.220006, R=2.7, U=9 | N7: w=0.100059, R=0.1, U=1 | N8: w=0.10257, R=0.4, U=4 | 
Switching scoring mode to Makespan for the next segment.
Penalty lambdas: cap=2.0403, energy=0.755784, deadline=1.37501
=== End of Segment 29 ===
Best Penalized Fallback Score: 12047.1 with makespan 11864.3
Current Solution Score: 11533 with makespan 10973.7
Current mode: Makespan
Average normalized violations: cap=0.00708587, energy=0, deadline=0.0261307
Current Weights, Rewards and Count of neighborhoods: N0: w=0.366782, R=5.1, U=15 | N1: w=0.362978, R=6.8, U=20 | N2: w=0.245572, R=3.8, U=14 | N3: w=0.228156, R=1.7, U=9 | N4: w=0.14458, R=0.4, U=4 | N5: w=0.167147, R=2.3, U=11 | N6: w=0.244004, R=3.9, U=17 | N7: w=0.100041, R=0.4, U=4 | N8: w=0.101799, R=1, U=6 | 
No improvement in feasible makespan for 4 segments, applying perturbation. New makespan: 11154.2
Penalty lambdas: cap=2.03437, energy=0.748264, deadline=1.39737
=== End of Segment 30 ===
Best Penalized Fallback Score: 11230.6 with makespan 10800.1
Current Solution Score: 11168.9 with makespan 10856
Current mode: Makespan
Average normalized violations: cap=0.0119947, energy=0, deadline=0.0174301
Current Weights, Rewards and Count of neighborhoods: N0: w=0.358747, R=8.8, U=24 | N1: w=0.356084, R=6.6, U=16 | N2: w=0.253329, R=4.9, U=15 | N3: w=0.216376, R=4.5, U=19 | N4: w=0.131206, R=1.1, U=5 | N5: w=0.17973, R=0.7, U=5 | N6: w=0.239627, R=1.9, U=11 | N7: w=0.100029, R=0.2, U=2 | N8: w=0.121259, R=0.3, U=3 | 
Penalty lambdas: cap=2.03843, energy=0.740818, deadline=1.40779
=== End of Segment 31 ===
Best Penalized Fallback Score: 11171.1 with makespan 10856
Current Solution Score: 11391 with makespan 10941.9
Current mode: Makespan
Average normalized violations: cap=0.00451125, energy=0, deadline=0.0232393
Current Weights, Rewards and Count of neighborhoods: N0: w=0.361123, R=5.9, U=19 | N1: w=0.373009, R=5.4, U=20 | N2: w=0.27533, R=2.3, U=13 | N3: w=0.222516, R=2.8, U=14 | N4: w=0.157844, R=1, U=8 | N5: w=0.167811, R=1.1, U=7 | N6: w=0.219557, R=1.2, U=8 | N7: w=0.10002, R=0.6, U=6 | N8: w=0.114881, R=0.5, U=5 | 
Switching scoring mode to Workload for the next segment.
Penalty lambdas: cap=2.02727, energy=0.733447, deadline=1.42656
=== End of Segment 32 ===
Best Penalized Fallback Score: 15700.6 with makespan 10726.4
Current Solution Score: 15426.7 with makespan 11227.9
Current mode: Workload
Average normalized violations: cap=0.00607104, energy=0, deadline=0.015877
Current Weights, Rewards and Count of neighborhoods: N0: w=0.345944, R=7.2, U=24 | N1: w=0.342106, R=6.3, U=21 | N2: w=0.245808, R=2.4, U=12 | N3: w=0.215761, R=1.5, U=9 | N4: w=0.147991, R=1, U=6 | N5: w=0.164611, R=1.2, U=8 | N6: w=0.19869, R=1.2, U=10 | N7: w=0.100014, R=0.5, U=5 | N8: w=0.110417, R=0.5, U=5 | 
Switching scoring mode to Makespan for the next segment.
Penalty lambdas: cap=2.01932, energy=0.726149, deadline=1.43496
=== End of Segment 33 ===
Best Penalized Fallback Score: 12006 with makespan 11780.8
Current Solution Score: 11109.1 with makespan 10731.9
Current mode: Makespan
Average normalized violations: cap=0.00841175, energy=0, deadline=0.0240868
Current Weights, Rewards and Count of neighborhoods: N0: w=0.332161, R=7.4, U=24 | N1: w=0.329474, R=3.6, U=16 | N2: w=0.232066, R=2.6, U=14 | N3: w=0.201033, R=1.3, U=9 | N4: w=0.153594, R=0.8, U=6 | N5: w=0.160228, R=0.7, U=5 | N6: w=0.175083, R=1.4, U=8 | N7: w=0.10001, R=1.1, U=11 | N8: w=0.107292, R=0.7, U=7 | 
No improvement in feasible makespan for 4 segments, applying perturbation. New makespan: 10519.4
Penalty lambdas: cap=2.01612, energy=0.718924, deadline=1.45532
=== End of Segment 34 ===
Best Penalized Fallback Score: 11104.1 with makespan 10711.9
Current Solution Score: 11837.5 with makespan 10780.8
Current mode: Makespan
Average normalized violations: cap=0.0712534, energy=0, deadline=0.0227728
Current Weights, Rewards and Count of neighborhoods: N0: w=0.325013, R=7.1, U=19 | N1: w=0.298132, R=4.1, U=13 | N2: w=0.21816, R=2.6, U=10 | N3: w=0.184056, R=3.3, U=15 | N4: w=0.147515, R=0.6, U=4 | N5: w=0.154159, R=2.7, U=15 | N6: w=0.175058, R=1.8, U=10 | N7: w=0.100007, R=0.5, U=5 | N8: w=0.105104, R=0.9, U=9 | 
Penalty lambdas: cap=2.14347, energy=0.71177, deadline=1.47403
=== End of Segment 35 ===
Best Penalized Fallback Score: 11111.8 with makespan 10711.9
Current Solution Score: 11917.3 with makespan 11100.8
Current mode: Makespan
Average normalized violations: cap=0.0293598, energy=0, deadline=0.0205915
Current Weights, Rewards and Count of neighborhoods: N0: w=0.339614, R=4.9, U=15 | N1: w=0.303308, R=7.1, U=21 | N2: w=0.230712, R=3, U=10 | N3: w=0.194839, R=2, U=10 | N4: w=0.148261, R=0.9, U=9 | N5: w=0.161911, R=2.5, U=11 | N6: w=0.176541, R=2.5, U=11 | N7: w=0.100005, R=0.6, U=6 | N8: w=0.103573, R=0.7, U=7 | 
Switching scoring mode to Workload for the next segment.
Penalty lambdas: cap=2.18537, energy=0.704688, deadline=1.48973
=== End of Segment 36 ===
Best Penalized Fallback Score: 15680.8 with makespan 10711.9
Current Solution Score: 17058.3 with makespan 11522.4
Current mode: Workload
Average normalized violations: cap=0.00652267, energy=0, deadline=0.0101256
Current Weights, Rewards and Count of neighborhoods: N0: w=0.33573, R=8.2, U=20 | N1: w=0.313744, R=3.9, U=13 | N2: w=0.251499, R=3.7, U=11 | N3: w=0.196388, R=3.7, U=17 | N4: w=0.133783, R=0.9, U=7 | N5: w=0.18152, R=1.4, U=8 | N6: w=0.19176, R=3.8, U=18 | N7: w=0.100003, R=0.2, U=2 | N8: w=0.102501, R=0.4, U=4 | 
Switching scoring mode to Makespan for the next segment.
Penalty lambdas: cap=2.17779, energy=0.697676, deadline=1.48991
=== End of Segment 37 ===
Best Penalized Fallback Score: 11606.8 with makespan 11399.1
Current Solution Score: 11408.1 with makespan 10898
Current mode: Makespan
Average normalized violations: cap=0.00858195, energy=0, deadline=0.0194659
Current Weights, Rewards and Count of neighborhoods: N0: w=0.358011, R=4.8, U=14 | N1: w=0.309621, R=5.5, U=15 | N2: w=0.276958, R=2.4, U=12 | N3: w=0.202765, R=2.1, U=13 | N4: w=0.132219, R=1.8, U=10 | N5: w=0.179564, R=2.7, U=15 | N6: w=0.197565, R=2, U=10 | N7: w=0.100002, R=0.8, U=8 | N8: w=0.101751, R=0.5, U=3 | 
No improvement in feasible makespan for 4 segments, applying perturbation. New makespan: 11174.5
Penalty lambdas: cap=2.1747, energy=0.690734, deadline=1.50408
=== End of Segment 38 ===
Best Penalized Fallback Score: 11410.7 with makespan 10898
Current Solution Score: 12375.5 with makespan 11325.3
Current mode: Makespan
Average normalized violations: cap=0.0574673, energy=0, deadline=0.0238584
Current Weights, Rewards and Count of neighborhoods: N0: w=0.353465, R=6.9, U=21 | N1: w=0.326735, R=7, U=18 | N2: w=0.253871, R=2.6, U=10 | N3: w=0.190397, R=1.3, U=7 | N4: w=0.146553, R=1.6, U=10 | N5: w=0.179695, R=2.7, U=11 | N6: w=0.198296, R=3.9, U=15 | N7: w=0.100002, R=0.3, U=3 | N8: w=0.121226, R=0.5, U=5 | 
Penalty lambdas: cap=2.28042, energy=0.683861, deadline=1.52507
=== End of Segment 39 ===
Best Penalized Fallback Score: 11424.9 with makespan 10898
Current Solution Score: 11806.8 with makespan 11031.4
Current mode: Makespan
Average normalized violations: cap=0.0141877, energy=0, deadline=0.0229484
Current Weights, Rewards and Count of neighborhoods: N0: w=0.345997, R=5.9, U=17 | N1: w=0.345381, R=6.5, U=21 | N2: w=0.255709, R=2.2, U=12 | N3: w=0.188992, R=4.4, U=18 | N4: w=0.150587, R=1.4, U=8 | N5: w=0.199423, R=0.9, U=5 | N6: w=0.216807, R=1.4, U=10 | N7: w=0.100001, R=0.5, U=5 | N8: w=0.114858, R=0.4, U=4 | 
Switching scoring mode to Workload for the next segment.
Penalty lambdas: cap=2.28999, energy=0.677057, deadline=1.54495
=== End of Segment 40 ===
Best Penalized Fallback Score: 16107.6 with makespan 10898
Current Solution Score: 17508 with makespan 11361
Current mode: Workload
Average normalized violations: cap=0.0100051, energy=0, deadline=0.0187654
Current Weights, Rewards and Count of neighborhoods: N0: w=0.346315, R=4.9, U=11 | N1: w=0.334624, R=7.4, U=20 | N2: w=0.233997, R=4.3, U=13 | N3: w=0.205628, R=2.6, U=10 | N4: w=0.157911, R=1.8, U=12 | N5: w=0.193596, R=2.3, U=11 | N6: w=0.193765, R=1.7, U=7 | N7: w=0.100001, R=0.7, U=7 | N8: w=0.110401, R=1.3, U=9 | 
Switching scoring mode to Makespan for the next segment.
Penalty lambdas: cap=2.29, energy=0.67032, deadline=1.55855
=== End of Segment 41 ===
Best Penalized Fallback Score: 11820.6 with makespan 11462.7
Current Solution Score: 11553.3 with makespan 11172.8
Current mode: Makespan
Average normalized violations: cap=0.0039722, energy=0, deadline=0.0239107
Current Weights, Rewards and Count of neighborhoods: N0: w=0.376057, R=8, U=22 | N1: w=0.345237, R=4.5, U=13 | N2: w=0.263028, R=2.7, U=15 | N3: w=0.22194, R=2.5, U=15 | N4: w=0.155538, R=1.1, U=7 | N5: w=0.198244, R=1.7, U=11 | N6: w=0.208493, R=1.7, U=11 | N7: w=0.100001, R=0.4, U=4 | N8: w=0.120614, R=0.4, U=2 | 
No improvement in feasible makespan for 4 segments, applying perturbation. New makespan: 11417.9
Penalty lambdas: cap=2.27624, energy=0.66365, deadline=1.58038
=== End of Segment 42 ===
Best Penalized Fallback Score: 11389.9 with makespan 11004.5
Current Solution Score: 11407 with makespan 10910.7
Current mode: Makespan
Average normalized violations: cap=0.0357574, energy=0, deadline=0.0174126
Current Weights, Rewards and Count of neighborhoods: N0: w=0.372331, R=9.5, U=23 | N1: w=0.345512, R=6.2, U=16 | N2: w=0.23812, R=1.9, U=9 | N3: w=0.205358, R=2.9, U=13 | N4: w=0.156019, R=0.9, U=7 | N5: w=0.185135, R=3.4, U=16 | N6: w=0.192308, R=2.1, U=7 | N7: w=0.1, R=0.8, U=8 | N8: w=0.14443, R=0.3, U=1 | 
Penalty lambdas: cap=2.33563, energy=0.657047, deadline=1.59214
=== End of Segment 43 ===
Best Penalized Fallback Score: 11393.7 with makespan 11004.5
Current Solution Score: 11383.6 with makespan 11073.8
Current mode: Makespan
Average normalized violations: cap=0.0124648, energy=0, deadline=0.0194113
Current Weights, Rewards and Count of neighborhoods: N0: w=0.384545, R=7.4, U=24 | N1: w=0.358108, R=5.9, U=19 | N2: w=0.230017, R=1.6, U=8 | N3: w=0.210673, R=2.1, U=9 | N4: w=0.147785, R=0.7, U=5 | N5: w=0.193344, R=1.5, U=11 | N6: w=0.224616, R=2.9, U=11 | N7: w=0.1, R=0.2, U=2 | N8: w=0.191101, R=1.1, U=11 | 
Switching scoring mode to Workload for the next segment.
Penalty lambdas: cap=2.34139, energy=0.650509, deadline=1.60719
=== End of Segment 44 ===
Best Penalized Fallback Score: 16054.6 with makespan 10852.5
Current Solution Score: 15414.8 with makespan 12538.4
Current mode: Workload
Average normalized violations: cap=0.00311593, energy=0, deadline=0.0110757
Current Weights, Rewards and Count of neighborhoods: N0: w=0.361681, R=6.2, U=16 | N1: w=0.343834, R=6.4, U=18 | N2: w=0.221012, R=3.3, U=11 | N3: w=0.217471, R=3.3, U=13 | N4: w=0.145449, R=1.3, U=11 | N5: w=0.17625, R=2, U=12 | N6: w=0.236322, R=1.6, U=10 | N7: w=0.1, R=0.5, U=5 | N8: w=0.16377, R=0.4, U=4 | 
Switching scoring mode to Makespan for the next segment.
Penalty lambdas: cap=2.32533, energy=0.644036, deadline=1.60892
=== End of Segment 45 ===
Best Penalized Fallback Score: 12653.6 with makespan 12577.4
Current Solution Score: 11669.5 with makespan 11066.1
Current mode: Makespan
Average normalized violations: cap=0.00410142, energy=0, deadline=0.0141428
Current Weights, Rewards and Count of neighborhoods: N0: w=0.369427, R=6.5, U=17 | N1: w=0.34735, R=5.5, U=17 | N2: w=0.244708, R=4.5, U=17 | N3: w=0.228384, R=3, U=12 | N4: w=0.137269, R=0.5, U=3 | N5: w=0.173375, R=1.9, U=7 | N6: w=0.213425, R=2.4, U=10 | N7: w=0.1, R=0.7, U=7 | N8: w=0.144639, R=1.4, U=10 | 
No improvement in feasible makespan for 4 segments, applying perturbation. New makespan: 11608.9
Penalty lambdas: cap=2.31165, energy=0.637628, deadline=1.6156
=== End of Segment 46 ===
Best Penalized Fallback Score: 11250.4 with makespan 10952.4
Current Solution Score: 11428.2 with makespan 10784.3
Current mode: Makespan
Average normalized violations: cap=0.0102645, energy=0, deadline=0.0191969
Current Weights, Rewards and Count of neighborhoods: N0: w=0.373305, R=7.3, U=21 | N1: w=0.340204, R=8.1, U=21 | N2: w=0.250708, R=2.8, U=10 | N3: w=0.234869, R=3.4, U=10 | N4: w=0.146088, R=3.3, U=17 | N5: w=0.202791, R=0.8, U=6 | N6: w=0.221398, R=0.8, U=4 | N7: w=0.1, R=0.6, U=6 | N8: w=0.143248, R=0.9, U=5 | 
Penalty lambdas: cap=2.31226, energy=0.631284, deadline=1.63053
=== End of Segment 47 ===
Best Penalized Fallback Score: 11132 with makespan 10716.2
Current Solution Score: 11268.7 with makespan 10802.6
Current mode: Makespan
Average normalized violations: cap=0.0159528, energy=0, deadline=0.015098
Current Weights, Rewards and Count of neighborhoods: N0: w=0.365599, R=6.5, U=19 | N1: w=0.353857, R=6, U=16 | N2: w=0.259495, R=3, U=14 | N3: w=0.266408, R=1.7, U=11 | N4: w=0.160497, R=1, U=8 | N5: w=0.181954, R=1.6, U=8 | N6: w=0.214978, R=2.3, U=11 | N7: w=0.1, R=0.4, U=4 | N8: w=0.154273, R=0.9, U=9 | 
Switching scoring mode to Workload for the next segment.
Penalty lambdas: cap=2.32607, energy=0.625002, deadline=1.63886
=== End of Segment 48 ===
Best Penalized Fallback Score: 15408.1 with makespan 10582
Current Solution Score: 15424 with makespan 11267.3
Current mode: Workload
Average normalized violations: cap=0.00752549, energy=0, deadline=0.00736636
Current Weights, Rewards and Count of neighborhoods: N0: w=0.358551, R=6.4, U=16 | N1: w=0.3602, R=8.4, U=22 | N2: w=0.245932, R=2.9, U=15 | N3: w=0.232849, R=2, U=6 | N4: w=0.149848, R=2.1, U=9 | N5: w=0.187368, R=0.5, U=5 | N6: w=0.213212, R=1.6, U=14 | N7: w=0.1, R=0.6, U=6 | N8: w=0.137991, R=0.7, U=7 | 
Switching scoring mode to Makespan for the next segment.
Penalty lambdas: cap=2.32032, energy=0.618783, deadline=1.63455
=== End of Segment 49 ===
Best Penalized Fallback Score: 11530.1 with makespan 11375.8
Current Solution Score: 11588.7 with makespan 10663.7
Current mode: Makespan
Average normalized violations: cap=0.0196827, energy=0, deadline=0.017769
Current Weights, Rewards and Count of neighborhoods: N0: w=0.370986, R=5.5, U=17 | N1: w=0.366685, R=6.6, U=20 | N2: w=0.230153, R=1.8, U=6 | N3: w=0.262995, R=2.9, U=13 | N4: w=0.174894, R=1.8, U=12 | N5: w=0.161157, R=2.8, U=10 | N6: w=0.183534, R=2.8, U=10 | N7: w=0.1, R=0.3, U=3 | N8: w=0.126594, R=0.9, U=9 | 
No improvement in feasible makespan for 4 segments, applying perturbation. New makespan: 11294.8
Penalty lambdas: cap=2.3429, energy=0.612626, deadline=1.6473
=== End of Segment 50 ===
Best Penalized Fallback Score: 11091.9 with makespan 10663.7
Current Solution Score: 11942.6 with makespan 11231.6
Current mode: Makespan
Average normalized violations: cap=0.0312619, energy=0, deadline=0.0189251
Current Weights, Rewards and Count of neighborhoods: N0: w=0.356749, R=4.9, U=15 | N1: w=0.35568, R=9.2, U=24 | N2: w=0.251107, R=3.7, U=15 | N3: w=0.251019, R=4, U=14 | N4: w=0.167426, R=1.6, U=8 | N5: w=0.19681, R=0.8, U=6 | N6: w=0.212474, R=1.2, U=6 | N7: w=0.1, R=0.4, U=4 | N8: w=0.118616, R=0.8, U=8 | 
Penalty lambdas: cap=2.39325, energy=0.606531, deadline=1.66207
=== End of Segment 51 ===
Best Penalized Fallback Score: 11096.8 with makespan 10663.7
Current Solution Score: 13585.3 with makespan 10586.7
Current mode: Makespan
Average normalized violations: cap=0.0330823, energy=0, deadline=0.0183454
Current Weights, Rewards and Count of neighborhoods: N0: w=0.347724, R=7, U=22 | N1: w=0.363976, R=6, U=18 | N2: w=0.249775, R=2, U=8 | N3: w=0.261428, R=3.1, U=15 | N4: w=0.177198, R=0.5, U=5 | N5: w=0.177767, R=1.9, U=7 | N6: w=0.208732, R=1.4, U=10 | N7: w=0.1, R=0.4, U=4 | N8: w=0.113031, R=1.1, U=11 | 
Switching scoring mode to Workload for the next segment.
Penalty lambdas: cap=2.44913, energy=0.600496, deadline=1.676
=== End of Segment 52 ===
Best Penalized Fallback Score: 15699 with makespan 10663.7
Current Solution Score: 15692.1 with makespan 11090.4
Current mode: Workload
Average normalized violations: cap=0.0114621, energy=0, deadline=0.0179258
Current Weights, Rewards and Count of neighborhoods: N0: w=0.338861, R=8.2, U=20 | N1: w=0.354783, R=5.4, U=14 | N2: w=0.249842, R=2, U=6 | N3: w=0.244999, R=4.2, U=20 | N4: w=0.154039, R=1.6, U=8 | N5: w=0.205866, R=2.8, U=12 | N6: w=0.188112, R=1.4, U=6 | N7: w=0.1, R=0.6, U=6 | N8: w=0.109122, R=1, U=8 | 
Switching scoring mode to Makespan for the next segment.
Penalty lambdas: cap=2.45271, energy=0.594521, deadline=1.68933
=== End of Segment 53 ===
Best Penalized Fallback Score: 11462.1 with makespan 11146.3
Current Solution Score: 11374.5 with makespan 11021.6
Current mode: Makespan
Average normalized violations: cap=0.00453737, energy=0, deadline=0.0176979
Current Weights, Rewards and Count of neighborhoods: N0: w=0.360203, R=5.9, U=17 | N1: w=0.364062, R=8.5, U=23 | N2: w=0.27489, R=1.8, U=10 | N3: w=0.2345, R=3.3, U=13 | N4: w=0.167827, R=0.8, U=6 | N5: w=0.214106, R=1.2, U=10 | N6: w=0.201679, R=2.4, U=12 | N7: w=0.1, R=0.5, U=5 | N8: w=0.113885, R=0.4, U=4 | 
No improvement in feasible makespan for 4 segments, applying perturbation. New makespan: 10586.2
Penalty lambdas: cap=2.43935, energy=0.588605, deadline=1.70239
=== End of Segment 54 ===
Best Penalized Fallback Score: 10983.1 with makespan 10575.9
Current Solution Score: 11487.3 with makespan 10823.8
Current mode: Makespan
Average normalized violations: cap=0.0420467, energy=0, deadline=0.0149313
Current Weights, Rewards and Count of neighborhoods: N0: w=0.35626, R=7.5, U=21 | N1: w=0.365713, R=5.8, U=16 | N2: w=0.246423, R=2.4, U=10 | N3: w=0.240304, R=2.6, U=12 | N4: w=0.157479, R=1, U=6 | N5: w=0.185874, R=1.3, U=9 | N6: w=0.201175, R=4.8, U=16 | N7: w=0.1, R=0.2, U=2 | N8: w=0.10972, R=1, U=8 | 
Penalty lambdas: cap=2.51879, energy=0.582748, deadline=1.71081
=== End of Segment 55 ===
Best Penalized Fallback Score: 10986.7 with makespan 10575.9
Current Solution Score: 11204.9 with makespan 10858.2
Current mode: Makespan
Average normalized violations: cap=0.00912871, energy=0, deadline=0.0144899
Current Weights, Rewards and Count of neighborhoods: N0: w=0.356525, R=7.7, U=23 | N1: w=0.364749, R=4.8, U=12 | N2: w=0.244496, R=1.9, U=9 | N3: w=0.233212, R=2.9, U=15 | N4: w=0.160235, R=0.7, U=5 | N5: w=0.173445, R=1.6, U=10 | N6: w=0.230823, R=2.9, U=17 | N7: w=0.1, R=0.4, U=4 | N8: w=0.114304, R=0.9, U=5 | 
Switching scoring mode to Workload for the next segment.
Penalty lambdas: cap=2.5166, energy=0.57695, deadline=1.7185
=== End of Segment 56 ===
Best Penalized Fallback Score: 15494.4 with makespan 10575.9
Current Solution Score: 15871.4 with makespan 11955.9
Current mode: Workload
Average normalized violations: cap=0.00443901, energy=0, deadline=0.00599512
Current Weights, Rewards and Count of neighborhoods: N0: w=0.350002, R=6.5, U=19 | N1: w=0.375325, R=8.4, U=22 | N2: w=0.23448, R=2.7, U=9 | N3: w=0.221249, R=1.7, U=11 | N4: w=0.154165, R=0.8, U=8 | N5: w=0.169412, R=1.6, U=8 | N6: w=0.212752, R=1.4, U=12 | N7: w=0.1, R=0.4, U=4 | N8: w=0.134013, R=0.7, U=7 | 
Switching scoring mode to Makespan for the next segment.
Penalty lambdas: cap=2.50264, energy=0.571209, deadline=1.71164
=== End of Segment 57 ===
Best Penalized Fallback Score: 12131.1 with makespan 12034.3
Current Solution Score: 11195.6 with makespan 10874.4
Current mode: Makespan
Average normalized violations: cap=0.00182534, energy=0, deadline=0.0119384
Current Weights, Rewards and Count of neighborhoods: N0: w=0.347633, R=8.6, U=24 | N1: w=0.377273, R=7.7, U=27 | N2: w=0.254136, R=2.7, U=11 | N3: w=0.201238, R=1.1, U=5 | N4: w=0.137915, R=0.6, U=6 | N5: w=0.178588, R=2.9, U=15 | N6: w=0.183927, R=2.2, U=10 | N7: w=0.1, R=0.2, U=2 | N8: w=0.123809, R=0, U=0 | 
No improvement in feasible makespan for 4 segments, applying perturbation. New makespan: 11311.6
Penalty lambdas: cap=2.48227, energy=0.565525, deadline=1.71496
=== End of Segment 58 ===
Best Penalized Fallback Score: 11078.8 with makespan 10805
Current Solution Score: 11570.3 with makespan 11110.8
Current mode: Makespan
Average normalized violations: cap=0.0192185, energy=0, deadline=0.0153143
Current Weights, Rewards and Count of neighborhoods: N0: w=0.350843, R=7, U=18 | N1: w=0.349646, R=5.6, U=16 | N2: w=0.251532, R=4.6, U=16 | N3: w=0.206866, R=1.5, U=7 | N4: w=0.126541, R=1.6, U=8 | N5: w=0.183012, R=2.3, U=11 | N6: w=0.194749, R=2.7, U=11 | N7: w=0.1, R=0.6, U=6 | N8: w=0.123809, R=1.1, U=7 | 
Penalty lambdas: cap=2.50525, energy=0.559898, deadline=1.72409
=== End of Segment 59 ===
Best Penalized Fallback Score: 11080.4 with makespan 10805
Current Solution Score: 11365 with makespan 11114.5
Current mode: Makespan
Average normalized violations: cap=0.00813718, energy=0, deadline=0.0160518
Current Weights, Rewards and Count of neighborhoods: N0: w=0.362257, R=5, U=12 | N1: w=0.349752, R=5.6, U=18 | N2: w=0.262322, R=3.2, U=12 | N3: w=0.209092, R=2.3, U=13 | N4: w=0.148578, R=0.5, U=3 | N5: w=0.190835, R=2.6, U=16 | N6: w=0.20996, R=1.6, U=12 | N7: w=0.1, R=0.9, U=9 | N8: w=0.133809, R=0.5, U=5 | 
Switching scoring mode to Workload for the next segment.
Penalty lambdas: cap=2.50059, energy=0.554327, deadline=1.73456
=== End of Segment 60 ===
Best Penalized Fallback Score: 15660.1 with makespan 10805
Current Solution Score: 15310 with makespan 11234.9
Current mode: Workload
Average normalized violations: cap=0.00218888, energy=0, deadline=0.00801843
Current Weights, Rewards and Count of neighborhoods: N0: w=0.37858, R=6.5, U=19 | N1: w=0.33816, R=7.7, U=23 | N2: w=0.263626, R=4.6, U=18 | N3: w=0.199441, R=0.7, U=7 | N4: w=0.154005, R=1.5, U=11 | N5: w=0.182335, R=0.6, U=4 | N6: w=0.186972, R=1.7, U=11 | N7: w=0.1, R=0.5, U=5 | N8: w=0.123666, R=0.6, U=2 | 
Switching scoring mode to Makespan for the next segment.
Penalty lambdas: cap=2.48114, energy=0.548812, deadline=1.73113
=== End of Segment 61 ===
Best Penalized Fallback Score: 11519 with makespan 11371.5
Current Solution Score: 12072.7 with makespan 11033
Current mode: Makespan
Average normalized violations: cap=0.0283727, energy=0, deadline=0.0160489
Current Weights, Rewards and Count of neighborhoods: N0: w=0.367637, R=4.9, U=17 | N1: w=0.337147, R=5.1, U=17 | N2: w=0.261205, R=4.5, U=15 | N3: w=0.169609, R=1.6, U=6 | N4: w=0.148713, R=0.8, U=6 | N5: w=0.172634, R=2.4, U=12 | N6: w=0.177244, R=2.2, U=8 | N7: w=0.1, R=0.5, U=5 | N8: w=0.176566, R=1.4, U=14 | 
No improvement in feasible makespan for 4 segments, applying perturbation. New makespan: 11012.4
Penalty lambdas: cap=2.52714, energy=0.543351, deadline=1.74163
=== End of Segment 62 ===
Best Penalized Fallback Score: 10957.9 with makespan 10658.5
Current Solution Score: 12059 with makespan 11137.9
Current mode: Makespan
Average normalized violations: cap=0.0223739, energy=0, deadline=0.0178872
Current Weights, Rewards and Count of neighborhoods: N0: w=0.343817, R=6.1, U=19 | N1: w=0.326003, R=4.4, U=14 | N2: w=0.272843, R=6.2, U=16 | N3: w=0.198726, R=2.2, U=10 | N4: w=0.144099, R=1.6, U=10 | N5: w=0.180844, R=0.8, U=4 | N6: w=0.206571, R=2.3, U=13 | N7: w=0.1, R=0.5, U=5 | N8: w=0.153597, R=1.1, U=9 | 
Penalty lambdas: cap=2.55861, energy=0.537944, deadline=1.75542
=== End of Segment 63 ===
Best Penalized Fallback Score: 10960.5 with makespan 10658.5
Current Solution Score: 11565.5 with makespan 10953.6
Current mode: Makespan
Average normalized violations: cap=0.0155024, energy=0, deadline=0.0166882
Current Weights, Rewards and Count of neighborhoods: N0: w=0.336988, R=5.3, U=15 | N1: w=0.322488, R=5.9, U=17 | N2: w=0.30724, R=3.5, U=19 | N3: w=0.205108, R=3, U=14 | N4: w=0.148869, R=1.5, U=9 | N5: w=0.186591, R=1.5, U=9 | N6: w=0.197677, R=1.9, U=9 | N7: w=0.1, R=0.6, U=6 | N8: w=0.144184, R=0.2, U=2 | 
Switching scoring mode to Workload for the next segment.
Penalty lambdas: cap=2.57272, energy=0.532592, deadline=1.7672
=== End of Segment 64 ===
Best Penalized Fallback Score: 15500.3 with makespan 10658.5
Current Solution Score: 15753.4 with makespan 11887.8
Current mode: Workload
Average normalized violations: cap=0.0121505, energy=0, deadline=0.00866802
Current Weights, Rewards and Count of neighborhoods: N0: w=0.341891, R=5.3, U=15 | N1: w=0.329859, R=4.4, U=12 | N2: w=0.270331, R=3.9, U=15 | N3: w=0.207862, R=3.2, U=12 | N4: w=0.154208, R=1.4, U=10 | N5: w=0.180614, R=2.6, U=16 | N6: w=0.201707, R=1.5, U=7 | N7: w=0.1, R=0.7, U=7 | N8: w=0.130929, R=0.6, U=6 | 
Switching scoring mode to Makespan for the next segment.
Penalty lambdas: cap=2.57826, energy=0.527292, deadline=1.76485
=== End of Segment 65 ===
Best Penalized Fallback Score: 11794.5 with makespan 11447.6
Current Solution Score: 11459.8 with makespan 10757.4
Current mode: Makespan
Average normalized violations: cap=0.0082801, energy=0, deadline=0.0145511
Current Weights, Rewards and Count of neighborhoods: N0: w=0.345324, R=7.6, U=22 | N1: w=0.340901, R=5.3, U=13 | N2: w=0.267232, R=2.9, U=13 | N3: w=0.225503, R=3.1, U=11 | N4: w=0.149946, R=2.3, U=11 | N5: w=0.17518, R=1.6, U=8 | N6: w=0.205481, R=1.9, U=9 | N7: w=0.1, R=0.6, U=6 | N8: w=0.12165, R=0.7, U=7 | 
No improvement in feasible makespan for 4 segments, applying perturbation. New makespan: 11203
Penalty lambdas: cap=2.57383, energy=0.522046, deadline=1.7729
=== End of Segment 66 ===
Best Penalized Fallback Score: 10835.7 with makespan 10555.9
Current Solution Score: 11428.4 with makespan 11061.9
Current mode: Makespan
Average normalized violations: cap=0.0172338, energy=0, deadline=0.0217511
Current Weights, Rewards and Count of neighborhoods: N0: w=0.345363, R=7.1, U=19 | N1: w=0.360939, R=5.5, U=19 | N2: w=0.253985, R=4, U=14 | N3: w=0.242398, R=4.3, U=13 | N4: w=0.167689, R=1.2, U=8 | N5: w=0.182626, R=0.9, U=5 | N6: w=0.20717, R=2.2, U=12 | N7: w=0.1, R=0.4, U=4 | N8: w=0.115155, R=0.6, U=6 | 
Penalty lambdas: cap=2.59252, energy=0.516851, deadline=1.79385
=== End of Segment 67 ===
Best Penalized Fallback Score: 10839 with makespan 10555.9
Current Solution Score: 11078.1 with makespan 10662.8
Current mode: Makespan
Average normalized violations: cap=0.00934646, energy=0, deadline=0.0178494
Current Weights, Rewards and Count of neighborhoods: N0: w=0.353859, R=5.5, U=17 | N1: w=0.339499, R=5.5, U=15 | N2: w=0.263504, R=4.5, U=15 | N3: w=0.268909, R=2.4, U=14 | N4: w=0.162383, R=0.7, U=5 | N5: w=0.181838, R=2.5, U=15 | N6: w=0.200019, R=1.6, U=10 | N7: w=0.1, R=0.3, U=3 | N8: w=0.110609, R=0.6, U=6 | 
Switching scoring mode to Workload for the next segment.
Penalty lambdas: cap=2.59083, energy=0.511709, deadline=1.80799
=== End of Segment 68 ===
Best Penalized Fallback Score: 15314.6 with makespan 10555.9
Current Solution Score: 15140.3 with makespan 11622.7
Current mode: Workload
Average normalized violations: cap=0.00110448, energy=0, deadline=0.00847737
Current Weights, Rewards and Count of neighborhoods: N0: w=0.34476, R=8.3, U=21 | N1: w=0.347649, R=4.4, U=14 | N2: w=0.274453, R=6, U=26 | N3: w=0.239665, R=2, U=12 | N4: w=0.155668, R=1.1, U=9 | N5: w=0.177287, R=0.6, U=6 | N6: w=0.188013, R=0.5, U=3 | N7: w=0.1, R=0.5, U=5 | N8: w=0.107426, R=0.6, U=4 | 
Switching scoring mode to Makespan for the next segment.
Penalty lambdas: cap=2.56788, energy=0.506617, deadline=1.80524
=== End of Segment 69 ===
Best Penalized Fallback Score: 11753.1 with makespan 11622.7
Current Solution Score: 11550.3 with makespan 11177.5
Current mode: Makespan
Average normalized violations: cap=0.00435348, energy=0, deadline=0.0136002
Current Weights, Rewards and Count of neighborhoods: N0: w=0.359904, R=5.2, U=16 | N1: w=0.33764, R=5.7, U=17 | N2: w=0.261348, R=4.5, U=15 | N3: w=0.217765, R=2.2, U=12 | N4: w=0.145634, R=0.7, U=7 | N5: w=0.154101, R=1.6, U=10 | N6: w=0.181609, R=2.9, U=11 | N7: w=0.1, R=0.5, U=5 | N8: w=0.120198, R=0.7, U=7 | 
No improvement in feasible makespan for 4 segments, applying perturbation. New makespan: 10828.2
Penalty lambdas: cap=2.55342, energy=0.501576, deadline=1.81175
=== End of Segment 70 ===
Best Penalized Fallback Score: 11158.4 with makespan 10977.3
Current Solution Score: 12029.5 with makespan 11208.3
Current mode: Makespan
Average normalized violations: cap=0.0166543, energy=0, deadline=0.0130828
Current Weights, Rewards and Count of neighborhoods: N0: w=0.349433, R=5.6, U=18 | N1: w=0.336936, R=5.9, U=17 | N2: w=0.272943, R=3, U=12 | N3: w=0.207436, R=3.5, U=13 | N4: w=0.131944, R=0.8, U=6 | N5: w=0.15587, R=1.4, U=10 | N6: w=0.206217, R=2.6, U=12 | N7: w=0.1, R=0.5, U=5 | N8: w=0.114139, R=1.1, U=7 | 
Penalty lambdas: cap=2.57047, energy=0.496585, deadline=1.81734
=== End of Segment 71 ===
Best Penalized Fallback Score: 11159 with makespan 10977.3
Current Solution Score: 12370.6 with makespan 11324.5
Current mode: Makespan
Average normalized violations: cap=0.0193307, energy=0, deadline=0.0135497
Current Weights, Rewards and Count of neighborhoods: N0: w=0.337936, R=4.3, U=13 | N1: w=0.339973, R=6.5, U=17 | N2: w=0.26606, R=3.3, U=17 | N3: w=0.225974, R=2.6, U=10 | N4: w=0.132361, R=0.8, U=8 | N5: w=0.151109, R=2, U=8 | N6: w=0.209352, R=2.6, U=16 | N7: w=0.1, R=0.3, U=3 | N8: w=0.12704, R=0.8, U=8 | 
Switching scoring mode to Workload for the next segment.
Penalty lambdas: cap=2.59457, energy=0.491644, deadline=1.82381
=== End of Segment 72 ===
Best Penalized Fallback Score: 15780.1 with makespan 10977.3
Current Solution Score: 15644.6 with makespan 11903.5
Current mode: Workload
Average normalized violations: cap=0.00572084, energy=0, deadline=0.00814611
Current Weights, Rewards and Count of neighborhoods: N0: w=0.335786, R=7.8, U=20 | N1: w=0.352687, R=9, U=22 | N2: w=0.244478, R=3.5, U=13 | N3: w=0.236182, R=3.3, U=13 | N4: w=0.122653, R=0.9, U=7 | N5: w=0.180777, R=1.7, U=9 | N6: w=0.195297, R=1.6, U=8 | N7: w=0.1, R=0.3, U=3 | N8: w=0.118928, R=0.5, U=5 | 
Switching scoring mode to Makespan for the next segment.
Penalty lambdas: cap=2.58349, energy=0.486752, deadline=1.82043
=== End of Segment 73 ===
Best Penalized Fallback Score: 11662.8 with makespan 11489.3
Current Solution Score: 11323.2 with makespan 10984.6
Current mode: Makespan
Average normalized violations: cap=0.00621416, energy=0, deadline=0.0131377
Current Weights, Rewards and Count of neighborhoods: N0: w=0.35205, R=7.6, U=18 | N1: w=0.369608, R=7.3, U=19 | N2: w=0.251904, R=3.4, U=14 | N3: w=0.241481, R=2.9, U=11 | N4: w=0.124428, R=1.2, U=8 | N5: w=0.18321, R=1.9, U=9 | N6: w=0.196708, R=2.3, U=11 | N7: w=0.1, R=0.4, U=4 | N8: w=0.11325, R=0.6, U=6 | 
No improvement in feasible makespan for 4 segments, applying perturbation. New makespan: 11202
Penalty lambdas: cap=2.57373, energy=0.481909, deadline=1.82615
=== End of Segment 74 ===
Best Penalized Fallback Score: 10851.4 with makespan 10585.6
Current Solution Score: 11939.5 with makespan 11292.3
Current mode: Makespan
Average normalized violations: cap=0.0427002, energy=0, deadline=0.0195517
Current Weights, Rewards and Count of neighborhoods: N0: w=0.373102, R=4.5, U=13 | N1: w=0.373989, R=6.2, U=16 | N2: w=0.24919, R=4.8, U=16 | N3: w=0.248128, R=3.7, U=13 | N4: w=0.1321, R=0.6, U=4 | N5: w=0.19158, R=2.4, U=14 | N6: w=0.200423, R=3.3, U=11 | N7: w=0.1, R=0.6, U=6 | N8: w=0.109275, R=0.7, U=7 | 
Penalty lambdas: cap=2.65928, energy=0.477114, deadline=1.84368
=== End of Segment 75 ===
Best Penalized Fallback Score: 10854.6 with makespan 10585.6
Current Solution Score: 11581.5 with makespan 11059.4
Current mode: Makespan
Average normalized violations: cap=0.0108336, energy=0, deadline=0.0163493
Current Weights, Rewards and Count of neighborhoods: N0: w=0.365017, R=3.8, U=12 | N1: w=0.378042, R=7.6, U=22 | N2: w=0.264433, R=2.9, U=11 | N3: w=0.259074, R=3.1, U=11 | N4: w=0.13747, R=2.7, U=13 | N5: w=0.185535, R=2.4, U=14 | N6: w=0.230296, R=2.1, U=9 | N7: w=0.1, R=0.4, U=4 | N8: w=0.106492, R=0.4, U=4 | 
Switching scoring mode to Workload for the next segment.
Penalty lambdas: cap=2.6615, energy=0.472367, deadline=1.85542
=== End of Segment 76 ===
Best Penalized Fallback Score: 15328.7 with makespan 10585.6
Current Solution Score: 15530.7 with makespan 11772.7
Current mode: Workload
Average normalized violations: cap=0.00249169, energy=0, deadline=0.00877206
Current Weights, Rewards and Count of neighborhoods: N0: w=0.350512, R=6.2, U=16 | N1: w=0.368266, R=6.5, U=17 | N2: w=0.264194, R=4, U=14 | N3: w=0.265897, R=4.1, U=17 | N4: w=0.158537, R=1.5, U=11 | N5: w=0.181303, R=2.8, U=14 | N6: w=0.231207, R=0.6, U=6 | N7: w=0.1, R=0.3, U=3 | N8: w=0.104545, R=0.2, U=2 | 
Switching scoring mode to Makespan for the next segment.
Penalty lambdas: cap=2.64159, energy=0.467666, deadline=1.85314
=== End of Segment 77 ===
Best Penalized Fallback Score: 11768.7 with makespan 11546.5
Current Solution Score: 11200 with makespan 10806
Current mode: Makespan
Average normalized violations: cap=0.0025535, energy=0, deadline=0.0157527
Current Weights, Rewards and Count of neighborhoods: N0: w=0.361609, R=7.5, U=25 | N1: w=0.372492, R=7.8, U=20 | N2: w=0.27065, R=3.8, U=14 | N3: w=0.258481, R=2.3, U=11 | N4: w=0.151885, R=1.2, U=8 | N5: w=0.186912, R=0.4, U=2 | N6: w=0.191845, R=1.5, U=11 | N7: w=0.1, R=0.6, U=6 | N8: w=0.103181, R=0.3, U=3 | 
No improvement in feasible makespan for 4 segments, applying perturbation. New makespan: 12026.3
Penalty lambdas: cap=2.62199, energy=0.463013, deadline=1.86383
=== End of Segment 78 ===
Best Penalized Fallback Score: 11071.1 with makespan 10695.2
Current Solution Score: 11265.4 with makespan 10876
Current mode: Makespan
Average normalized violations: cap=0.0202013, energy=0, deadline=0.0153591
Current Weights, Rewards and Count of neighborhoods: N0: w=0.343126, R=6.3, U=17 | N1: w=0.377744, R=9.3, U=25 | N2: w=0.270884, R=3, U=12 | N3: w=0.243664, R=3.3, U=9 | N4: w=0.151319, R=0.6, U=6 | N5: w=0.190838, R=2.6, U=12 | N6: w=0.175201, R=2.5, U=11 | N7: w=0.1, R=0.5, U=5 | N8: w=0.102227, R=0.3, U=3 | 
Penalty lambdas: cap=2.64887, energy=0.458406, deadline=1.87385
=== End of Segment 79 ===
Best Penalized Fallback Score: 11073.2 with makespan 10695.2
Current Solution Score: 11989.9 with makespan 10841.8
Current mode: Makespan
Average normalized violations: cap=0.011548, energy=0, deadline=0.0141578
Current Weights, Rewards and Count of neighborhoods: N0: w=0.351365, R=7, U=20 | N1: w=0.376021, R=6.4, U=22 | N2: w=0.264618, R=2.3, U=11 | N3: w=0.280565, R=2.4, U=14 | N4: w=0.135923, R=0.4, U=2 | N5: w=0.198587, R=2.2, U=12 | N6: w=0.190822, R=1.8, U=8 | N7: w=0.1, R=0.2, U=2 | N8: w=0.101559, R=0.9, U=9 | 
Switching scoring mode to Workload for the next segment.
Penalty lambdas: cap=2.65298, energy=0.453845, deadline=1.88166
=== End of Segment 80 ===
Best Penalized Fallback Score: 15617.7 with makespan 10623.9
Current Solution Score: 15150.5 with makespan 11591.3
Current mode: Workload
Average normalized violations: cap=0.00747995, energy=0, deadline=0.0100568
Current Weights, Rewards and Count of neighborhoods: N0: w=0.350955, R=8.3, U=21 | N1: w=0.350487, R=4.4, U=12 | N2: w=0.24796, R=4.9, U=17 | N3: w=0.247824, R=2.2, U=10 | N4: w=0.155146, R=2, U=12 | N5: w=0.194011, R=2.1, U=9 | N6: w=0.201076, R=1.3, U=9 | N7: w=0.1, R=0.5, U=5 | N8: w=0.101091, R=0.7, U=5 | 
Switching scoring mode to Makespan for the next segment.
Penalty lambdas: cap=2.6463, energy=0.449329, deadline=1.88176
=== End of Segment 81 ===
Best Penalized Fallback Score: 11798 with makespan 11591.3
Current Solution Score: 11283.3 with makespan 10934.9
Current mode: Makespan
Average normalized violations: cap=0.00460828, energy=0, deadline=0.0151055
Current Weights, Rewards and Count of neighborhoods: N0: w=0.36424, R=7.2, U=20 | N1: w=0.355341, R=4.7, U=15 | N2: w=0.260043, R=3, U=12 | N3: w=0.239477, R=2.4, U=14 | N4: w=0.158603, R=1.1, U=9 | N5: w=0.205808, R=2.9, U=15 | N6: w=0.184086, R=1.4, U=6 | N7: w=0.1, R=0.2, U=2 | N8: w=0.112764, R=1.1, U=7 | 
No improvement in feasible makespan for 4 segments, applying perturbation. New makespan: 10932
Penalty lambdas: cap=2.63207, energy=0.444858, deadline=1.8914
=== End of Segment 82 ===
Best Penalized Fallback Score: 11024.1 with makespan 10657.2
Current Solution Score: 11124.7 with makespan 10667.9
Current mode: Makespan
Average normalized violations: cap=0.00789073, energy=0, deadline=0.0135293
Current Weights, Rewards and Count of neighborhoods: N0: w=0.362968, R=7.9, U=21 | N1: w=0.342739, R=6.5, U=17 | N2: w=0.25703, R=3.5, U=13 | N3: w=0.219062, R=3, U=14 | N4: w=0.147688, R=1.2, U=8 | N5: w=0.202065, R=2.3, U=13 | N6: w=0.19886, R=1.7, U=9 | N7: w=0.1, R=0.4, U=4 | N8: w=0.126078, R=0.3, U=1 | 
Penalty lambdas: cap=2.62652, energy=0.440432, deadline=1.89808
=== End of Segment 83 ===
Best Penalized Fallback Score: 10847.3 with makespan 10417.6
Current Solution Score: 11122.1 with makespan 10574.1
Current mode: Makespan
Average normalized violations: cap=0.0118502, energy=0, deadline=0.0155865
Current Weights, Rewards and Count of neighborhoods: N0: w=0.366935, R=3.9, U=13 | N1: w=0.354623, R=3.9, U=13 | N2: w=0.26069, R=3.7, U=17 | N3: w=0.217629, R=2.1, U=9 | N4: w=0.148382, R=1.3, U=9 | N5: w=0.194523, R=1.8, U=10 | N6: w=0.195869, R=2.3, U=13 | N7: w=0.1, R=0.9, U=9 | N8: w=0.178254, R=0.7, U=7 | 
Switching scoring mode to Workload for the next segment.
Penalty lambdas: cap=2.63139, energy=0.436049, deadline=1.90872
=== End of Segment 84 ===
Best Penalized Fallback Score: 15341.8 with makespan 10417.6
Current Solution Score: 15196.1 with makespan 11512.9
Current mode: Workload
Average normalized violations: cap=0.00487668, energy=0, deadline=0.00888119
Current Weights, Rewards and Count of neighborhoods: N0: w=0.346854, R=7.2, U=20 | N1: w=0.338236, R=7, U=22 | N2: w=0.247777, R=3.6, U=14 | N3: w=0.222341, R=1.8, U=10 | N4: w=0.147201, R=1, U=6 | N5: w=0.190166, R=1.3, U=7 | N6: w=0.190185, R=1.3, U=9 | N7: w=0.1, R=0.4, U=4 | N8: w=0.154778, R=0.8, U=8 | 
Switching scoring mode to Makespan for the next segment.
Penalty lambdas: cap=2.61794, energy=0.431711, deadline=1.90658
=== End of Segment 85 ===
Best Penalized Fallback Score: 11442.6 with makespan 11232.3
Current Solution Score: 11291.7 with makespan 10836
Current mode: Makespan
Average normalized violations: cap=0.00317686, energy=0, deadline=0.0188716
Current Weights, Rewards and Count of neighborhoods: N0: w=0.350798, R=6.1, U=21 | N1: w=0.33222, R=3.8, U=12 | N2: w=0.250587, R=2.7, U=13 | N3: w=0.209638, R=1.3, U=7 | N4: w=0.15304, R=2.3, U=13 | N5: w=0.18883, R=0.5, U=3 | N6: w=0.176463, R=2.6, U=20 | N7: w=0.1, R=0.8, U=8 | N8: w=0.138345, R=0.3, U=3 | 
No improvement in feasible makespan for 4 segments, applying perturbation. New makespan: 11330.8
Penalty lambdas: cap=2.60014, energy=0.427415, deadline=1.92357
=== End of Segment 86 ===
Best Penalized Fallback Score: 11018.3 with makespan 10671
Current Solution Score: 11510.9 with makespan 11056.1
Current mode: Makespan
Average normalized violations: cap=0.020726, energy=0, deadline=0.0205849
Current Weights, Rewards and Count of neighborhoods: N0: w=0.332701, R=4.7, U=15 | N1: w=0.327554, R=6.4, U=16 | N2: w=0.237719, R=4.4, U=12 | N3: w=0.202461, R=4.1, U=11 | N4: w=0.160205, R=1.3, U=9 | N5: w=0.182181, R=2.1, U=11 | N6: w=0.162524, R=2.2, U=10 | N7: w=0.1, R=0.8, U=8 | N8: w=0.126841, R=0.8, U=8 | 
Penalty lambdas: cap=2.62818, energy=0.423162, deadline=1.94404
=== End of Segment 87 ===
Best Penalized Fallback Score: 11022 with makespan 10671
Current Solution Score: 13436.2 with makespan 11182
Current mode: Makespan
Average normalized violations: cap=0.0167594, energy=0, deadline=0.0198988
Current Weights, Rewards and Count of neighborhoods: N0: w=0.326891, R=4.6, U=12 | N1: w=0.349288, R=5.8, U=18 | N2: w=0.276403, R=2.7, U=13 | N3: w=0.253541, R=2.8, U=14 | N4: w=0.155477, R=2, U=12 | N5: w=0.1848, R=2.1, U=9 | N6: w=0.179767, R=1.1, U=9 | N7: w=0.1, R=0.4, U=4 | N8: w=0.118789, R=0.9, U=9 | 
Switching scoring mode to Workload for the next segment.
Penalty lambdas: cap=2.646, energy=0.418952, deadline=1.96338
=== End of Segment 88 ===
Best Penalized Fallback Score: 15534.7 with makespan 10671
Current Solution Score: 15084.7 with makespan 11734.6
Current mode: Workload
Average normalized violations: cap=0.0145393, energy=0, deadline=0.00784233
Current Weights, Rewards and Count of neighborhoods: N0: w=0.343824, R=5.7, U=13 | N1: w=0.341168, R=9.9, U=23 | N2: w=0.25579, R=4.9, U=15 | N3: w=0.237479, R=5.7, U=17 | N4: w=0.158834, R=1.5, U=7 | N5: w=0.19936, R=1.8, U=8 | N6: w=0.162503, R=1, U=6 | N7: w=0.1, R=0.4, U=4 | N8: w=0.113152, R=0.7, U=7 | 
Switching scoring mode to Makespan for the next segment.
Penalty lambdas: cap=2.65804, energy=0.414783, deadline=1.95915
=== End of Segment 89 ===
Best Penalized Fallback Score: 11862.5 with makespan 11734.6
Current Solution Score: 11685.6 with makespan 10954.6
Current mode: Makespan
Average normalized violations: cap=0.00996705, energy=0, deadline=0.0219941
Current Weights, Rewards and Count of neighborhoods: N0: w=0.372215, R=3.1, U=11 | N1: w=0.367948, R=5.3, U=15 | N2: w=0.277053, R=4.9, U=19 | N3: w=0.266823, R=2.1, U=11 | N4: w=0.175469, R=0.9, U=7 | N5: w=0.207052, R=2.5, U=15 | N6: w=0.163752, R=1.3, U=7 | N7: w=0.1, R=0.8, U=8 | N8: w=0.109207, R=0.7, U=7 | 
No improvement in feasible makespan for 4 segments, applying perturbation. New makespan: 11164.5
Penalty lambdas: cap=2.65796, energy=0.410656, deadline=1.98279
=== End of Segment 90 ===
Best Penalized Fallback Score: 11327.1 with makespan 10838.4
Current Solution Score: 11226.3 with makespan 10552.2
Current mode: Makespan
Average normalized violations: cap=0.0176062, energy=0, deadline=0.0197364
Current Weights, Rewards and Count of neighborhoods: N0: w=0.345096, R=6.5, U=17 | N1: w=0.363564, R=6.3, U=19 | N2: w=0.271305, R=6.2, U=22 | N3: w=0.244049, R=4.1, U=13 | N4: w=0.1614, R=0.9, U=7 | N5: w=0.194936, R=2, U=10 | N6: w=0.170341, R=1.3, U=7 | N7: w=0.1, R=0.2, U=2 | N8: w=0.106445, R=0.3, U=3 | 
Penalty lambdas: cap=2.67825, energy=0.40657, deadline=2.00219
Segments per mode: Makespan 68, Workload 22
Attempt 1 cost: 15374.403876
Truck Routes:
Truck 1: 0 7 59 89 29 96 5 62 10 99 66 0 76 69 52 39 93 78 86 36 0 80 27 65 98 45 33 95 50 0 70 8 67 72 12 0 |Truck Time: 15315.290984|15315.290984,0.000000,0.000000,0.000000
Drone Routes:
Drone 1: 0 88 15 0 94 43 41 74 0 84 60 75 0 30 4 82 77 0 97 19 23 81 0 28 61 63 0 47 42 46 17 14 100 0 13 20 51 0 54 58 38 31 9 0 18 34 0 73 79 0 11 16 44 25 0 2 26 0 64 6 32 0 37 92 0 3 21 0 22 71 35 48 0 57 0 56 0 1 90 0 85 0 87 0 40 0 91 0 55 0 53 0 49 0 24 0 68 0 83 0 |Drone Time: 15374.403876|15374.403876,0.000000,0.000000,0.000000
Total validation: Makespan=15374.403876, Deadline violation=0.000000, Energy violation=0.000000, Capacity violation=0.000000

=== Best Across Attempts (top 1/1) ===
Initial Solution Cost: 15894.231565
Improved Solution Cost: 15374.403876
Worst Solution Cost (top-1): 15374.403876
Mean Solution Cost (top-1): 15374.403876
Mean elapsed Time: 221.727877 seconds
Truck Routes:
Truck 1: 0 7 59 89 29 96 5 62 10 99 66 0 76 69 52 39 93 78 86 36 0 80 27 65 98 45 33 95 50 0 70 8 67 72 12 0 |Truck Time: 15315.290984|15315.290984,0.000000,0.000000,0.000000
Drone Routes:
Drone 1: 0 88 15 0 94 43 41 74 0 84 60 75 0 30 4 82 77 0 97 19 23 81 0 28 61 63 0 47 42 46 17 14 100 0 13 20 51 0 54 58 38 31 9 0 18 34 0 73 79 0 11 16 44 25 0 2 26 0 64 6 32 0 37 92 0 3 21 0 22 71 35 48 0 57 0 56 0 1 90 0 85 0 87 0 40 0 91 0 55 0 53 0 49 0 24 0 68 0 83 0 |Drone Time: 15374.403876|15374.403876,0.000000,0.000000,0.000000
Total validation: Makespan=15374.403876, Deadline violation=0.000000, Energy violation=0.000000, Capacity violation=0.000000
Final solution feasibility: FEASIBLE
Best solution written to output_solution_best.txt
Iteration data written to output_mode_0.txt
