Loaded 10201 truck distance entries from /Users/huetran/Tu_paper_HueRepo/instance_hanoi/datasets/hanoi_traffic/Hanoi_9_2026/weekday_13segments/set_03/hanoi_10x10_100_set_03_weekday.truck_distance_m.txt
Loaded 10201 drone distance entries from /Users/huetran/Tu_paper_HueRepo/instance_hanoi/datasets/hanoi_traffic/Hanoi_9_2026/weekday_13segments/set_03/hanoi_10x10_100_set_03_weekday.drone_distance_m.txt
Loaded 13 traffic segments from 6h to 18h
Traffic start hour: 12h
Search config: total_iters=9000 (segments=90, segment_iters=100, no_improve=400, time_limit_sec=1800)
=== Starting Unified Tabu Search (Minimizing Active Penalized Score) ===
Initial active score: 15489.3, max_iters=9000, segment_length=100, segments=90
Iter 0 New Best Feasible Makespan: 15179.5
Iter 1 New Best Feasible Makespan: 15043.3
=== End of Segment 1 ===
Best Penalized Fallback Score: 15489.3 with makespan 15489.3
Current Solution Score: 13213.3 with makespan 10330.7
Current mode: Makespan
Average normalized violations: cap=0.057106, energy=0, deadline=0.006654
Current Weights, Rewards and Count of neighborhoods: N0: w=1, R=7.2, U=16 | N1: w=1, R=6, U=14 | N2: w=1, R=4.2, U=10 | N3: w=1, R=2.9, U=7 | N4: w=1, R=1.7, U=11 | N5: w=1, R=2.7, U=9 | N6: w=1, R=3.6, U=10 | N7: w=1, R=0.8, U=8 | N8: w=1, R=1.7, U=15 | 
Penalty lambdas: cap=1.04823, energy=0.99005, deadline=0.99666
=== End of Segment 2 ===
Best Penalized Fallback Score: 11793.4 with makespan 11462
Current Solution Score: 11249.3 with makespan 10169.1
Current mode: Makespan
Average normalized violations: cap=0.0892408, energy=0, deadline=0.0239346
Current Weights, Rewards and Count of neighborhoods: N0: w=0.835, R=3.6, U=8 | N1: w=0.828571, R=5.7, U=15 | N2: w=0.826, R=2.4, U=6 | N3: w=0.824286, R=5.5, U=17 | N4: w=0.746364, R=2.4, U=16 | N5: w=0.79, R=2, U=8 | N6: w=0.808, R=5.1, U=13 | N7: w=0.73, R=1.2, U=12 | N8: w=0.734, R=0.5, U=5 | 
Penalty lambdas: cap=1.13468, energy=0.980199, deadline=1.01064
=== End of Segment 3 ===
Best Penalized Fallback Score: 11221.5 with makespan 10174.8
Current Solution Score: 10807.4 with makespan 10094.2
Current mode: Makespan
Average normalized violations: cap=0.0552717, energy=0, deadline=0.0184282
Current Weights, Rewards and Count of neighborhoods: N0: w=0.7195, R=4.5, U=13 | N1: w=0.694, R=2.9, U=9 | N2: w=0.6982, R=6.2, U=20 | N3: w=0.674059, R=1.1, U=5 | N4: w=0.567455, R=1.6, U=10 | N5: w=0.628, R=2.1, U=9 | N6: w=0.683292, R=3.3, U=13 | N7: w=0.541, R=1.1, U=11 | N8: w=0.5438, R=1.4, U=10 | 
Switching scoring mode to Workload for the next segment.
Penalty lambdas: cap=1.18722, energy=0.970446, deadline=1.0192
=== End of Segment 4 ===
Best Penalized Fallback Score: 15075.9 with makespan 10007.5
Current Solution Score: 14549.8 with makespan 11288.6
Current mode: Workload
Average normalized violations: cap=0.0326886, energy=0, deadline=0.0043349
Current Weights, Rewards and Count of neighborhoods: N0: w=0.607496, R=4, U=10 | N1: w=0.582467, R=4.2, U=12 | N2: w=0.58174, R=4.9, U=15 | N3: w=0.537841, R=2.4, U=8 | N4: w=0.445218, R=2.2, U=14 | N5: w=0.5096, R=1.3, U=9 | N6: w=0.554458, R=3, U=12 | N7: w=0.4087, R=0.9, U=9 | N8: w=0.42266, R=1.3, U=11 | 
Switching scoring mode to Makespan for the next segment.
Penalty lambdas: cap=1.21447, energy=0.960789, deadline=1.01344
=== End of Segment 5 ===
Best Penalized Fallback Score: 11278.9 with makespan 10918.9
Current Solution Score: 11510.7 with makespan 9758.4
Current mode: Makespan
Average normalized violations: cap=0.0724382, energy=0, deadline=0.0124227
Current Weights, Rewards and Count of neighborhoods: N0: w=0.545247, R=5, U=14 | N1: w=0.512727, R=5.8, U=16 | N2: w=0.505218, R=2.7, U=13 | N3: w=0.466489, R=2.2, U=10 | N4: w=0.358796, R=1.6, U=10 | N5: w=0.400053, R=1.7, U=11 | N6: w=0.463121, R=1.1, U=7 | N7: w=0.31609, R=0.7, U=7 | N8: w=0.331317, R=1.6, U=12 | 
No improvement in feasible makespan for 4 segments, applying perturbation. New makespan: 9945.08
Penalty lambdas: cap=1.29272, energy=0.951229, deadline=1.0159
=== End of Segment 6 ===
Best Penalized Fallback Score: 10646.2 with makespan 9979.01
Current Solution Score: 10712 with makespan 9818.79
Current mode: Makespan
Average normalized violations: cap=0.0553031, energy=0, deadline=0.013739
Current Weights, Rewards and Count of neighborhoods: N0: w=0.488816, R=7.3, U=17 | N1: w=0.467659, R=5.1, U=15 | N2: w=0.41596, R=4.1, U=17 | N3: w=0.392542, R=1.8, U=10 | N4: w=0.299157, R=1.1, U=9 | N5: w=0.326401, R=1.3, U=9 | N6: w=0.371328, R=1.6, U=14 | N7: w=0.251263, R=0.4, U=4 | N8: w=0.271922, R=0.5, U=5 | 
Penalty lambdas: cap=1.35263, energy=0.941765, deadline=1.0197
=== End of Segment 7 ===
Best Penalized Fallback Score: 10481.6 with makespan 9806.5
Current Solution Score: 12520.7 with makespan 10421.7
Current mode: Makespan
Average normalized violations: cap=0.0485834, energy=0, deadline=0.0132271
Current Weights, Rewards and Count of neighborhoods: N0: w=0.470995, R=5.3, U=23 | N1: w=0.429361, R=5.6, U=18 | N2: w=0.363525, R=3.2, U=16 | N3: w=0.32878, R=2.3, U=9 | N4: w=0.246077, R=0.9, U=7 | N5: w=0.271814, R=1.5, U=7 | N6: w=0.294215, R=1.7, U=9 | N7: w=0.205884, R=0.4, U=4 | N8: w=0.220345, R=0.7, U=7 | 
Switching scoring mode to Workload for the next segment.
Penalty lambdas: cap=1.40584, energy=0.932394, deadline=1.023
=== End of Segment 8 ===
Best Penalized Fallback Score: 14775.5 with makespan 9755.65
Current Solution Score: 14467.3 with makespan 11304.3
Current mode: Workload
Average normalized violations: cap=0.0395054, energy=0, deadline=0.00614442
Current Weights, Rewards and Count of neighborhoods: N0: w=0.398827, R=8.4, U=20 | N1: w=0.393886, R=6.8, U=14 | N2: w=0.314468, R=4.7, U=17 | N3: w=0.306812, R=2.9, U=9 | N4: w=0.210825, R=2.1, U=13 | N5: w=0.254556, R=1.9, U=11 | N6: w=0.262617, R=2, U=6 | N7: w=0.174119, R=0.6, U=6 | N8: w=0.184242, R=0.4, U=4 | 
Switching scoring mode to Makespan for the next segment.
Penalty lambdas: cap=1.44793, energy=0.923116, deadline=1.01906
=== End of Segment 9 ===
Best Penalized Fallback Score: 11574.2 with makespan 11287.5
Current Solution Score: 11460.7 with makespan 10167.3
Current mode: Makespan
Average normalized violations: cap=0.0205163, energy=0, deadline=0.0196722
Current Weights, Rewards and Count of neighborhoods: N0: w=0.405179, R=4.8, U=14 | N1: w=0.421435, R=5.6, U=16 | N2: w=0.303068, R=2.8, U=16 | N3: w=0.311435, R=3.6, U=16 | N4: w=0.196039, R=1.4, U=8 | N5: w=0.230007, R=1, U=6 | N6: w=0.283832, R=1.6, U=12 | N7: w=0.151883, R=0.4, U=4 | N8: w=0.158969, R=0.8, U=8 | 
No improvement in feasible makespan for 4 segments, applying perturbation. New makespan: 10521.1
Penalty lambdas: cap=1.46324, energy=0.913931, deadline=1.02897
=== End of Segment 10 ===
Best Penalized Fallback Score: 10442.2 with makespan 10082.3
Current Solution Score: 10821.5 with makespan 10267.7
Current mode: Makespan
Average normalized violations: cap=0.0394344, energy=0, deadline=0.0220052
Current Weights, Rewards and Count of neighborhoods: N0: w=0.386482, R=6.1, U=17 | N1: w=0.400004, R=7.1, U=23 | N2: w=0.264648, R=2.9, U=11 | N3: w=0.285505, R=2.1, U=11 | N4: w=0.189727, R=1.3, U=5 | N5: w=0.211005, R=1.7, U=13 | N6: w=0.238682, R=2.5, U=11 | N7: w=0.136318, R=0.6, U=6 | N8: w=0.141278, R=0.3, U=3 | 
Penalty lambdas: cap=1.50695, energy=0.904837, deadline=1.0414
=== End of Segment 11 ===
Best Penalized Fallback Score: 10449.2 with makespan 10082.3
Current Solution Score: 11391.4 with makespan 10276.6
Current mode: Makespan
Average normalized violations: cap=0.0394151, energy=0, deadline=0.024218
Current Weights, Rewards and Count of neighborhoods: N0: w=0.378185, R=5.7, U=17 | N1: w=0.372612, R=4.1, U=13 | N2: w=0.264344, R=3.7, U=15 | N3: w=0.257126, R=2.7, U=11 | N4: w=0.210809, R=2.1, U=13 | N5: w=0.186934, R=2, U=8 | N6: w=0.235259, R=1.8, U=14 | N7: w=0.125423, R=0.4, U=4 | N8: w=0.128895, R=0.5, U=5 | 
Switching scoring mode to Workload for the next segment.
Penalty lambdas: cap=1.55194, energy=0.895834, deadline=1.05631
=== End of Segment 12 ===
Best Penalized Fallback Score: 14773.6 with makespan 10082.3
Current Solution Score: 14241.2 with makespan 10858.9
Current mode: Workload
Average normalized violations: cap=0.0329235, energy=0, deadline=0.014458
Current Weights, Rewards and Count of neighborhoods: N0: w=0.365317, R=8, U=20 | N1: w=0.355444, R=5.2, U=12 | N2: w=0.259041, R=3.7, U=9 | N3: w=0.253625, R=3.3, U=11 | N4: w=0.196028, R=1.2, U=10 | N5: w=0.205854, R=2.5, U=11 | N6: w=0.203253, R=4, U=12 | N7: w=0.117796, R=1, U=10 | N8: w=0.120226, R=0.7, U=5 | 
Switching scoring mode to Makespan for the next segment.
Penalty lambdas: cap=1.58792, energy=0.88692, deadline=1.06103
=== End of Segment 13 ===
Best Penalized Fallback Score: 11046.1 with makespan 10858.9
Current Solution Score: 10439.4 with makespan 10130.4
Current mode: Makespan
Average normalized violations: cap=0.0120412, energy=0, deadline=0.0157578
Current Weights, Rewards and Count of neighborhoods: N0: w=0.375722, R=7.3, U=21 | N1: w=0.37881, R=6.6, U=18 | N2: w=0.304662, R=2.7, U=17 | N3: w=0.267537, R=1.5, U=9 | N4: w=0.17322, R=1.1, U=9 | N5: w=0.21228, R=1.1, U=5 | N6: w=0.242277, R=2.6, U=16 | N7: w=0.112457, R=0.1, U=1 | N8: w=0.126158, R=0.4, U=4 | 
No improvement in feasible makespan for 4 segments, applying perturbation. New makespan: 9886.72
Penalty lambdas: cap=1.59117, energy=0.878095, deadline=1.06715
=== End of Segment 14 ===
Best Penalized Fallback Score: 10354.7 with makespan 10062
Current Solution Score: 11491.1 with makespan 10381
Current mode: Makespan
Average normalized violations: cap=0.0548405, energy=0, deadline=0.0162176
Current Weights, Rewards and Count of neighborhoods: N0: w=0.367291, R=5.6, U=16 | N1: w=0.375167, R=5.4, U=16 | N2: w=0.260911, R=2, U=10 | N3: w=0.237276, R=3.5, U=15 | N4: w=0.15792, R=1.2, U=8 | N5: w=0.214596, R=1.3, U=9 | N6: w=0.218344, R=2.3, U=9 | N7: w=0.10872, R=0.8, U=8 | N8: w=0.118311, R=1.3, U=9 | 
Penalty lambdas: cap=1.66414, energy=0.869358, deadline=1.07381
=== End of Segment 15 ===
Best Penalized Fallback Score: 10361.9 with makespan 10062
Current Solution Score: 10661.1 with makespan 10066.1
Current mode: Makespan
Average normalized violations: cap=0.0511902, energy=0, deadline=0.0178574
Current Weights, Rewards and Count of neighborhoods: N0: w=0.362104, R=6.1, U=17 | N1: w=0.363867, R=5.5, U=15 | N2: w=0.242637, R=3.9, U=17 | N3: w=0.236093, R=3.7, U=11 | N4: w=0.155544, R=1.2, U=8 | N5: w=0.19355, R=2, U=12 | N6: w=0.229507, R=2.2, U=12 | N7: w=0.106104, R=0.2, U=2 | N8: w=0.126151, R=0.6, U=6 | 
Switching scoring mode to Workload for the next segment.
Penalty lambdas: cap=1.73412, energy=0.860708, deadline=1.08228
=== End of Segment 16 ===
Best Penalized Fallback Score: 14604.1 with makespan 10062
Current Solution Score: 14108.1 with makespan 10811.9
Current mode: Workload
Average normalized violations: cap=0.0117399, energy=0, deadline=0.00604502
Current Weights, Rewards and Count of neighborhoods: N0: w=0.36112, R=9, U=24 | N1: w=0.364707, R=6.1, U=17 | N2: w=0.23867, R=3.6, U=14 | N3: w=0.266174, R=4.2, U=10 | N4: w=0.153881, R=0.9, U=7 | N5: w=0.185485, R=0.3, U=3 | N6: w=0.215655, R=2.3, U=15 | N7: w=0.104273, R=0.2, U=2 | N8: w=0.118306, R=1, U=8 | 
Switching scoring mode to Makespan for the next segment.
Penalty lambdas: cap=1.73714, energy=0.852144, deadline=1.07801
=== End of Segment 17 ===
Best Penalized Fallback Score: 10917 with makespan 10811.9
Current Solution Score: 11064.1 with makespan 10305.6
Current mode: Makespan
Average normalized violations: cap=0.00799723, energy=0, deadline=0.0211324
Current Weights, Rewards and Count of neighborhoods: N0: w=0.365284, R=5, U=18 | N1: w=0.362942, R=5.1, U=17 | N2: w=0.244212, R=4.5, U=21 | N3: w=0.312322, R=2.4, U=14 | N4: w=0.146288, R=0.4, U=4 | N5: w=0.15984, R=1.4, U=8 | N6: w=0.196959, R=1, U=8 | N7: w=0.102991, R=0.5, U=5 | N8: w=0.120314, R=0.5, U=5 | 
No improvement in feasible makespan for 4 segments, applying perturbation. New makespan: 10001.9
Penalty lambdas: cap=1.73366, energy=0.843665, deadline=1.09008
=== End of Segment 18 ===
Best Penalized Fallback Score: 10319.9 with makespan 10020
Current Solution Score: 12505.8 with makespan 10340.4
Current mode: Makespan
Average normalized violations: cap=0.0537704, energy=0, deadline=0.0217316
Current Weights, Rewards and Count of neighborhoods: N0: w=0.339032, R=9.9, U=25 | N1: w=0.344059, R=5.4, U=14 | N2: w=0.235234, R=3.2, U=12 | N3: w=0.270054, R=1.6, U=8 | N4: w=0.132402, R=0.8, U=6 | N5: w=0.164388, R=1.8, U=10 | N6: w=0.175371, R=2.4, U=12 | N7: w=0.102094, R=0.3, U=3 | N8: w=0.11422, R=1, U=10 | 
Penalty lambdas: cap=1.81123, energy=0.83527, deadline=1.10294
=== End of Segment 19 ===
Best Penalized Fallback Score: 10326 with makespan 10020
Current Solution Score: 11287.5 with makespan 10814
Current mode: Makespan
Average normalized violations: cap=0.0411085, energy=0, deadline=0.0188114
Current Weights, Rewards and Count of neighborhoods: N0: w=0.356122, R=4.8, U=14 | N1: w=0.356556, R=6.8, U=18 | N2: w=0.244664, R=4.1, U=13 | N3: w=0.249038, R=3, U=10 | N4: w=0.132681, R=1.2, U=8 | N5: w=0.169071, R=2.1, U=15 | N6: w=0.18276, R=2.2, U=8 | N7: w=0.101466, R=0.5, U=5 | N8: w=0.109954, R=0.9, U=9 | 
Switching scoring mode to Workload for the next segment.
Penalty lambdas: cap=1.86846, energy=0.826959, deadline=1.1127
=== End of Segment 20 ===
Best Penalized Fallback Score: 14601.4 with makespan 10020
Current Solution Score: 14365.7 with makespan 11239.9
Current mode: Workload
Average normalized violations: cap=0.0072162, energy=0, deadline=0.00655226
Current Weights, Rewards and Count of neighborhoods: N0: w=0.352143, R=8.6, U=22 | N1: w=0.362922, R=7.5, U=19 | N2: w=0.26588, R=3.7, U=13 | N3: w=0.264326, R=5.4, U=16 | N4: w=0.137877, R=0.6, U=6 | N5: w=0.16035, R=0.8, U=4 | N6: w=0.210432, R=2, U=10 | N7: w=0.101026, R=0.5, U=5 | N8: w=0.106968, R=0.5, U=5 | 
Switching scoring mode to Makespan for the next segment.
Penalty lambdas: cap=1.86327, energy=0.818731, deadline=1.10887
=== End of Segment 21 ===
Best Penalized Fallback Score: 11137.7 with makespan 11063.2
Current Solution Score: 10639.3 with makespan 10350.6
Current mode: Makespan
Average normalized violations: cap=0.0088659, energy=0, deadline=0.0152301
Current Weights, Rewards and Count of neighborhoods: N0: w=0.363773, R=7.3, U=21 | N1: w=0.372467, R=4.7, U=15 | N2: w=0.271501, R=1.8, U=8 | N3: w=0.286279, R=2.2, U=14 | N4: w=0.126514, R=0.6, U=6 | N5: w=0.172245, R=2.6, U=14 | N6: w=0.207302, R=2.5, U=13 | N7: w=0.100718, R=0.4, U=4 | N8: w=0.104877, R=1.3, U=5 | 
No improvement in feasible makespan for 4 segments, applying perturbation. New makespan: 10784.5
Penalty lambdas: cap=1.86115, energy=0.810584, deadline=1.11469
=== End of Segment 22 ===
Best Penalized Fallback Score: 10476.8 with makespan 10183.7
Current Solution Score: 11361.4 with makespan 10662.9
Current mode: Makespan
Average normalized violations: cap=0.111994, energy=0, deadline=0.0211452
Current Weights, Rewards and Count of neighborhoods: N0: w=0.358927, R=5.8, U=18 | N1: w=0.354727, R=7.2, U=20 | N2: w=0.25755, R=2.7, U=9 | N3: w=0.247538, R=3.7, U=13 | N4: w=0.11856, R=0.7, U=5 | N5: w=0.176286, R=2.2, U=10 | N6: w=0.202804, R=1.8, U=8 | N7: w=0.100503, R=0.5, U=5 | N8: w=0.151414, R=1.2, U=12 | 
Penalty lambdas: cap=2.061, energy=0.802519, deadline=1.12718
=== End of Segment 23 ===
Best Penalized Fallback Score: 10488.1 with makespan 10183.7
Current Solution Score: 10912.6 with makespan 10442.6
Current mode: Makespan
Average normalized violations: cap=0.0228353, energy=0, deadline=0.0174874
Current Weights, Rewards and Count of neighborhoods: N0: w=0.347915, R=6.7, U=21 | N1: w=0.356309, R=4.3, U=17 | N2: w=0.270285, R=3, U=16 | N3: w=0.258661, R=4.4, U=14 | N4: w=0.124992, R=0.9, U=5 | N5: w=0.1894, R=1.4, U=8 | N6: w=0.209463, R=2.5, U=11 | N7: w=0.100352, R=0.4, U=4 | N8: w=0.13599, R=0.6, U=4 | 
Switching scoring mode to Workload for the next segment.
Penalty lambdas: cap=2.08762, energy=0.794534, deadline=1.13565
=== End of Segment 24 ===
Best Penalized Fallback Score: 14817.6 with makespan 10183.7
Current Solution Score: 14751.3 with makespan 11054
Current mode: Workload
Average normalized violations: cap=0.0121133, energy=0, deadline=0.0125613
Current Weights, Rewards and Count of neighborhoods: N0: w=0.339255, R=6.7, U=17 | N1: w=0.325298, R=7.8, U=22 | N2: w=0.24545, R=4.3, U=15 | N3: w=0.275348, R=1.7, U=7 | N4: w=0.141494, R=0.6, U=4 | N5: w=0.18508, R=2.4, U=12 | N6: w=0.214806, R=1.4, U=10 | N7: w=0.100246, R=0.4, U=4 | N8: w=0.140193, R=1.1, U=9 | 
Switching scoring mode to Makespan for the next segment.
Penalty lambdas: cap=2.09204, energy=0.786628, deadline=1.13856
=== End of Segment 25 ===
Best Penalized Fallback Score: 11089.9 with makespan 10872.2
Current Solution Score: 11213.4 with makespan 10702.3
Current mode: Makespan
Average normalized violations: cap=0.0144926, energy=0, deadline=0.0183894
Current Weights, Rewards and Count of neighborhoods: N0: w=0.355714, R=6.1, U=15 | N1: w=0.334073, R=6.2, U=18 | N2: w=0.257815, R=3, U=16 | N3: w=0.265601, R=1.6, U=12 | N4: w=0.144046, R=1.9, U=13 | N5: w=0.189556, R=1, U=8 | N6: w=0.192364, R=1.8, U=6 | N7: w=0.100172, R=0.5, U=5 | N8: w=0.134802, R=0.9, U=7 | 
No improvement in feasible makespan for 4 segments, applying perturbation. New makespan: 10483.6
Penalty lambdas: cap=2.10146, energy=0.778801, deadline=1.14816
=== End of Segment 26 ===
Best Penalized Fallback Score: 10588.8 with makespan 10261.8
Current Solution Score: 11203 with makespan 10553.7
Current mode: Makespan
Average normalized violations: cap=0.0548449, energy=0, deadline=0.017411
Current Weights, Rewards and Count of neighborhoods: N0: w=0.371, R=8.4, U=24 | N1: w=0.337184, R=4.5, U=13 | N2: w=0.23672, R=2.6, U=10 | N3: w=0.225921, R=3.1, U=9 | N4: w=0.144678, R=1.4, U=8 | N5: w=0.170189, R=0.9, U=7 | N6: w=0.224655, R=3.9, U=13 | N7: w=0.100121, R=0.8, U=8 | N8: w=0.132933, R=0.8, U=8 | 
Penalty lambdas: cap=2.19784, energy=0.771052, deadline=1.1567
=== End of Segment 27 ===
Best Penalized Fallback Score: 10595.7 with makespan 10261.8
Current Solution Score: 12406.3 with makespan 10461.6
Current mode: Makespan
Average normalized violations: cap=0.0198016, energy=0, deadline=0.0177253
Current Weights, Rewards and Count of neighborhoods: N0: w=0.3647, R=7.2, U=22 | N1: w=0.339875, R=3.8, U=14 | N2: w=0.243704, R=2.4, U=12 | N3: w=0.261478, R=3.9, U=15 | N4: w=0.153775, R=1.3, U=9 | N5: w=0.157704, R=1.7, U=9 | N6: w=0.247258, R=1.3, U=9 | N7: w=0.100084, R=0.5, U=5 | N8: w=0.123053, R=0.5, U=5 | 
Switching scoring mode to Workload for the next segment.
Penalty lambdas: cap=2.21949, energy=0.763379, deadline=1.16567
=== End of Segment 28 ===
Best Penalized Fallback Score: 14959 with makespan 10261.8
Current Solution Score: 14449.7 with makespan 11257.9
Current mode: Workload
Average normalized violations: cap=0.00457539, energy=0, deadline=0.00805904
Current Weights, Rewards and Count of neighborhoods: N0: w=0.353472, R=4.8, U=12 | N1: w=0.319341, R=9.1, U=23 | N2: w=0.230593, R=4.2, U=12 | N3: w=0.261035, R=4.3, U=17 | N4: w=0.150976, R=1.5, U=9 | N5: w=0.167059, R=2, U=10 | N6: w=0.216414, R=2.8, U=10 | N7: w=0.100059, R=0.3, U=3 | N8: w=0.116137, R=0.4, U=4 | 
Switching scoring mode to Makespan for the next segment.
Penalty lambdas: cap=2.20748, energy=0.755784, deadline=1.16341
=== End of Segment 29 ===
Best Penalized Fallback Score: 11327.9 with makespan 11257.9
Current Solution Score: 10564.9 with makespan 10134.9
Current mode: Makespan
Average normalized violations: cap=0.00731331, energy=0, deadline=0.017552
Current Weights, Rewards and Count of neighborhoods: N0: w=0.36743, R=6.5, U=19 | N1: w=0.342234, R=4.1, U=13 | N2: w=0.266415, R=3.7, U=11 | N3: w=0.258607, R=2.3, U=13 | N4: w=0.155683, R=1.5, U=9 | N5: w=0.176942, R=0.9, U=7 | N6: w=0.23549, R=3.6, U=14 | N7: w=0.100041, R=0.6, U=6 | N8: w=0.111296, R=1.2, U=8 | 
No improvement in feasible makespan for 4 segments, applying perturbation. New makespan: 10449.5
Penalty lambdas: cap=2.20156, energy=0.748264, deadline=1.17223
=== End of Segment 30 ===
Best Penalized Fallback Score: 10280.1 with makespan 10106.1
Current Solution Score: 11853.7 with makespan 10313.4
Current mode: Makespan
Average normalized violations: cap=0.018973, energy=0, deadline=0.0166835
Current Weights, Rewards and Count of neighborhoods: N0: w=0.359833, R=5.1, U=15 | N1: w=0.334179, R=7.4, U=20 | N2: w=0.2874, R=3.2, U=10 | N3: w=0.234101, R=1.7, U=11 | N4: w=0.158978, R=1.5, U=9 | N5: w=0.162431, R=2, U=8 | N6: w=0.241986, R=3, U=14 | N7: w=0.100029, R=0.6, U=6 | N8: w=0.122907, R=1.1, U=7 | 
Penalty lambdas: cap=2.2214, energy=0.740818, deadline=1.18009
=== End of Segment 31 ===
Best Penalized Fallback Score: 10281.3 with makespan 10106.1
Current Solution Score: 10559.8 with makespan 10256.3
Current mode: Makespan
Average normalized violations: cap=0.0124255, energy=0, deadline=0.0153495
Current Weights, Rewards and Count of neighborhoods: N0: w=0.353883, R=5.2, U=18 | N1: w=0.344926, R=5.4, U=18 | N2: w=0.29718, R=4.6, U=16 | N3: w=0.210235, R=2.2, U=10 | N4: w=0.161285, R=1.1, U=5 | N5: w=0.188701, R=3.1, U=13 | N6: w=0.233676, R=3, U=12 | N7: w=0.10002, R=0.1, U=1 | N8: w=0.133178, R=0.7, U=7 | 
Switching scoring mode to Workload for the next segment.
Penalty lambdas: cap=2.2268, energy=0.733447, deadline=1.18642
=== End of Segment 32 ===
Best Penalized Fallback Score: 14536.1 with makespan 10106.1
Current Solution Score: 14390 with makespan 11356.4
Current mode: Workload
Average normalized violations: cap=0.00849058, energy=0, deadline=0.00436433
Current Weights, Rewards and Count of neighborhoods: N0: w=0.334385, R=5.8, U=16 | N1: w=0.331448, R=6.8, U=18 | N2: w=0.294276, R=2.6, U=10 | N3: w=0.213164, R=2.3, U=7 | N4: w=0.178899, R=1.7, U=11 | N5: w=0.203629, R=2.3, U=13 | N6: w=0.238573, R=2.3, U=11 | N7: w=0.100014, R=0.8, U=8 | N8: w=0.123224, R=0.6, U=6 | 
Switching scoring mode to Makespan for the next segment.
Penalty lambdas: cap=2.22344, energy=0.726149, deadline=1.17975
=== End of Segment 33 ===
Best Penalized Fallback Score: 11446 with makespan 11378.2
Current Solution Score: 11450.4 with makespan 10495.1
Current mode: Makespan
Average normalized violations: cap=0.00750617, energy=0, deadline=0.0138134
Current Weights, Rewards and Count of neighborhoods: N0: w=0.342819, R=8.7, U=23 | N1: w=0.345347, R=6, U=18 | N2: w=0.283993, R=3.3, U=13 | N3: w=0.247786, R=2.4, U=12 | N4: w=0.171593, R=1.2, U=10 | N5: w=0.195618, R=1.4, U=10 | N6: w=0.229728, R=1.8, U=8 | N7: w=0.10001, R=0.1, U=1 | N8: w=0.116257, R=0.5, U=5 | 
No improvement in feasible makespan for 4 segments, applying perturbation. New makespan: 10450
Penalty lambdas: cap=2.2179, energy=0.718924, deadline=1.18426
=== End of Segment 34 ===
Best Penalized Fallback Score: 10543.4 with makespan 10267.8
Current Solution Score: 10440.1 with makespan 10118.5
Current mode: Makespan
Average normalized violations: cap=0.0266203, energy=0, deadline=0.0162853
Current Weights, Rewards and Count of neighborhoods: N0: w=0.353452, R=7, U=18 | N1: w=0.341743, R=8.5, U=23 | N2: w=0.274949, R=2.2, U=12 | N3: w=0.23345, R=4, U=12 | N4: w=0.156115, R=0.5, U=5 | N5: w=0.178932, R=2, U=10 | N6: w=0.22831, R=3.5, U=13 | N7: w=0.100007, R=0.5, U=5 | N8: w=0.11138, R=0.2, U=2 | 
Penalty lambdas: cap=2.25507, energy=0.71177, deadline=1.19172
=== End of Segment 35 ===
Best Penalized Fallback Score: 10396.5 with makespan 10086.9
Current Solution Score: 10591.3 with makespan 10180
Current mode: Makespan
Average normalized violations: cap=0.0118537, energy=0, deadline=0.0145231
Current Weights, Rewards and Count of neighborhoods: N0: w=0.364083, R=4.7, U=17 | N1: w=0.35009, R=3.5, U=15 | N2: w=0.247464, R=2.5, U=15 | N3: w=0.263415, R=2.4, U=16 | N4: w=0.139281, R=1.5, U=9 | N5: w=0.185253, R=1.5, U=9 | N6: w=0.240586, R=1.1, U=9 | N7: w=0.100005, R=0.4, U=4 | N8: w=0.107966, R=0.6, U=6 | 
Switching scoring mode to Workload for the next segment.
Penalty lambdas: cap=2.25926, energy=0.704688, deadline=1.19713
=== End of Segment 36 ===
Best Penalized Fallback Score: 14697.9 with makespan 10086.9
Current Solution Score: 14133.2 with makespan 10978.4
Current mode: Workload
Average normalized violations: cap=0.00596923, energy=0, deadline=0.00388114
Current Weights, Rewards and Count of neighborhoods: N0: w=0.337799, R=6.3, U=17 | N1: w=0.315063, R=8.6, U=24 | N2: w=0.223225, R=3.7, U=11 | N3: w=0.229391, R=3.6, U=14 | N4: w=0.147496, R=0.9, U=7 | N5: w=0.179677, R=0.7, U=7 | N6: w=0.205077, R=2.9, U=13 | N7: w=0.100003, R=0.6, U=6 | N8: w=0.105576, R=0.1, U=1 | 
Switching scoring mode to Makespan for the next segment.
Penalty lambdas: cap=2.25017, energy=0.697676, deadline=1.18982
=== End of Segment 37 ===
Best Penalized Fallback Score: 11163.7 with makespan 10978.4
Current Solution Score: 10469.3 with makespan 10198
Current mode: Makespan
Average normalized violations: cap=0.00277057, energy=0, deadline=0.0167671
Current Weights, Rewards and Count of neighborhoods: N0: w=0.347636, R=6.2, U=20 | N1: w=0.328044, R=5, U=14 | N2: w=0.257167, R=4.3, U=17 | N3: w=0.237716, R=1.3, U=9 | N4: w=0.141819, R=1.6, U=10 | N5: w=0.155774, R=2.1, U=11 | N6: w=0.210477, R=1.1, U=11 | N7: w=0.100002, R=0.4, U=4 | N8: w=0.103903, R=0.4, U=4 | 
No improvement in feasible makespan for 4 segments, applying perturbation. New makespan: 10301.3
Penalty lambdas: cap=2.23396, energy=0.690734, deadline=1.1979
=== End of Segment 38 ===
Best Penalized Fallback Score: 10309 with makespan 10080.7
Current Solution Score: 11248.5 with makespan 10575.4
Current mode: Makespan
Average normalized violations: cap=0.023603, energy=0, deadline=0.0210846
Current Weights, Rewards and Count of neighborhoods: N0: w=0.336345, R=7.2, U=20 | N1: w=0.336774, R=5.9, U=17 | N2: w=0.255899, R=2.1, U=11 | N3: w=0.209735, R=3.6, U=16 | N4: w=0.147273, R=1.5, U=9 | N5: w=0.166314, R=1.7, U=11 | N6: w=0.177334, R=2.3, U=7 | N7: w=0.100002, R=0.4, U=4 | N8: w=0.102732, R=0.5, U=5 | 
Penalty lambdas: cap=2.26456, energy=0.683861, deadline=1.21125
=== End of Segment 39 ===
Best Penalized Fallback Score: 10311.7 with makespan 10080.7
Current Solution Score: 11484.5 with makespan 10206.6
Current mode: Makespan
Average normalized violations: cap=0.0100511, energy=0, deadline=0.018594
Current Weights, Rewards and Count of neighborhoods: N0: w=0.343442, R=9, U=22 | N1: w=0.339859, R=4.3, U=15 | N2: w=0.236402, R=4.9, U=19 | N3: w=0.214314, R=3.2, U=10 | N4: w=0.153091, R=0.8, U=6 | N5: w=0.162784, R=1.3, U=7 | N6: w=0.222705, R=2.4, U=10 | N7: w=0.100001, R=0.8, U=8 | N8: w=0.101913, R=0.3, U=3 | 
Switching scoring mode to Workload for the next segment.
Penalty lambdas: cap=2.26467, energy=0.677057, deadline=1.22171
=== End of Segment 40 ===
Best Penalized Fallback Score: 14572.3 with makespan 10080.7
Current Solution Score: 14316.6 with makespan 10602
Current mode: Workload
Average normalized violations: cap=0.00337946, energy=0, deadline=0.00710764
Current Weights, Rewards and Count of neighborhoods: N0: w=0.363136, R=7.7, U=19 | N1: w=0.323901, R=6.2, U=16 | N2: w=0.24285, R=2.2, U=12 | N3: w=0.24602, R=3.8, U=18 | N4: w=0.147164, R=0.5, U=3 | N5: w=0.169663, R=3.4, U=12 | N6: w=0.227894, R=2.8, U=10 | N7: w=0.100001, R=0.4, U=4 | N8: w=0.101339, R=0.6, U=6 | 
Switching scoring mode to Makespan for the next segment.
Penalty lambdas: cap=2.24973, energy=0.67032, deadline=1.21818
=== End of Segment 41 ===
Best Penalized Fallback Score: 10891.2 with makespan 10839.5
Current Solution Score: 10395.2 with makespan 10153.6
Current mode: Makespan
Average normalized violations: cap=0.00384925, energy=0, deadline=0.0172141
Current Weights, Rewards and Count of neighborhoods: N0: w=0.375774, R=7.4, U=26 | N1: w=0.342981, R=4.9, U=15 | N2: w=0.224995, R=1.6, U=6 | N3: w=0.235547, R=3.5, U=19 | N4: w=0.153015, R=0.7, U=5 | N5: w=0.203764, R=0.7, U=7 | N6: w=0.243526, R=1.8, U=10 | N7: w=0.100001, R=0.8, U=8 | N8: w=0.100937, R=0.4, U=4 | 
No improvement in feasible makespan for 4 segments, applying perturbation. New makespan: 10124.2
Penalty lambdas: cap=2.23593, energy=0.66365, deadline=1.227
=== End of Segment 42 ===
Best Penalized Fallback Score: 10214.3 with makespan 9987.61
Current Solution Score: 10789 with makespan 10210.9
Current mode: Makespan
Average normalized violations: cap=0.0212212, energy=0, deadline=0.0194679
Current Weights, Rewards and Count of neighborhoods: N0: w=0.348427, R=8.7, U=25 | N1: w=0.338087, R=5.3, U=15 | N2: w=0.237496, R=3.9, U=13 | N3: w=0.220146, R=2.1, U=9 | N4: w=0.14911, R=0.8, U=6 | N5: w=0.172635, R=1.5, U=7 | N6: w=0.224468, R=2.1, U=11 | N7: w=0.1, R=0.9, U=9 | N8: w=0.100656, R=0.5, U=5 | 
Penalty lambdas: cap=2.26116, energy=0.657047, deadline=1.23867
=== End of Segment 43 ===
Best Penalized Fallback Score: 10216.4 with makespan 9987.61
Current Solution Score: 10462.6 with makespan 10258.8
Current mode: Makespan
Average normalized violations: cap=0.00346348, energy=0, deadline=0.0179419
Current Weights, Rewards and Count of neighborhoods: N0: w=0.348299, R=6.9, U=23 | N1: w=0.342661, R=5.8, U=18 | N2: w=0.256247, R=2.5, U=15 | N3: w=0.224102, R=3.4, U=16 | N4: w=0.144377, R=0, U=0 | N5: w=0.18513, R=1.2, U=10 | N6: w=0.2144, R=2.1, U=13 | N7: w=0.1, R=0.2, U=2 | N8: w=0.100459, R=0.3, U=3 | 
Switching scoring mode to Workload for the next segment.
Penalty lambdas: cap=2.24643, energy=0.650509, deadline=1.24855
=== End of Segment 44 ===
Best Penalized Fallback Score: 14396.9 with makespan 9968.89
Current Solution Score: 14227.6 with makespan 10833.5
Current mode: Workload
Average normalized violations: cap=0.00262526, energy=0, deadline=0.00515622
Current Weights, Rewards and Count of neighborhoods: N0: w=0.333809, R=5.9, U=19 | N1: w=0.336529, R=8.1, U=21 | N2: w=0.229373, R=3, U=12 | N3: w=0.220622, R=1.5, U=9 | N4: w=0.144377, R=0.8, U=8 | N5: w=0.165591, R=0.6, U=6 | N6: w=0.198542, R=2.6, U=16 | N7: w=0.1, R=0.4, U=4 | N8: w=0.100321, R=0.5, U=5 | 
Switching scoring mode to Makespan for the next segment.
Penalty lambdas: cap=2.22993, energy=0.644036, deadline=1.24252
=== End of Segment 45 ===
Best Penalized Fallback Score: 10909.3 with makespan 10846.7
Current Solution Score: 10650.6 with makespan 10370.6
Current mode: Makespan
Average normalized violations: cap=0.00833846, energy=0, deadline=0.0206784
Current Weights, Rewards and Count of neighborhoods: N0: w=0.326824, R=4.5, U=13 | N1: w=0.351285, R=6.8, U=22 | N2: w=0.235561, R=3.7, U=17 | N3: w=0.204435, R=2.1, U=9 | N4: w=0.131064, R=1.1, U=5 | N5: w=0.145914, R=2.5, U=11 | N6: w=0.187729, R=1.9, U=9 | N7: w=0.1, R=0.8, U=8 | N8: w=0.100225, R=1, U=6 | 
No improvement in feasible makespan for 4 segments, applying perturbation. New makespan: 11031.6
Penalty lambdas: cap=2.22622, energy=0.637628, deadline=1.25585
=== End of Segment 46 ===
Best Penalized Fallback Score: 10344.5 with makespan 10063.7
Current Solution Score: 10406.6 with makespan 10161
Current mode: Makespan
Average normalized violations: cap=0.0112397, energy=0, deadline=0.0197266
Current Weights, Rewards and Count of neighborhoods: N0: w=0.332623, R=8.6, U=26 | N1: w=0.338627, R=5.7, U=15 | N2: w=0.230187, R=4.2, U=14 | N3: w=0.213105, R=1.6, U=8 | N4: w=0.157745, R=0.8, U=6 | N5: w=0.170321, R=2.2, U=12 | N6: w=0.194744, R=1.9, U=9 | N7: w=0.1, R=0.4, U=4 | N8: w=0.120158, R=0.6, U=6 | 
Penalty lambdas: cap=2.22899, energy=0.631284, deadline=1.26813
=== End of Segment 47 ===
Best Penalized Fallback Score: 10325.5 with makespan 10070.4
Current Solution Score: 10497.9 with makespan 10203.3
Current mode: Makespan
Average normalized violations: cap=0.00756903, energy=0, deadline=0.0174038
Current Weights, Rewards and Count of neighborhoods: N0: w=0.332067, R=6.8, U=22 | N1: w=0.351039, R=5.8, U=18 | N2: w=0.251131, R=2.3, U=11 | N3: w=0.209173, R=1.6, U=10 | N4: w=0.150421, R=0.7, U=5 | N5: w=0.174225, R=0.9, U=7 | N6: w=0.199654, R=2.3, U=13 | N7: w=0.1, R=0.7, U=7 | N8: w=0.11411, R=0.7, U=7 | 
Switching scoring mode to Workload for the next segment.
Penalty lambdas: cap=2.22357, energy=0.625002, deadline=1.27755
=== End of Segment 48 ===
Best Penalized Fallback Score: 14535 with makespan 10046.7
Current Solution Score: 14343 with makespan 11191.5
Current mode: Workload
Average normalized violations: cap=0.00285036, energy=0, deadline=0.00652005
Current Weights, Rewards and Count of neighborhoods: N0: w=0.325174, R=7.7, U=23 | N1: w=0.342394, R=5.9, U=21 | N2: w=0.238519, R=2.7, U=11 | N3: w=0.194421, R=1.9, U=13 | N4: w=0.147295, R=1.2, U=8 | N5: w=0.160529, R=0.7, U=5 | N6: w=0.192835, R=1.8, U=12 | N7: w=0.1, R=0.3, U=3 | N8: w=0.109877, R=0.4, U=4 | 
Switching scoring mode to Makespan for the next segment.
Penalty lambdas: cap=2.20773, energy=0.618783, deadline=1.27312
=== End of Segment 49 ===
Best Penalized Fallback Score: 10993.2 with makespan 10941.7
Current Solution Score: 11462.6 with makespan 10252.2
Current mode: Makespan
Average normalized violations: cap=0.00713062, energy=0, deadline=0.0168475
Current Weights, Rewards and Count of neighborhoods: N0: w=0.328057, R=4.6, U=12 | N1: w=0.323961, R=7.1, U=25 | N2: w=0.2406, R=2, U=14 | N3: w=0.179941, R=4, U=18 | N4: w=0.148106, R=0.8, U=6 | N5: w=0.15437, R=2.9, U=11 | N6: w=0.179984, R=1.2, U=4 | N7: w=0.1, R=0.3, U=3 | N8: w=0.106914, R=0.7, U=7 | 
No improvement in feasible makespan for 4 segments, applying perturbation. New makespan: 10003
Penalty lambdas: cap=2.20141, energy=0.612626, deadline=1.28186
=== End of Segment 50 ===
Best Penalized Fallback Score: 10392.2 with makespan 10096.8
Current Solution Score: 10829.1 with makespan 10258.7
Current mode: Makespan
Average normalized violations: cap=0.0310853, energy=0, deadline=0.015527
Current Weights, Rewards and Count of neighborhoods: N0: w=0.34464, R=6.1, U=19 | N1: w=0.311973, R=6.5, U=17 | N2: w=0.211277, R=4.4, U=20 | N3: w=0.192625, R=1.7, U=9 | N4: w=0.143675, R=1.2, U=8 | N5: w=0.18715, R=2.6, U=10 | N6: w=0.215989, R=2.8, U=10 | N7: w=0.1, R=0.4, U=4 | N8: w=0.10484, R=0.3, U=3 | 
Penalty lambdas: cap=2.24832, energy=0.606531, deadline=1.28897
=== End of Segment 51 ===
Best Penalized Fallback Score: 10394.1 with makespan 10096.8
Current Solution Score: 10457.3 with makespan 10115.2
Current mode: Makespan
Average normalized violations: cap=0.0135698, energy=0, deadline=0.0157285
Current Weights, Rewards and Count of neighborhoods: N0: w=0.337564, R=9.4, U=28 | N1: w=0.333087, R=5.7, U=17 | N2: w=0.213894, R=2.4, U=12 | N3: w=0.191504, R=2.1, U=7 | N4: w=0.145572, R=1.6, U=10 | N5: w=0.209005, R=1.4, U=12 | N6: w=0.235192, R=0.9, U=5 | N7: w=0.1, R=0.2, U=2 | N8: w=0.103388, R=1.1, U=7 | 
Switching scoring mode to Workload for the next segment.
Penalty lambdas: cap=2.25636, energy=0.600496, deadline=1.29637
=== End of Segment 52 ===
Best Penalized Fallback Score: 14556.1 with makespan 10115.6
Current Solution Score: 14224.5 with makespan 10633.2
Current mode: Workload
Average normalized violations: cap=0.00414527, energy=0, deadline=0.00496015
Current Weights, Rewards and Count of neighborhoods: N0: w=0.337009, R=9.9, U=25 | N1: w=0.333749, R=4.3, U=13 | N2: w=0.209726, R=2, U=10 | N3: w=0.224053, R=3.1, U=13 | N4: w=0.149901, R=1, U=8 | N5: w=0.181304, R=1.3, U=9 | N6: w=0.218635, R=2.3, U=11 | N7: w=0.1, R=0.4, U=4 | N8: w=0.119514, R=0.7, U=7 | 
Switching scoring mode to Makespan for the next segment.
Penalty lambdas: cap=2.24319, energy=0.594521, deadline=1.28986
=== End of Segment 53 ===
Best Penalized Fallback Score: 10837 with makespan 10733.8
Current Solution Score: 10447.2 with makespan 10207.2
Current mode: Makespan
Average normalized violations: cap=0.00665221, energy=0, deadline=0.0126721
Current Weights, Rewards and Count of neighborhoods: N0: w=0.354706, R=5.8, U=20 | N1: w=0.332855, R=7, U=22 | N2: w=0.206808, R=1.3, U=5 | N3: w=0.228376, R=2.5, U=15 | N4: w=0.14243, R=0.4, U=2 | N5: w=0.170246, R=1.7, U=13 | N6: w=0.215772, R=2, U=14 | N7: w=0.1, R=0.4, U=4 | N8: w=0.11366, R=0.7, U=5 | 
No improvement in feasible makespan for 4 segments, applying perturbation. New makespan: 10293.8
Penalty lambdas: cap=2.23569, energy=0.588605, deadline=1.29331
=== End of Segment 54 ===
Best Penalized Fallback Score: 10202.1 with makespan 9995.02
Current Solution Score: 11265.1 with makespan 10574.8
Current mode: Makespan
Average normalized violations: cap=0.0384139, energy=0, deadline=0.0172583
Current Weights, Rewards and Count of neighborhoods: N0: w=0.335294, R=5.7, U=17 | N1: w=0.328453, R=6.4, U=20 | N2: w=0.222766, R=3.5, U=15 | N3: w=0.209863, R=2.6, U=10 | N4: w=0.159701, R=0.8, U=4 | N5: w=0.158403, R=0.7, U=7 | N6: w=0.193897, R=2, U=12 | N7: w=0.1, R=0.7, U=7 | N8: w=0.121562, R=0.8, U=8 | 
Penalty lambdas: cap=2.30012, energy=0.582748, deadline=1.30273
=== End of Segment 55 ===
Best Penalized Fallback Score: 10204.4 with makespan 9995.02
Current Solution Score: 11143.5 with makespan 10327.1
Current mode: Makespan
Average normalized violations: cap=0.0274928, energy=0, deadline=0.018402
Current Weights, Rewards and Count of neighborhoods: N0: w=0.335294, R=7.8, U=24 | N1: w=0.325917, R=4.9, U=15 | N2: w=0.225936, R=1.9, U=7 | N3: w=0.224904, R=2.6, U=8 | N4: w=0.171791, R=2, U=12 | N5: w=0.140882, R=2.2, U=16 | N6: w=0.185728, R=1.4, U=8 | N7: w=0.1, R=0.3, U=3 | N8: w=0.115093, R=0.7, U=7 | 
Switching scoring mode to Workload for the next segment.
Penalty lambdas: cap=2.34071, energy=0.57695, deadline=1.31372
=== End of Segment 56 ===
Best Penalized Fallback Score: 14425.2 with makespan 9995.02
Current Solution Score: 14959.8 with makespan 10999.5
Current mode: Workload
Average normalized violations: cap=0.0201855, energy=0, deadline=0.00885289
Current Weights, Rewards and Count of neighborhoods: N0: w=0.332206, R=7.2, U=18 | N1: w=0.326142, R=4.6, U=14 | N2: w=0.239584, R=5.3, U=17 | N3: w=0.254933, R=3.1, U=11 | N4: w=0.170254, R=0.6, U=6 | N5: w=0.139867, R=1.9, U=9 | N6: w=0.18251, R=1.8, U=8 | N7: w=0.1, R=0.5, U=5 | N8: w=0.110565, R=1.2, U=12 | 
Switching scoring mode to Makespan for the next segment.
Penalty lambdas: cap=2.36468, energy=0.571209, deadline=1.31221
=== End of Segment 57 ===
Best Penalized Fallback Score: 11162.2 with makespan 11077.4
Current Solution Score: 11186.2 with makespan 10592
Current mode: Makespan
Average normalized violations: cap=0.00795126, energy=0, deadline=0.014768
Current Weights, Rewards and Count of neighborhoods: N0: w=0.352544, R=7.7, U=23 | N1: w=0.326871, R=5.2, U=14 | N2: w=0.261238, R=2.4, U=12 | N3: w=0.262998, R=3.3, U=17 | N4: w=0.149178, R=1.3, U=9 | N5: w=0.161241, R=0.6, U=4 | N6: w=0.195257, R=0.5, U=5 | N7: w=0.1, R=0.8, U=8 | N8: w=0.107396, R=1.2, U=8 | 
No improvement in feasible makespan for 4 segments, applying perturbation. New makespan: 10797.5
Penalty lambdas: cap=2.35984, energy=0.565525, deadline=1.31848
=== End of Segment 58 ===
Best Penalized Fallback Score: 10334.3 with makespan 10128.4
Current Solution Score: 10932.8 with makespan 10117.5
Current mode: Makespan
Average normalized violations: cap=0.0720338, energy=0, deadline=0.0133997
Current Weights, Rewards and Count of neighborhoods: N0: w=0.347216, R=6.5, U=17 | N1: w=0.340238, R=8, U=22 | N2: w=0.242867, R=5.4, U=16 | N3: w=0.242334, R=1.8, U=6 | N4: w=0.147758, R=0.9, U=7 | N5: w=0.157868, R=3.8, U=12 | N6: w=0.16668, R=2.3, U=9 | N7: w=0.1, R=0.3, U=3 | N8: w=0.120177, R=0.8, U=8 | 
Penalty lambdas: cap=2.51086, energy=0.559898, deadline=1.32297
=== End of Segment 59 ===
Best Penalized Fallback Score: 10335 with makespan 10128.4
Current Solution Score: 10495.4 with makespan 10258.7
Current mode: Makespan
Average normalized violations: cap=0.0164122, energy=0, deadline=0.0161616
Current Weights, Rewards and Count of neighborhoods: N0: w=0.357757, R=7, U=22 | N1: w=0.347258, R=7.2, U=22 | N2: w=0.271257, R=2.5, U=13 | N3: w=0.259634, R=2.2, U=10 | N4: w=0.142002, R=1.1, U=7 | N5: w=0.205508, R=1.9, U=9 | N6: w=0.193342, R=1.5, U=9 | N7: w=0.1, R=0.2, U=2 | N8: w=0.114124, R=0.8, U=6 | 
Switching scoring mode to Workload for the next segment.
Penalty lambdas: cap=2.52701, energy=0.554327, deadline=1.33115
=== End of Segment 60 ===
Best Penalized Fallback Score: 14612.8 with makespan 10128.4
Current Solution Score: 14534.8 with makespan 11590.9
Current mode: Workload
Average normalized violations: cap=0.00487733, energy=0, deadline=0.00542259
Current Weights, Rewards and Count of neighborhoods: N0: w=0.345884, R=5.6, U=16 | N1: w=0.341262, R=7.3, U=19 | N2: w=0.247572, R=5, U=16 | N3: w=0.247744, R=3, U=12 | N4: w=0.146544, R=1, U=8 | N5: w=0.207189, R=1.6, U=14 | N6: w=0.18534, R=0.9, U=5 | N7: w=0.1, R=0.5, U=5 | N8: w=0.119887, R=0.5, U=5 | 
Switching scoring mode to Makespan for the next segment.
Penalty lambdas: cap=2.5141, energy=0.548812, deadline=1.32507
=== End of Segment 61 ===
Best Penalized Fallback Score: 10939 with makespan 10842.5
Current Solution Score: 10786.4 with makespan 10176.1
Current mode: Makespan
Average normalized violations: cap=0.00476075, energy=0, deadline=0.016186
Current Weights, Rewards and Count of neighborhoods: N0: w=0.347119, R=4.5, U=13 | N1: w=0.354147, R=7.7, U=19 | N2: w=0.26705, R=3.6, U=12 | N3: w=0.248421, R=2.2, U=10 | N4: w=0.140081, R=0.8, U=6 | N5: w=0.179318, R=3.5, U=13 | N6: w=0.183738, R=3.8, U=14 | N7: w=0.1, R=0.9, U=9 | N8: w=0.113921, R=0.4, U=4 | 
No improvement in feasible makespan for 4 segments, applying perturbation. New makespan: 11050.7
Penalty lambdas: cap=2.50097, energy=0.543351, deadline=1.33329
=== End of Segment 62 ===
Best Penalized Fallback Score: 10451 with makespan 10147.7
Current Solution Score: 10684.9 with makespan 10316.9
Current mode: Makespan
Average normalized violations: cap=0.0178663, energy=0, deadline=0.0202524
Current Weights, Rewards and Count of neighborhoods: N0: w=0.346829, R=8.3, U=21 | N1: w=0.369482, R=6.8, U=20 | N2: w=0.276935, R=4.5, U=13 | N3: w=0.239894, R=5.8, U=16 | N4: w=0.138057, R=1, U=8 | N5: w=0.206292, R=2.3, U=9 | N6: w=0.210045, R=0.7, U=5 | N7: w=0.1, R=0.6, U=6 | N8: w=0.109745, R=0.2, U=2 | 
Penalty lambdas: cap=2.52072, energy=0.537944, deadline=1.34703
=== End of Segment 63 ===
Best Penalized Fallback Score: 10454 with makespan 10147.7
Current Solution Score: 10830.1 with makespan 10465.2
Current mode: Makespan
Average normalized violations: cap=0.0294609, energy=0, deadline=0.0244613
Current Weights, Rewards and Count of neighborhoods: N0: w=0.361352, R=3.5, U=13 | N1: w=0.360637, R=4.6, U=16 | N2: w=0.297701, R=5.6, U=24 | N3: w=0.276676, R=3, U=14 | N4: w=0.13414, R=0.5, U=5 | N5: w=0.221071, R=2, U=10 | N6: w=0.189032, R=0.8, U=6 | N7: w=0.1, R=0.5, U=5 | N8: w=0.106821, R=0.7, U=7 | 
Switching scoring mode to Workload for the next segment.
Penalty lambdas: cap=2.57025, energy=0.532592, deadline=1.36666
=== End of Segment 64 ===
Best Penalized Fallback Score: 14785.1 with makespan 10147.7
Current Solution Score: 14330.8 with makespan 10488.1
Current mode: Workload
Average normalized violations: cap=0.00188994, energy=0, deadline=0.00895816
Current Weights, Rewards and Count of neighborhoods: N0: w=0.333716, R=7.6, U=20 | N1: w=0.338696, R=7.3, U=17 | N2: w=0.278391, R=4.1, U=15 | N3: w=0.257959, R=2.7, U=15 | N4: w=0.123898, R=0.6, U=6 | N5: w=0.21475, R=1.9, U=9 | N6: w=0.172322, R=1.7, U=9 | N7: w=0.1, R=0.6, U=6 | N8: w=0.104775, R=0.3, U=3 | 
Switching scoring mode to Makespan for the next segment.
Penalty lambdas: cap=2.54949, energy=0.527292, deadline=1.36523
=== End of Segment 65 ===
Best Penalized Fallback Score: 10614.5 with makespan 10494.2
Current Solution Score: 10681.5 with makespan 10482.1
Current mode: Makespan
Average normalized violations: cap=0.00466286, energy=0, deadline=0.0143225
Current Weights, Rewards and Count of neighborhoods: N0: w=0.347601, R=4.3, U=11 | N1: w=0.365911, R=7.1, U=21 | N2: w=0.276873, R=2.5, U=13 | N3: w=0.234571, R=2.8, U=14 | N4: w=0.116728, R=1.2, U=8 | N5: w=0.213658, R=1.7, U=13 | N6: w=0.177292, R=1.5, U=9 | N7: w=0.1, R=0.5, U=5 | N8: w=0.103342, R=0.6, U=6 | 
No improvement in feasible makespan for 4 segments, applying perturbation. New makespan: 10965.9
Penalty lambdas: cap=2.53592, energy=0.522046, deadline=1.37115
=== End of Segment 66 ===
Best Penalized Fallback Score: 10306 with makespan 10080.6
Current Solution Score: 10734.1 with makespan 10437.2
Current mode: Makespan
Average normalized violations: cap=0.0141466, energy=0, deadline=0.0173814
Current Weights, Rewards and Count of neighborhoods: N0: w=0.360593, R=7.7, U=23 | N1: w=0.357566, R=7.4, U=20 | N2: w=0.251504, R=3.2, U=16 | N3: w=0.2242, R=2.2, U=10 | N4: w=0.12671, R=0.9, U=5 | N5: w=0.188791, R=1.7, U=13 | N6: w=0.174104, R=1.1, U=3 | N7: w=0.1, R=0.4, U=4 | N8: w=0.10234, R=0.6, U=6 | 
Penalty lambdas: cap=2.54646, energy=0.516851, deadline=1.38131
=== End of Segment 67 ===
Best Penalized Fallback Score: 10307.7 with makespan 10080.6
Current Solution Score: 10852.1 with makespan 10438.3
Current mode: Makespan
Average normalized violations: cap=0.0140354, energy=0, deadline=0.021153
Current Weights, Rewards and Count of neighborhoods: N0: w=0.35285, R=3.4, U=14 | N1: w=0.361296, R=8.2, U=26 | N2: w=0.236053, R=2.4, U=10 | N3: w=0.22294, R=2.7, U=13 | N4: w=0.142697, R=0.7, U=5 | N5: w=0.171385, R=1.1, U=7 | N6: w=0.231873, R=2.5, U=15 | N7: w=0.1, R=0.5, U=5 | N8: w=0.101638, R=0.5, U=5 | 
Switching scoring mode to Workload for the next segment.
Penalty lambdas: cap=2.55675, energy=0.511709, deadline=1.3968
=== End of Segment 68 ===
Best Penalized Fallback Score: 14558.1 with makespan 10080.6
Current Solution Score: 15254.3 with makespan 10724.3
Current mode: Workload
Average normalized violations: cap=0.00495731, energy=0, deadline=0.0116441
Current Weights, Rewards and Count of neighborhoods: N0: w=0.319852, R=6.1, U=17 | N1: w=0.347523, R=7.1, U=19 | N2: w=0.237237, R=4, U=14 | N3: w=0.218366, R=2.6, U=12 | N4: w=0.141888, R=0.5, U=5 | N5: w=0.167112, R=2.2, U=10 | N6: w=0.212311, R=1.5, U=9 | N7: w=0.1, R=0.6, U=6 | N8: w=0.101146, R=0.8, U=8 | 
Switching scoring mode to Makespan for the next segment.
Penalty lambdas: cap=2.54389, energy=0.506617, deadline=1.3991
=== End of Segment 69 ===
Best Penalized Fallback Score: 10310.4 with makespan 10080.6
Current Solution Score: 10320.4 with makespan 10073.9
Current mode: Makespan
Average normalized violations: cap=0.00511181, energy=0, deadline=0.0187061
Current Weights, Rewards and Count of neighborhoods: N0: w=0.331544, R=6, U=16 | N1: w=0.355371, R=12.3, U=35 | N2: w=0.25178, R=2.1, U=9 | N3: w=0.217856, R=1.6, U=8 | N4: w=0.129321, R=0.6, U=6 | N5: w=0.182979, R=2, U=10 | N6: w=0.198618, R=1.3, U=9 | N7: w=0.1, R=0.3, U=3 | N8: w=0.100803, R=0.4, U=4 | 
No improvement in feasible makespan for 4 segments, applying perturbation. New makespan: 11155.1
Penalty lambdas: cap=2.53149, energy=0.501576, deadline=1.41133
=== End of Segment 70 ===
Best Penalized Fallback Score: 10312.3 with makespan 10080.6
Current Solution Score: 10682.9 with makespan 10402.8
Current mode: Makespan
Average normalized violations: cap=0.0214613, energy=0, deadline=0.0197231
Current Weights, Rewards and Count of neighborhoods: N0: w=0.344581, R=8, U=20 | N1: w=0.354188, R=9.2, U=24 | N2: w=0.246246, R=2.9, U=13 | N3: w=0.212499, R=2.7, U=7 | N4: w=0.120525, R=0.4, U=4 | N5: w=0.188085, R=0.6, U=6 | N6: w=0.182366, R=3.9, U=17 | N7: w=0.1, R=0.3, U=3 | N8: w=0.100562, R=1, U=6 | 
Penalty lambdas: cap=2.56067, energy=0.496585, deadline=1.42512
=== End of Segment 71 ===
Best Penalized Fallback Score: 10314.5 with makespan 10080.6
Current Solution Score: 13425.4 with makespan 10847.5
Current mode: Makespan
Average normalized violations: cap=0.0243338, energy=0, deadline=0.0217878
Current Weights, Rewards and Count of neighborhoods: N0: w=0.361206, R=5.7, U=19 | N1: w=0.362932, R=6, U=20 | N2: w=0.239295, R=1.9, U=7 | N3: w=0.264464, R=2.5, U=13 | N4: w=0.114368, R=1.2, U=10 | N5: w=0.161659, R=1.8, U=10 | N6: w=0.19648, R=1.8, U=8 | N7: w=0.1, R=0.4, U=4 | N8: w=0.120393, R=0.9, U=9 | 
Switching scoring mode to Workload for the next segment.
Penalty lambdas: cap=2.59764, energy=0.491644, deadline=1.44202
=== End of Segment 72 ===
Best Penalized Fallback Score: 14568.3 with makespan 10080.6
Current Solution Score: 14452.4 with makespan 10828.2
Current mode: Workload
Average normalized violations: cap=0.00843229, energy=0, deadline=0.00913349
Current Weights, Rewards and Count of neighborhoods: N0: w=0.342844, R=8.5, U=19 | N1: w=0.344052, R=8.3, U=21 | N2: w=0.248935, R=4.4, U=14 | N3: w=0.242817, R=2.5, U=9 | N4: w=0.116057, R=1.6, U=8 | N5: w=0.167162, R=0.8, U=6 | N6: w=0.205036, R=3.5, U=13 | N7: w=0.1, R=0.5, U=5 | N8: w=0.114275, R=0.7, U=5 | 
Switching scoring mode to Makespan for the next segment.
Penalty lambdas: cap=2.59357, energy=0.486752, deadline=1.44077
=== End of Segment 73 ===
Best Penalized Fallback Score: 11108.6 with makespan 10899.6
Current Solution Score: 10779.8 with makespan 10441.2
Current mode: Makespan
Average normalized violations: cap=0.00507787, energy=0, deadline=0.0155056
Current Weights, Rewards and Count of neighborhoods: N0: w=0.374202, R=4.8, U=14 | N1: w=0.359408, R=7.1, U=21 | N2: w=0.26854, R=3, U=16 | N3: w=0.253305, R=1.6, U=8 | N4: w=0.14124, R=0.7, U=7 | N5: w=0.157013, R=3.9, U=13 | N6: w=0.224294, R=2.3, U=11 | N7: w=0.1, R=0.5, U=5 | N8: w=0.121993, R=0.5, U=5 | 
No improvement in feasible makespan for 4 segments, applying perturbation. New makespan: 10549.3
Penalty lambdas: cap=2.58084, energy=0.481909, deadline=1.44872
=== End of Segment 74 ===
Best Penalized Fallback Score: 10533.9 with makespan 10236.2
Current Solution Score: 10948.8 with makespan 10557.7
Current mode: Makespan
Average normalized violations: cap=0.0221479, energy=0, deadline=0.0187733
Current Weights, Rewards and Count of neighborhoods: N0: w=0.364798, R=7.1, U=23 | N1: w=0.353014, R=6.6, U=18 | N2: w=0.244228, R=3.2, U=14 | N3: w=0.237314, R=3.9, U=13 | N4: w=0.128868, R=1.5, U=7 | N5: w=0.199909, R=1.4, U=8 | N6: w=0.219733, R=1.8, U=8 | N7: w=0.1, R=0.5, U=5 | N8: w=0.115395, R=0.4, U=4 | 
Penalty lambdas: cap=2.61238, energy=0.477114, deadline=1.46149
=== End of Segment 75 ===
Best Penalized Fallback Score: 10536.8 with makespan 10236.2
Current Solution Score: 10962.3 with makespan 10478.1
Current mode: Makespan
Average normalized violations: cap=0.00982977, energy=0, deadline=0.0205835
Current Weights, Rewards and Count of neighborhoods: N0: w=0.347968, R=4.5, U=15 | N1: w=0.35711, R=5.6, U=18 | N2: w=0.239531, R=3.5, U=11 | N3: w=0.25612, R=4.2, U=16 | N4: w=0.154493, R=1.1, U=9 | N5: w=0.192436, R=1.4, U=8 | N6: w=0.221313, R=2.3, U=13 | N7: w=0.1, R=0.4, U=4 | N8: w=0.110776, R=0.6, U=6 | 
Switching scoring mode to Workload for the next segment.
Penalty lambdas: cap=2.61193, energy=0.472367, deadline=1.47704
=== End of Segment 76 ===
Best Penalized Fallback Score: 14892.3 with makespan 10236.2
Current Solution Score: 14352.4 with makespan 10647.6
Current mode: Workload
Average normalized violations: cap=0.0109026, energy=0, deadline=0.0123429
Current Weights, Rewards and Count of neighborhoods: N0: w=0.333577, R=4.8, U=14 | N1: w=0.34331, R=7, U=20 | N2: w=0.263126, R=4.7, U=15 | N3: w=0.258034, R=3.1, U=11 | N4: w=0.144812, R=0.6, U=4 | N5: w=0.187206, R=0.8, U=8 | N6: w=0.207996, R=3.7, U=13 | N7: w=0.1, R=0.8, U=8 | N8: w=0.107543, R=0.7, U=7 | 
Switching scoring mode to Makespan for the next segment.
Penalty lambdas: cap=2.61429, energy=0.467666, deadline=1.4805
=== End of Segment 77 ===
Best Penalized Fallback Score: 10862 with makespan 10647.6
Current Solution Score: 10546.5 with makespan 10292.5
Current mode: Makespan
Average normalized violations: cap=0.013927, energy=0, deadline=0.0156611
Current Weights, Rewards and Count of neighborhoods: N0: w=0.336361, R=6.3, U=21 | N1: w=0.345317, R=5.7, U=19 | N2: w=0.278188, R=3.9, U=19 | N3: w=0.265169, R=1.8, U=10 | N4: w=0.146368, R=0.8, U=6 | N5: w=0.161044, R=0.8, U=6 | N6: w=0.230982, R=1.3, U=7 | N7: w=0.1, R=0.3, U=3 | N8: w=0.10528, R=0.9, U=9 | 
No improvement in feasible makespan for 4 segments, applying perturbation. New makespan: 11043.2
Penalty lambdas: cap=2.62458, energy=0.463013, deadline=1.48891
=== End of Segment 78 ===
Best Penalized Fallback Score: 10471.4 with makespan 10091.9
Current Solution Score: 11557.4 with makespan 10485.1
Current mode: Makespan
Average normalized violations: cap=0.0182191, energy=0, deadline=0.0193745
Current Weights, Rewards and Count of neighborhoods: N0: w=0.325453, R=6.1, U=17 | N1: w=0.331722, R=5.5, U=15 | N2: w=0.256311, R=4.6, U=16 | N3: w=0.239618, R=4.7, U=17 | N4: w=0.142458, R=0.6, U=4 | N5: w=0.152731, R=2, U=8 | N6: w=0.217402, R=2.3, U=13 | N7: w=0.1, R=0.3, U=3 | N8: w=0.103696, R=0.7, U=7 | 
Penalty lambdas: cap=2.64624, energy=0.458406, deadline=1.50293
=== End of Segment 79 ===
Best Penalized Fallback Score: 10474.8 with makespan 10091.9
Current Solution Score: 11099.5 with makespan 10651.5
Current mode: Makespan
Average normalized violations: cap=0.0112963, energy=0, deadline=0.0147753
Current Weights, Rewards and Count of neighborhoods: N0: w=0.335464, R=4.8, U=14 | N1: w=0.342205, R=5.3, U=15 | N2: w=0.265668, R=4.3, U=19 | N3: w=0.250674, R=3.6, U=14 | N4: w=0.144721, R=0.8, U=6 | N5: w=0.181911, R=1.7, U=7 | N6: w=0.205258, R=2.7, U=13 | N7: w=0.1, R=0.3, U=3 | N8: w=0.102587, R=0.9, U=9 | 
Switching scoring mode to Workload for the next segment.
Penalty lambdas: cap=2.64967, energy=0.453845, deadline=1.51013
=== End of Segment 80 ===
Best Penalized Fallback Score: 14802.2 with makespan 10091.9
Current Solution Score: 15099.2 with makespan 10444.8
Current mode: Workload
Average normalized violations: cap=0.0030047, energy=0, deadline=0.00790253
Current Weights, Rewards and Count of neighborhoods: N0: w=0.337682, R=8.8, U=22 | N1: w=0.345544, R=6.3, U=17 | N2: w=0.253862, R=2.9, U=11 | N3: w=0.252615, R=3.3, U=11 | N4: w=0.141304, R=0.9, U=7 | N5: w=0.200195, R=2.7, U=15 | N6: w=0.205988, R=1.7, U=7 | N7: w=0.1, R=0.7, U=7 | N8: w=0.101811, R=0.3, U=3 | 
Switching scoring mode to Makespan for the next segment.
Penalty lambdas: cap=2.6312, energy=0.449329, deadline=1.50696
=== End of Segment 81 ===
Best Penalized Fallback Score: 11224.6 with makespan 11122.2
Current Solution Score: 10511.3 with makespan 10224.5
Current mode: Makespan
Average normalized violations: cap=0.0124071, energy=0, deadline=0.0151085
Current Weights, Rewards and Count of neighborhoods: N0: w=0.356377, R=4.5, U=15 | N1: w=0.353057, R=6.9, U=21 | N2: w=0.256794, R=2.6, U=10 | N3: w=0.26683, R=2, U=10 | N4: w=0.137484, R=0.6, U=6 | N5: w=0.194137, R=2.8, U=14 | N6: w=0.217049, R=3.1, U=13 | N7: w=0.1, R=0.5, U=5 | N8: w=0.101268, R=0.6, U=6 | 
No improvement in feasible makespan for 4 segments, applying perturbation. New makespan: 11039.3
Penalty lambdas: cap=2.63754, energy=0.444858, deadline=1.51468
=== End of Segment 82 ===
Best Penalized Fallback Score: 10498.1 with makespan 10227.9
Current Solution Score: 10715.3 with makespan 10468.1
Current mode: Makespan
Average normalized violations: cap=0.0185591, energy=0, deadline=0.0197321
Current Weights, Rewards and Count of neighborhoods: N0: w=0.339464, R=5, U=16 | N1: w=0.345711, R=7.3, U=19 | N2: w=0.257756, R=4.5, U=15 | N3: w=0.246781, R=3.7, U=13 | N4: w=0.126239, R=0.9, U=5 | N5: w=0.195896, R=3.4, U=12 | N6: w=0.223473, R=3.7, U=13 | N7: w=0.1, R=0.1, U=1 | N8: w=0.100887, R=0.6, U=6 | 
Penalty lambdas: cap=2.66021, energy=0.440432, deadline=1.52949
=== End of Segment 83 ===
Best Penalized Fallback Score: 10435.9 with makespan 10172.1
Current Solution Score: 10632.5 with makespan 10398.6
Current mode: Makespan
Average normalized violations: cap=0.00161563, energy=0, deadline=0.0141196
Current Weights, Rewards and Count of neighborhoods: N0: w=0.331375, R=4, U=12 | N1: w=0.357261, R=6.7, U=21 | N2: w=0.270429, R=3.4, U=20 | N3: w=0.258131, R=3.8, U=14 | N4: w=0.142367, R=0.7, U=5 | N5: w=0.222127, R=2.5, U=15 | N6: w=0.241816, R=1.7, U=9 | N7: w=0.1, R=0.4, U=4 | N8: w=0.100621, R=0, U=0 | 
Switching scoring mode to Workload for the next segment.
Penalty lambdas: cap=2.638, energy=0.436049, deadline=1.53581
=== End of Segment 84 ===
Best Penalized Fallback Score: 14755.5 with makespan 10172.1
Current Solution Score: 15286.9 with makespan 10706
Current mode: Workload
Average normalized violations: cap=0.00230452, energy=0, deadline=0.0117889
Current Weights, Rewards and Count of neighborhoods: N0: w=0.331962, R=4.1, U=11 | N1: w=0.345797, R=7.5, U=21 | N2: w=0.2403, R=2.1, U=11 | N3: w=0.262121, R=3.3, U=17 | N4: w=0.141657, R=0.8, U=8 | N5: w=0.205489, R=2.1, U=11 | N6: w=0.225938, R=1, U=8 | N7: w=0.1, R=0.7, U=7 | N8: w=0.100621, R=0.8, U=6 | 
Switching scoring mode to Makespan for the next segment.
Penalty lambdas: cap=2.61778, energy=0.431711, deadline=1.53856
=== End of Segment 85 ===
Best Penalized Fallback Score: 10872.5 with makespan 10761.4
Current Solution Score: 11558.8 with makespan 10200.9
Current mode: Makespan
Average normalized violations: cap=0.00678556, energy=0, deadline=0.0205292
Current Weights, Rewards and Count of neighborhoods: N0: w=0.344192, R=7, U=20 | N1: w=0.349201, R=6.9, U=19 | N2: w=0.225483, R=1.6, U=10 | N3: w=0.24172, R=2.7, U=17 | N4: w=0.12916, R=0.7, U=5 | N5: w=0.201115, R=1.8, U=10 | N6: w=0.195656, R=1.5, U=7 | N7: w=0.1, R=0.4, U=4 | N8: w=0.110435, R=0.8, U=8 | 
No improvement in feasible makespan for 4 segments, applying perturbation. New makespan: 10641.8
Penalty lambdas: cap=2.60938, energy=0.427415, deadline=1.55484
=== End of Segment 86 ===
Best Penalized Fallback Score: 10454.2 with makespan 10118.3
Current Solution Score: 11250.4 with makespan 10353.4
Current mode: Makespan
Average normalized violations: cap=0.0117676, energy=0, deadline=0.0195057
Current Weights, Rewards and Count of neighborhoods: N0: w=0.345934, R=6, U=18 | N1: w=0.353388, R=5.9, U=17 | N2: w=0.205838, R=4.3, U=15 | N3: w=0.216851, R=4.4, U=14 | N4: w=0.132412, R=0.8, U=6 | N5: w=0.19478, R=1.9, U=9 | N6: w=0.201245, R=2.8, U=14 | N7: w=0.1, R=0.4, U=4 | N8: w=0.107304, R=0.3, U=3 | 
Penalty lambdas: cap=2.614, energy=0.423162, deadline=1.56969
=== End of Segment 87 ===
Best Penalized Fallback Score: 10457.4 with makespan 10118.3
Current Solution Score: 10690.6 with makespan 10308
Current mode: Makespan
Average normalized violations: cap=0.00678238, energy=0, deadline=0.0201035
Current Weights, Rewards and Count of neighborhoods: N0: w=0.342154, R=6.7, U=21 | N1: w=0.351489, R=7.7, U=25 | N2: w=0.230087, R=2.2, U=12 | N3: w=0.246081, R=1.5, U=7 | N4: w=0.132688, R=2.4, U=14 | N5: w=0.19968, R=1.7, U=9 | N6: w=0.200872, R=0.8, U=4 | N7: w=0.1, R=0.6, U=6 | N8: w=0.105113, R=0.2, U=2 | 
Switching scoring mode to Workload for the next segment.
Penalty lambdas: cap=2.6056, energy=0.418952, deadline=1.58563
=== End of Segment 88 ===
Best Penalized Fallback Score: 14789.3 with makespan 10118.3
Current Solution Score: 14535.7 with makespan 10623.7
Current mode: Workload
Average normalized violations: cap=0.0060062, energy=0, deadline=0.012122
Current Weights, Rewards and Count of neighborhoods: N0: w=0.335222, R=7.1, U=19 | N1: w=0.338442, R=5.7, U=15 | N2: w=0.216061, R=2.3, U=7 | N3: w=0.236543, R=3.8, U=12 | N4: w=0.14431, R=1.5, U=9 | N5: w=0.196442, R=2.7, U=13 | N6: w=0.20061, R=2.3, U=11 | N7: w=0.1, R=0.5, U=5 | N8: w=0.103579, R=0.9, U=9 | 
Switching scoring mode to Makespan for the next segment.
Penalty lambdas: cap=2.59521, energy=0.414783, deadline=1.589
=== End of Segment 89 ===
Best Penalized Fallback Score: 10855.8 with makespan 10749.4
Current Solution Score: 10553.7 with makespan 10263.5
Current mode: Makespan
Average normalized violations: cap=0.00349899, energy=0, deadline=0.0184379
Current Weights, Rewards and Count of neighborhoods: N0: w=0.346761, R=4.2, U=16 | N1: w=0.35091, R=7.8, U=24 | N2: w=0.249814, R=1.6, U=8 | N3: w=0.26058, R=3.1, U=11 | N4: w=0.151017, R=2.3, U=11 | N5: w=0.199817, R=1.7, U=11 | N6: w=0.203154, R=2.1, U=9 | N7: w=0.1, R=0.5, U=5 | N8: w=0.102505, R=0.7, U=5 | 
No improvement in feasible makespan for 4 segments, applying perturbation. New makespan: 10662.3
Penalty lambdas: cap=2.5784, energy=0.410656, deadline=1.60246
=== End of Segment 90 ===
Best Penalized Fallback Score: 10413.5 with makespan 10181.9
Current Solution Score: 11136.7 with makespan 10626.5
Current mode: Makespan
Average normalized violations: cap=0.0360948, energy=0, deadline=0.0200089
Current Weights, Rewards and Count of neighborhoods: N0: w=0.321483, R=7.2, U=22 | N1: w=0.343137, R=3.7, U=9 | N2: w=0.23487, R=3.5, U=11 | N3: w=0.266951, R=3, U=14 | N4: w=0.168439, R=1.6, U=8 | N5: w=0.186236, R=1.9, U=9 | N6: w=0.212208, R=4.1, U=15 | N7: w=0.1, R=0.6, U=6 | N8: w=0.113754, R=0.6, U=6 | 
Penalty lambdas: cap=2.64656, energy=0.40657, deadline=1.61858
Segments per mode: Makespan 68, Workload 22
Attempt 1 cost: 15043.303467
Truck Routes:
Truck 1: 0 7 17 59 89 29 96 5 62 44 25 80 32 90 99 0 94 69 76 52 39 93 78 86 36 91 67 0 27 65 98 85 40 77 33 95 0 70 55 79 8 0 |Truck Time: 15043.303467|15043.303467,0.000000,0.000000,0.000000
Drone Routes:
Drone 1: 0 11 4 20 82 61 0 13 41 75 0 54 19 23 10 0 47 42 46 58 38 31 9 0 22 48 43 74 0 88 63 0 14 100 71 35 16 0 84 15 0 64 6 21 0 18 34 0 73 0 30 51 60 0 2 26 0 37 92 0 28 50 0 45 0 1 81 0 72 0 12 0 57 0 56 0 87 0 53 0 66 97 0 49 0 24 0 68 0 83 0 3 0 |Drone Time: 14993.446854|14993.446854,0.000000,0.000000,0.000000
Total validation: Makespan=15043.303467, Deadline violation=0.000000, Energy violation=0.000000, Capacity violation=0.000000

=== Best Across Attempts (top 1/1) ===
Initial Solution Cost: 15489.284972
Improved Solution Cost: 15043.303467
Worst Solution Cost (top-1): 15043.303467
Mean Solution Cost (top-1): 15043.303467
Mean elapsed Time: 196.322854 seconds
Truck Routes:
Truck 1: 0 7 17 59 89 29 96 5 62 44 25 80 32 90 99 0 94 69 76 52 39 93 78 86 36 91 67 0 27 65 98 85 40 77 33 95 0 70 55 79 8 0 |Truck Time: 15043.303467|15043.303467,0.000000,0.000000,0.000000
Drone Routes:
Drone 1: 0 11 4 20 82 61 0 13 41 75 0 54 19 23 10 0 47 42 46 58 38 31 9 0 22 48 43 74 0 88 63 0 14 100 71 35 16 0 84 15 0 64 6 21 0 18 34 0 73 0 30 51 60 0 2 26 0 37 92 0 28 50 0 45 0 1 81 0 72 0 12 0 57 0 56 0 87 0 53 0 66 97 0 49 0 24 0 68 0 83 0 3 0 |Drone Time: 14993.446854|14993.446854,0.000000,0.000000,0.000000
Total validation: Makespan=15043.303467, Deadline violation=0.000000, Energy violation=0.000000, Capacity violation=0.000000
Final solution feasibility: FEASIBLE
Best solution written to output_solution_best.txt
Iteration data written to output_mode_0.txt
